Archive member included to satisfy reference by file (symbol)

c:/st/gnu tools arm embedded/8 2019-q3-update/bin/../lib/gcc/arm-none-eabi/8.3.1/../../../../arm-none-eabi/lib/thumb/v7e-m+fp/hard\libc_nano.a(lib_a-ctype_.o)
                              _build/nrf52832_xxaa/nrf_log_str_formatter.c.o (_ctype_)
c:/st/gnu tools arm embedded/8 2019-q3-update/bin/../lib/gcc/arm-none-eabi/8.3.1/../../../../arm-none-eabi/lib/thumb/v7e-m+fp/hard\libc_nano.a(lib_a-exit.o)
                              c:/st/gnu tools arm embedded/8 2019-q3-update/bin/../lib/gcc/arm-none-eabi/8.3.1/../../../../arm-none-eabi/lib/thumb/v7e-m+fp/hard/crt0.o (exit)
c:/st/gnu tools arm embedded/8 2019-q3-update/bin/../lib/gcc/arm-none-eabi/8.3.1/../../../../arm-none-eabi/lib/thumb/v7e-m+fp/hard\libc_nano.a(lib_a-impure.o)
                              c:/st/gnu tools arm embedded/8 2019-q3-update/bin/../lib/gcc/arm-none-eabi/8.3.1/../../../../arm-none-eabi/lib/thumb/v7e-m+fp/hard\libc_nano.a(lib_a-exit.o) (_global_impure_ptr)
c:/st/gnu tools arm embedded/8 2019-q3-update/bin/../lib/gcc/arm-none-eabi/8.3.1/../../../../arm-none-eabi/lib/thumb/v7e-m+fp/hard\libc_nano.a(lib_a-init.o)
                              c:/st/gnu tools arm embedded/8 2019-q3-update/bin/../lib/gcc/arm-none-eabi/8.3.1/../../../../arm-none-eabi/lib/thumb/v7e-m+fp/hard/crt0.o (__libc_init_array)
c:/st/gnu tools arm embedded/8 2019-q3-update/bin/../lib/gcc/arm-none-eabi/8.3.1/../../../../arm-none-eabi/lib/thumb/v7e-m+fp/hard\libc_nano.a(lib_a-memcpy-stub.o)
                              _build/nrf52832_xxaa/nrf_log_frontend.c.o (memcpy)
c:/st/gnu tools arm embedded/8 2019-q3-update/bin/../lib/gcc/arm-none-eabi/8.3.1/../../../../arm-none-eabi/lib/thumb/v7e-m+fp/hard\libc_nano.a(lib_a-memset.o)
                              c:/st/gnu tools arm embedded/8 2019-q3-update/bin/../lib/gcc/arm-none-eabi/8.3.1/../../../../arm-none-eabi/lib/thumb/v7e-m+fp/hard/crt0.o (memset)
c:/st/gnu tools arm embedded/8 2019-q3-update/bin/../lib/gcc/arm-none-eabi/8.3.1/../../../../arm-none-eabi/lib/thumb/v7e-m+fp/hard\libc_nano.a(lib_a-strcpy.o)
                              _build/nrf52832_xxaa/SEGGER_RTT.c.o (strcpy)
c:/st/gnu tools arm embedded/8 2019-q3-update/bin/../lib/gcc/arm-none-eabi/8.3.1/../../../../arm-none-eabi/lib/thumb/v7e-m+fp/hard\libc_nano.a(lib_a-strlen.o)
                              _build/nrf52832_xxaa/nrf_log_frontend.c.o (strlen)
c:/st/gnu tools arm embedded/8 2019-q3-update/bin/../lib/gcc/arm-none-eabi/8.3.1/../../../../arm-none-eabi/lib/thumb/v7e-m+fp/hard\libnosys.a(_exit.o)
                              c:/st/gnu tools arm embedded/8 2019-q3-update/bin/../lib/gcc/arm-none-eabi/8.3.1/../../../../arm-none-eabi/lib/thumb/v7e-m+fp/hard\libc_nano.a(lib_a-exit.o) (_exit)

Allocating common symbols
Common symbol       size              file

m_ack_pl_container_entry_point_pr_pipe
                    0x20              _build/nrf52832_xxaa/nrf_esb.c.o
nrf_drv_uart_use_easy_dma
                    0x1               _build/nrf52832_xxaa/nrf_drv_uart.c.o
rx_payload          0x25              _build/nrf52832_xxaa/main.c.o
m_ack_pl_container  0x60              _build/nrf52832_xxaa/nrf_esb.c.o
_SEGGER_RTT         0x78              _build/nrf52832_xxaa/SEGGER_RTT.c.o
led_nr              0x1               _build/nrf52832_xxaa/main.c.o

Discarded input sections

 .text          0x00000000        0x0 c:/st/gnu tools arm embedded/8 2019-q3-update/bin/../lib/gcc/arm-none-eabi/8.3.1/thumb/v7e-m+fp/hard/crti.o
 .data          0x00000000        0x0 c:/st/gnu tools arm embedded/8 2019-q3-update/bin/../lib/gcc/arm-none-eabi/8.3.1/thumb/v7e-m+fp/hard/crti.o
 .bss           0x00000000        0x0 c:/st/gnu tools arm embedded/8 2019-q3-update/bin/../lib/gcc/arm-none-eabi/8.3.1/thumb/v7e-m+fp/hard/crti.o
 .data          0x00000000        0x4 c:/st/gnu tools arm embedded/8 2019-q3-update/bin/../lib/gcc/arm-none-eabi/8.3.1/thumb/v7e-m+fp/hard/crtbegin.o
 .data          0x00000000        0x0 c:/st/gnu tools arm embedded/8 2019-q3-update/bin/../lib/gcc/arm-none-eabi/8.3.1/../../../../arm-none-eabi/lib/thumb/v7e-m+fp/hard/crt0.o
 .bss           0x00000000        0x0 c:/st/gnu tools arm embedded/8 2019-q3-update/bin/../lib/gcc/arm-none-eabi/8.3.1/../../../../arm-none-eabi/lib/thumb/v7e-m+fp/hard/crt0.o
 .ARM.extab     0x00000000        0x0 c:/st/gnu tools arm embedded/8 2019-q3-update/bin/../lib/gcc/arm-none-eabi/8.3.1/../../../../arm-none-eabi/lib/thumb/v7e-m+fp/hard/crt0.o
 .data          0x00000000        0x0 _build/nrf52832_xxaa/gcc_startup_nrf52.S.o
 .bss           0x00000000        0x0 _build/nrf52832_xxaa/gcc_startup_nrf52.S.o
 .group         0x00000000        0xc _build/nrf52832_xxaa/nrf_log_backend_rtt.c.o
 .group         0x00000000        0xc _build/nrf52832_xxaa/nrf_log_backend_rtt.c.o
 .group         0x00000000        0xc _build/nrf52832_xxaa/nrf_log_backend_rtt.c.o
 .group         0x00000000        0xc _build/nrf52832_xxaa/nrf_log_backend_rtt.c.o
[...]
Memory Configuration

Name             Origin             Length             Attributes
FLASH            0x00000000         0x00080000         xr
RAM              0x20000000         0x00010000         xrw
*default*        0x00000000         0xffffffff

Linker script and memory map


.text           0x00000000     0x3b88
 *(.isr_vector)
 .isr_vector    0x00000000      0x200 _build/nrf52832_xxaa/gcc_startup_nrf52.S.o
                0x00000000                __isr_vector
 *(.text*)
 .text          0x00000200       0x40 c:/st/gnu tools arm embedded/8 2019-q3-update/bin/../lib/gcc/arm-none-eabi/8.3.1/thumb/v7e-m+fp/hard/crtbegin.o
 .text          0x00000240       0x74 c:/st/gnu tools arm embedded/8 2019-q3-update/bin/../lib/gcc/arm-none-eabi/8.3.1/../../../../arm-none-eabi/lib/thumb/v7e-m+fp/hard/crt0.o
                0x00000240                _start
                0x00000240                _mainCRTStartup
 .text          0x000002b4       0x3c _build/nrf52832_xxaa/gcc_startup_nrf52.S.o
                0x000002b4                Reset_Handler
                0x000002dc                NMI_Handler
                0x000002de                HardFault_Handler
                0x000002e0                MemoryManagement_Handler
                0x000002e2                BusFault_Handler
                0x000002e4                UsageFault_Handler
                0x000002e6                SVC_Handler
                0x000002e8                DebugMon_Handler
                0x000002ea                PendSV_Handler
                0x000002ec                SysTick_Handler
                0x000002ee                PDM_IRQHandler
                0x000002ee                RTC0_IRQHandler
                0x000002ee                QDEC_IRQHandler
                0x000002ee                FPU_IRQHandler
                0x000002ee                SPIM0_SPIS0_TWIM0_TWIS0_SPI0_TWI0_IRQHandler
                0x000002ee                GPIOTE_IRQHandler
                0x000002ee                TEMP_IRQHandler
                0x000002ee                POWER_CLOCK_IRQHandler
                0x000002ee                I2S_IRQHandler
                0x000002ee                SWI4_EGU4_IRQHandler
                0x000002ee                TIMER0_IRQHandler
                0x000002ee                PWM1_IRQHandler
                0x000002ee                TIMER1_IRQHandler
                0x000002ee                PWM2_IRQHandler
                0x000002ee                ECB_IRQHandler
                0x000002ee                SPIM1_SPIS1_TWIM1_TWIS1_SPI1_TWI1_IRQHandler
                0x000002ee                Default_Handler
                0x000002ee                SAADC_IRQHandler
                0x000002ee                CCM_AAR_IRQHandler
                0x000002ee                WDT_IRQHandler
                0x000002ee                TIMER4_IRQHandler
                0x000002ee                SWI5_EGU5_IRQHandler
                0x000002ee                RNG_IRQHandler
                0x000002ee                RTC2_IRQHandler
                0x000002ee                PWM0_IRQHandler
                0x000002ee                SWI3_EGU3_IRQHandler
                0x000002ee                RTC1_IRQHandler
                0x000002ee                SWI1_EGU1_IRQHandler
                0x000002ee                SPIM2_SPIS2_SPI2_IRQHandler
                0x000002ee                NFCT_IRQHandler
                0x000002ee                SWI2_EGU2_IRQHandler
                0x000002ee                MWU_IRQHandler
                0x000002ee                TIMER2_IRQHandler
                0x000002ee                COMP_LPCOMP_IRQHandler
 .text.nrf_log_backend_serial_put
                0x000002f0       0xd4 _build/nrf52832_xxaa/nrf_log_backend_serial.c.o
                0x000002f0                nrf_log_backend_serial_put
 .text.nrf_log_backend_uart_flush
                0x000003c4        0x4 _build/nrf52832_xxaa/nrf_log_backend_uart.c.o
 .text.nrf_log_backend_uart_put
                0x000003c8       0x20 _build/nrf52832_xxaa/nrf_log_backend_uart.c.o
 .text.serial_tx
                0x000003e8       0x4c _build/nrf52832_xxaa/nrf_log_backend_uart.c.o
 .text.nrf_log_backend_uart_panic_set
                0x00000434       0x64 _build/nrf52832_xxaa/nrf_log_backend_uart.c.o
 .text.nrf_log_backend_uart_init
                0x00000498       0x48 _build/nrf52832_xxaa/nrf_log_backend_uart.c.o
                0x00000498                nrf_log_backend_uart_init
 .text.nrf_log_default_backends_init
                0x000004e0       0x20 _build/nrf52832_xxaa/nrf_log_default_backends.c.o
                0x000004e0                nrf_log_default_backends_init
 .text.nrf_log_init
                0x00000500       0x28 _build/nrf52832_xxaa/nrf_log_frontend.c.o
                0x00000500                nrf_log_init
 .text.nrf_log_module_name_get
                0x00000528       0x58 _build/nrf52832_xxaa/nrf_log_frontend.c.o
                0x00000528                nrf_log_module_name_get
 .text.nrf_log_color_id_get
                0x00000580       0x2c _build/nrf52832_xxaa/nrf_log_frontend.c.o
                0x00000580                nrf_log_color_id_get
 .text.nrf_log_frontend_dequeue
                0x000005ac      0x24c _build/nrf52832_xxaa/nrf_log_frontend.c.o
                0x000005ac                nrf_log_frontend_dequeue
 .text.nrf_log_frontend_std_0
                0x000007f8      0x190 _build/nrf52832_xxaa/nrf_log_frontend.c.o
                0x000007f8                nrf_log_frontend_std_0
 .text.nrf_log_backend_add
                0x00000988       0x74 _build/nrf52832_xxaa/nrf_log_frontend.c.o
                0x00000988                nrf_log_backend_add
 .text.nrf_log_panic
                0x000009fc       0x28 _build/nrf52832_xxaa/nrf_log_frontend.c.o
                0x000009fc                nrf_log_panic
 .text.prefix_process
                0x00000a24       0x80 _build/nrf52832_xxaa/nrf_log_str_formatter.c.o
 .text.nrf_log_std_entry_process
                0x00000aa4       0xec _build/nrf52832_xxaa/nrf_log_str_formatter.c.o
                0x00000aa4                nrf_log_std_entry_process
 .text.nrf_log_hexdump_entry_process
                0x00000b90       0xfc _build/nrf52832_xxaa/nrf_log_str_formatter.c.o
                0x00000b90                nrf_log_hexdump_entry_process
 .text.bsp_board_init
                0x00000c8c       0x5c _build/nrf52832_xxaa/boards.c.o
                0x00000c8c                bsp_board_init
 .text.app_error_handler_bare
                0x00000ce8       0x20 _build/nrf52832_xxaa/app_error.c.o
                0x00000ce8                app_error_handler_bare
 .text.app_error_fault_handler
                0x00000d08       0x70 _build/nrf52832_xxaa/app_error_weak.c.o
                0x00000d08                app_error_fault_handler
 .text.app_util_critical_region_enter
                0x00000d78       0x10 _build/nrf52832_xxaa/app_util_platform.c.o
                0x00000d78                app_util_critical_region_enter
 .text.app_util_critical_region_exit
                0x00000d88       0x14 _build/nrf52832_xxaa/app_util_platform.c.o
                0x00000d88                app_util_critical_region_exit
 .text.nrf_atomic_u32_fetch_store
                0x00000d9c       0x14 _build/nrf52832_xxaa/nrf_atomic.c.o
                0x00000d9c                nrf_atomic_u32_fetch_store
 .text.nrf_atomic_u32_add
                0x00000db0       0x18 _build/nrf52832_xxaa/nrf_atomic.c.o
                0x00000db0                nrf_atomic_u32_add
 .text.nrf_atomic_u32_sub
                0x00000dc8       0x18 _build/nrf52832_xxaa/nrf_atomic.c.o
                0x00000dc8                nrf_atomic_u32_sub
 .text.nrf_atomic_flag_set
                0x00000de0       0x18 _build/nrf52832_xxaa/nrf_atomic.c.o
                0x00000de0                nrf_atomic_flag_set
 .text.nrf_atomic_flag_clear_fetch
                0x00000df8       0x18 _build/nrf52832_xxaa/nrf_atomic.c.o
                0x00000df8                nrf_atomic_flag_clear_fetch
 .text.nrf_balloc_init
                0x00000e10       0x38 _build/nrf52832_xxaa/nrf_balloc.c.o
                0x00000e10                nrf_balloc_init
 .text.nrf_balloc_alloc
                0x00000e48       0x4c _build/nrf52832_xxaa/nrf_balloc.c.o
                0x00000e48                nrf_balloc_alloc
 .text.nrf_balloc_free
                0x00000e94       0x2c _build/nrf52832_xxaa/nrf_balloc.c.o
                0x00000e94                nrf_balloc_free
 .text.nrf_fprintf_buffer_flush
                0x00000ec0       0x18 _build/nrf52832_xxaa/nrf_fprintf.c.o
                0x00000ec0                nrf_fprintf_buffer_flush
 .text.nrf_fprintf
                0x00000ed8       0x20 _build/nrf52832_xxaa/nrf_fprintf.c.o
                0x00000ed8                nrf_fprintf
 .text.unsigned_print
                0x00000ef8      0x158 _build/nrf52832_xxaa/nrf_fprintf_format.c.o
 .text.nrf_fprintf_fmt
                0x00001050      0x734 _build/nrf52832_xxaa/nrf_fprintf_format.c.o
                0x00001050                nrf_fprintf_fmt
 .text.nrf_memobj_pool_init
                0x00001784        0x4 _build/nrf52832_xxaa/nrf_memobj.c.o
                0x00001784                nrf_memobj_pool_init
 .text.nrf_memobj_alloc
                0x00001788       0x98 _build/nrf52832_xxaa/nrf_memobj.c.o
                0x00001788                nrf_memobj_alloc
 .text.nrf_memobj_get
                0x00001820        0x8 _build/nrf52832_xxaa/nrf_memobj.c.o
                0x00001820                nrf_memobj_get
 .text.nrf_memobj_put
                0x00001828       0x58 _build/nrf52832_xxaa/nrf_memobj.c.o
                0x00001828                nrf_memobj_put
 .text.nrf_memobj_write
                0x00001880       0x68 _build/nrf52832_xxaa/nrf_memobj.c.o
                0x00001880                nrf_memobj_write
 .text.nrf_memobj_read
                0x000018e8       0x68 _build/nrf52832_xxaa/nrf_memobj.c.o
                0x000018e8                nrf_memobj_read
 .text.nrf_ringbuf_init
                0x00001950       0x1c _build/nrf52832_xxaa/nrf_ringbuf.c.o
                0x00001950                nrf_ringbuf_init
 .text.uarte_evt_handler
                0x0000196c       0x34 _build/nrf52832_xxaa/nrf_drv_uart.c.o
 .text.uart_evt_handler
                0x000019a0       0x34 _build/nrf52832_xxaa/nrf_drv_uart.c.o
 .text.nrf_drv_uart_init
                0x000019d4       0x7c _build/nrf52832_xxaa/nrf_drv_uart.c.o
                0x000019d4                nrf_drv_uart_init
 .text.UARTE0_UART0_IRQHandler
                0x00001a50        0xc _build/nrf52832_xxaa/nrfx_prs.c.o
                0x00001a50                UARTE0_UART0_IRQHandler
 .text.nrfx_prs_acquire
                0x00001a5c       0x3c _build/nrf52832_xxaa/nrfx_prs.c.o
                0x00001a5c                nrfx_prs_acquire
 .text.nrfx_prs_release
                0x00001a98       0x18 _build/nrf52832_xxaa/nrfx_prs.c.o
                0x00001a98                nrfx_prs_release
 .text.nrfx_uart_0_irq_handler
                0x00001ab0      0x1c4 _build/nrf52832_xxaa/nrfx_uart.c.o
                0x00001ab0                nrfx_uart_0_irq_handler
 .text.nrfx_uart_init
                0x00001c74      0x198 _build/nrf52832_xxaa/nrfx_uart.c.o
                0x00001c74                nrfx_uart_init
 .text.nrfx_uart_uninit
                0x00001e0c       0xd8 _build/nrf52832_xxaa/nrfx_uart.c.o
                0x00001e0c                nrfx_uart_uninit
 .text.nrfx_uart_tx
                0x00001ee4       0xd0 _build/nrf52832_xxaa/nrfx_uart.c.o
                0x00001ee4                nrfx_uart_tx
 .text.nrfx_uarte_0_irq_handler
                0x00001fb4      0x160 _build/nrf52832_xxaa/nrfx_uarte.c.o
                0x00001fb4                nrfx_uarte_0_irq_handler
 .text.nrfx_uarte_init
                0x00002114      0x1d0 _build/nrf52832_xxaa/nrfx_uarte.c.o
                0x00002114                nrfx_uarte_init
 .text.nrfx_uarte_uninit
                0x000022e4      0x13c _build/nrf52832_xxaa/nrfx_uarte.c.o
                0x000022e4                nrfx_uarte_uninit
 .text.nrfx_uarte_tx
                0x00002420       0xb4 _build/nrf52832_xxaa/nrfx_uarte.c.o
                0x00002420                nrfx_uarte_tx
 .text.uart_error_handle
                0x000024d4       0x14 _build/nrf52832_xxaa/main.c.o
                0x000024d4                uart_error_handle
 .text.nrf_esb_event_handler
                0x000024e8       0x80 _build/nrf52832_xxaa/main.c.o
                0x000024e8                nrf_esb_event_handler
 .text.esb_init
                0x00002568       0x7c _build/nrf52832_xxaa/main.c.o
                0x00002568                esb_init
 .text.startup.main
                0x000025e4       0xcc _build/nrf52832_xxaa/main.c.o
                0x000025e4                main
 .text.SystemInit
                0x000026b0      0x318 _build/nrf52832_xxaa/system_nrf52.c.o
                0x000026b0                SystemInit
 .text.update_rf_payload_format_esb_dpl
                0x000029c8       0x2c _build/nrf52832_xxaa/nrf_esb.c.o
 .text.update_rf_payload_format_esb
                0x000029f4       0x2c _build/nrf52832_xxaa/nrf_esb.c.o
 .text.on_radio_disabled_rx_ack
                0x00002a20       0x50 _build/nrf52832_xxaa/nrf_esb.c.o
 .text.apply_address_workarounds.part.4
                0x00002a70       0x78 _build/nrf52832_xxaa/nrf_esb.c.o
 .text.rx_fifo_push_rfbuf
                0x00002ae8       0x9c _build/nrf52832_xxaa/nrf_esb.c.o
 .text.on_radio_disabled_rx
                0x00002b84      0x2f0 _build/nrf52832_xxaa/nrf_esb.c.o
 .text.RADIO_IRQHandler
                0x00002e74       0x54 _build/nrf52832_xxaa/nrf_esb.c.o
                0x00002e74                RADIO_IRQHandler
 .text.nrf_esb_init
                0x00002ec8      0x3a4 _build/nrf52832_xxaa/nrf_esb.c.o
                0x00002ec8                nrf_esb_init
 .text.SWI0_EGU0_IRQHandler
                0x0000326c       0x74 _build/nrf52832_xxaa/nrf_esb.c.o
                0x0000326c                SWI0_EGU0_IRQHandler
 .text.nrf_esb_read_rx_payload
                0x000032e0       0x78 _build/nrf52832_xxaa/nrf_esb.c.o
                0x000032e0                nrf_esb_read_rx_payload
 .text.nrf_esb_start_rx
                0x00003358       0x90 _build/nrf52832_xxaa/nrf_esb.c.o
                0x00003358                nrf_esb_start_rx
 .text.nrf_esb_set_base_address_0
                0x000033e8       0xe8 _build/nrf52832_xxaa/nrf_esb.c.o
                0x000033e8                nrf_esb_set_base_address_0
 .text.nrf_esb_set_base_address_1
                0x000034d0      0x128 _build/nrf52832_xxaa/nrf_esb.c.o
                0x000034d0                nrf_esb_set_base_address_1
 .text.nrf_esb_set_prefixes
                0x000035f8      0x164 _build/nrf52832_xxaa/nrf_esb.c.o
                0x000035f8                nrf_esb_set_prefixes
 .text.TIMER3_IRQHandler
                0x0000375c       0x2c _build/nrf52832_xxaa/nrf_esb.c.o
                0x0000375c                TIMER3_IRQHandler
 .text.exit     0x00003788       0x28 c:/st/gnu tools arm embedded/8 2019-q3-update/bin/../lib/gcc/arm-none-eabi/8.3.1/../../../../arm-none-eabi/lib/thumb/v7e-m+fp/hard\libc_nano.a(lib_a-exit.o)
                0x00003788                exit
 .text.__libc_init_array
                0x000037b0       0x48 c:/st/gnu tools arm embedded/8 2019-q3-update/bin/../lib/gcc/arm-none-eabi/8.3.1/../../../../arm-none-eabi/lib/thumb/v7e-m+fp/hard\libc_nano.a(lib_a-init.o)
                0x000037b0                __libc_init_array
 .text.memcpy   0x000037f8       0x1c c:/st/gnu tools arm embedded/8 2019-q3-update/bin/../lib/gcc/arm-none-eabi/8.3.1/../../../../arm-none-eabi/lib/thumb/v7e-m+fp/hard\libc_nano.a(lib_a-memcpy-stub.o)
                0x000037f8                memcpy
 .text.memset   0x00003814       0x10 c:/st/gnu tools arm embedded/8 2019-q3-update/bin/../lib/gcc/arm-none-eabi/8.3.1/../../../../arm-none-eabi/lib/thumb/v7e-m+fp/hard\libc_nano.a(lib_a-memset.o)
                0x00003814                memset
 .text          0x00003824       0x10 c:/st/gnu tools arm embedded/8 2019-q3-update/bin/../lib/gcc/arm-none-eabi/8.3.1/../../../../arm-none-eabi/lib/thumb/v7e-m+fp/hard\libc_nano.a(lib_a-strlen.o)
                0x00003824                strlen
 .text._exit    0x00003834        0x4 c:/st/gnu tools arm embedded/8 2019-q3-update/bin/../lib/gcc/arm-none-eabi/8.3.1/../../../../arm-none-eabi/lib/thumb/v7e-m+fp/hard\libnosys.a(_exit.o)
                0x00003834                _exit
 *(.init)
 .init          0x00003838        0x4 c:/st/gnu tools arm embedded/8 2019-q3-update/bin/../lib/gcc/arm-none-eabi/8.3.1/thumb/v7e-m+fp/hard/crti.o
                0x00003838                _init
 .init          0x0000383c        0x8 c:/st/gnu tools arm embedded/8 2019-q3-update/bin/../lib/gcc/arm-none-eabi/8.3.1/thumb/v7e-m+fp/hard/crtn.o
 *(.fini)
 .fini          0x00003844        0x4 c:/st/gnu tools arm embedded/8 2019-q3-update/bin/../lib/gcc/arm-none-eabi/8.3.1/thumb/v7e-m+fp/hard/crti.o
                0x00003844                _fini
 .fini          0x00003848        0x8 c:/st/gnu tools arm embedded/8 2019-q3-update/bin/../lib/gcc/arm-none-eabi/8.3.1/thumb/v7e-m+fp/hard/crtn.o
 *crtbegin.o(.ctors)
 *crtbegin?.o(.ctors)
 *(EXCLUDE_FILE(*crtend.o *crtend?.o) .ctors)
 *(SORT_BY_NAME(.ctors.*))
 *(.ctors)
 *crtbegin.o(.dtors)
 *crtbegin?.o(.dtors)
 *(EXCLUDE_FILE(*crtend.o *crtend?.o) .dtors)
 *(SORT_BY_NAME(.dtors.*))
 *(.dtors)
 *(.rodata*)
 .rodata        0x00003850       0x20 _build/nrf52832_xxaa/nrf_log_backend_uart.c.o
 .rodata.nrf_log_backend_uart_api
                0x00003870        0xc _build/nrf52832_xxaa/nrf_log_backend_uart.c.o
                0x00003870                nrf_log_backend_uart_api
 .rodata.str1.4
                0x0000387c       0x11 _build/nrf52832_xxaa/nrf_log_default_backends.c.o
 *fill*         0x0000388d        0x3 
 .rodata.m_log_push_ringbuf
                0x00003890        0xc _build/nrf52832_xxaa/nrf_log_frontend.c.o
 .rodata.nrf_log_frontend_dequeue.str1.4
                0x0000389c       0x11 _build/nrf52832_xxaa/nrf_log_frontend.c.o
 *fill*         0x000038ad        0x3 
 .rodata.str1.4
                0x000038b0        0x4 _build/nrf52832_xxaa/nrf_log_frontend.c.o
 .rodata.m_colors
                0x000038b4       0x24 _build/nrf52832_xxaa/nrf_log_str_formatter.c.o
 .rodata.nrf_log_hexdump_entry_process.str1.4
                0x000038d8       0x13 _build/nrf52832_xxaa/nrf_log_str_formatter.c.o
                                 0x16 (size before relaxing)
 *fill*         0x000038eb        0x1 
 .rodata.nrf_log_std_entry_process.str1.4
                0x000038ec        0x3 _build/nrf52832_xxaa/nrf_log_str_formatter.c.o
 *fill*         0x000038ef        0x1 
 .rodata.prefix_process.str1.4
                0x000038f0       0x36 _build/nrf52832_xxaa/nrf_log_str_formatter.c.o
 *fill*         0x00003926        0x2 
 .rodata.severity_names
                0x00003928       0x14 _build/nrf52832_xxaa/nrf_log_str_formatter.c.o
 .rodata.str1.4
                0x0000393c       0x56 _build/nrf52832_xxaa/nrf_log_str_formatter.c.o
 *fill*         0x00003992        0x2 
 .rodata.app_error_fault_handler.str1.4
                0x00003994       0x19 _build/nrf52832_xxaa/app_error_weak.c.o
 *fill*         0x000039ad        0x3 
 .rodata._aV2C.7568
                0x000039b0       0x10 _build/nrf52832_xxaa/nrf_fprintf_format.c.o
 .rodata.str1.4
                0x000039c0        0x4 _build/nrf52832_xxaa/nrfx_prs.c.o
 .rodata.str1.4
                0x000039c4        0x5 _build/nrf52832_xxaa/nrfx_uart.c.o
 *fill*         0x000039c9        0x3 
 .rodata.str1.4
                0x000039cc        0x6 _build/nrf52832_xxaa/nrfx_uarte.c.o
 *fill*         0x000039d2        0x2 
 .rodata        0x000039d4       0x40 _build/nrf52832_xxaa/main.c.o
 .rodata.main.str1.4
                0x00003a14       0x2e _build/nrf52832_xxaa/main.c.o
 *fill*         0x00003a42        0x2 
 .rodata.nrf_esb_event_handler.str1.4
                0x00003a44       0x38 _build/nrf52832_xxaa/main.c.o
                                 0x36 (size before relaxing)
 .rodata._ctype_
                0x00003a7c      0x101 c:/st/gnu tools arm embedded/8 2019-q3-update/bin/../lib/gcc/arm-none-eabi/8.3.1/../../../../arm-none-eabi/lib/thumb/v7e-m+fp/hard\libc_nano.a(lib_a-ctype_.o)
                0x00003a7c                _ctype_
 *fill*         0x00003b7d        0x3 
 .rodata._global_impure_ptr
                0x00003b80        0x4 c:/st/gnu tools arm embedded/8 2019-q3-update/bin/../lib/gcc/arm-none-eabi/8.3.1/../../../../arm-none-eabi/lib/thumb/v7e-m+fp/hard\libc_nano.a(lib_a-impure.o)
                0x00003b80                _global_impure_ptr
 *(.eh_frame*)
 .eh_frame      0x00003b84        0x0 c:/st/gnu tools arm embedded/8 2019-q3-update/bin/../lib/gcc/arm-none-eabi/8.3.1/thumb/v7e-m+fp/hard/crtbegin.o
 .eh_frame      0x00003b84        0x4 c:/st/gnu tools arm embedded/8 2019-q3-update/bin/../lib/gcc/arm-none-eabi/8.3.1/thumb/v7e-m+fp/hard/crtend.o

.glue_7         0x00003b88        0x0
 .glue_7        0x00003b88        0x0 linker stubs

.glue_7t        0x00003b88        0x0
 .glue_7t       0x00003b88        0x0 linker stubs

.vfp11_veneer   0x00003b88        0x0
 .vfp11_veneer  0x00003b88        0x0 linker stubs

.v4_bx          0x00003b88        0x0
 .v4_bx         0x00003b88        0x0 linker stubs

.iplt           0x00003b88        0x0
 .iplt          0x00003b88        0x0 c:/st/gnu tools arm embedded/8 2019-q3-update/bin/../lib/gcc/arm-none-eabi/8.3.1/thumb/v7e-m+fp/hard/crtbegin.o

.mem_section_dummy_rom

.log_const_data
                0x00003b88       0x20
                0x00003b88                PROVIDE (__start_log_const_data = .)
 *(SORT_BY_NAME(.log_const_data*))
 .log_const_data_PRS
                0x00003b88        0x8 _build/nrf52832_xxaa/nrfx_prs.c.o
                0x00003b88                m_nrf_log_PRS_logs_data_const
 .log_const_data_UART
                0x00003b90        0x8 _build/nrf52832_xxaa/nrfx_uart.c.o
                0x00003b90                m_nrf_log_UART_logs_data_const
 .log_const_data_UARTE
                0x00003b98        0x8 _build/nrf52832_xxaa/nrfx_uarte.c.o
                0x00003b98                m_nrf_log_UARTE_logs_data_const
 .log_const_data_app
                0x00003ba0        0x8 _build/nrf52832_xxaa/nrf_log_frontend.c.o
                0x00003ba0                m_nrf_log_app_logs_data_const
                0x00003ba8                PROVIDE (__stop_log_const_data = .)

.log_backends   0x00003ba8       0x10
                [!provide]                PROVIDE (__start_log_backends = .)
 *(SORT_BY_NAME(.log_backends*))
 .log_backends  0x00003ba8       0x10 _build/nrf52832_xxaa/nrf_log_default_backends.c.o
                [!provide]                PROVIDE (__stop_log_backends = .)

.nrf_balloc     0x00003bb8       0x14
                [!provide]                PROVIDE (__start_nrf_balloc = .)
 *(.nrf_balloc)
 .nrf_balloc    0x00003bb8       0x14 _build/nrf52832_xxaa/nrf_log_frontend.c.o
                0x00003bb8                log_mempool
                [!provide]                PROVIDE (__stop_nrf_balloc = .)

.ARM.extab
 *(.ARM.extab* .gnu.linkonce.armextab.*)
                0x00003bcc                __exidx_start = .

.ARM.exidx      0x00003bcc        0x8
 *(.ARM.exidx* .gnu.linkonce.armexidx.*)
 .ARM.exidx     0x00003bcc        0x8 c:/st/gnu tools arm embedded/8 2019-q3-update/bin/../lib/gcc/arm-none-eabi/8.3.1/../../../../arm-none-eabi/lib/thumb/v7e-m+fp/hard/crt0.o
                0x00003bd4                __exidx_end = .

.rel.dyn        0x00003bd4        0x0
 .rel.iplt      0x00003bd4        0x0 c:/st/gnu tools arm embedded/8 2019-q3-update/bin/../lib/gcc/arm-none-eabi/8.3.1/thumb/v7e-m+fp/hard/crtbegin.o
                0x00003bd4                . = ALIGN (0x4)
                0x00003bd4                __etext = .

.data           0x20000000       0xa8 load address 0x00003bd4
                0x20000000                __data_start__ = .
 *(vtable)
 *(.data*)
 .data.m_uart   0x20000000       0x14 _build/nrf52832_xxaa/nrf_log_backend_uart.c.o
                0x20000000                m_uart
 .data.log_backend_cb_uart_log_backend
                0x20000014        0x8 _build/nrf52832_xxaa/nrf_log_default_backends.c.o
 .data.tx_data  0x2000001c        0x8 _build/nrf52832_xxaa/main.c.o
                0x2000001c                tx_data
 .data.SystemCoreClock
                0x20000024        0x4 _build/nrf52832_xxaa/system_nrf52.c.o
                0x20000024                SystemCoreClock
 .data.m_esb_addr
                0x20000028       0x14 _build/nrf52832_xxaa/nrf_esb.c.o
 .data.m_radio_shorts_common
                0x2000003c        0x4 _build/nrf52832_xxaa/nrf_esb.c.o
 .data.impure_data
                0x20000040       0x60 c:/st/gnu tools arm embedded/8 2019-q3-update/bin/../lib/gcc/arm-none-eabi/8.3.1/../../../../arm-none-eabi/lib/thumb/v7e-m+fp/hard\libc_nano.a(lib_a-impure.o)
                0x200000a0                . = ALIGN (0x4)
                0x200000a0                PROVIDE (__preinit_array_start = .)
 *(.preinit_array)
                0x200000a0                PROVIDE (__preinit_array_end = .)
                0x200000a0                . = ALIGN (0x4)
                0x200000a0                PROVIDE (__init_array_start = .)
 *(SORT_BY_NAME(.init_array.*))
 *(.init_array)
 .init_array    0x200000a0        0x4 c:/st/gnu tools arm embedded/8 2019-q3-update/bin/../lib/gcc/arm-none-eabi/8.3.1/thumb/v7e-m+fp/hard/crtbegin.o
                0x200000a4                PROVIDE (__init_array_end = .)
                0x200000a4                . = ALIGN (0x4)
                [!provide]                PROVIDE (__fini_array_start = .)
 *(SORT_BY_NAME(.fini_array.*))
 *(.fini_array)
 .fini_array    0x200000a4        0x4 c:/st/gnu tools arm embedded/8 2019-q3-update/bin/../lib/gcc/arm-none-eabi/8.3.1/thumb/v7e-m+fp/hard/crtbegin.o
                [!provide]                PROVIDE (__fini_array_end = .)
 *(.jcr*)
                0x200000a8                . = ALIGN (0x4)
                0x200000a8                __data_end__ = .
LOAD c:/st/gnu tools arm embedded/8 2019-q3-update/bin/../lib/gcc/arm-none-eabi/8.3.1/thumb/v7e-m+fp/hard/crti.o
LOAD c:/st/gnu tools arm embedded/8 2019-q3-update/bin/../lib/gcc/arm-none-eabi/8.3.1/thumb/v7e-m+fp/hard/crtbegin.o
LOAD c:/st/gnu tools arm embedded/8 2019-q3-update/bin/../lib/gcc/arm-none-eabi/8.3.1/../../../../arm-none-eabi/lib/thumb/v7e-m+fp/hard/crt0.o
LOAD _build/nrf52832_xxaa/gcc_startup_nrf52.S.o
LOAD _build/nrf52832_xxaa/nrf_log_backend_rtt.c.o
LOAD _build/nrf52832_xxaa/nrf_log_backend_serial.c.o
LOAD _build/nrf52832_xxaa/nrf_log_backend_uart.c.o
LOAD _build/nrf52832_xxaa/nrf_log_default_backends.c.o
LOAD _build/nrf52832_xxaa/nrf_log_frontend.c.o
LOAD _build/nrf52832_xxaa/nrf_log_str_formatter.c.o
LOAD _build/nrf52832_xxaa/boards.c.o
LOAD _build/nrf52832_xxaa/app_error.c.o
LOAD _build/nrf52832_xxaa/app_error_handler_gcc.c.o
LOAD _build/nrf52832_xxaa/app_error_weak.c.o
LOAD _build/nrf52832_xxaa/app_util_platform.c.o
LOAD _build/nrf52832_xxaa/nrf_assert.c.o
LOAD _build/nrf52832_xxaa/nrf_atomic.c.o
LOAD _build/nrf52832_xxaa/nrf_balloc.c.o
LOAD _build/nrf52832_xxaa/nrf_fprintf.c.o
LOAD _build/nrf52832_xxaa/nrf_fprintf_format.c.o
LOAD _build/nrf52832_xxaa/nrf_memobj.c.o
LOAD _build/nrf52832_xxaa/nrf_ringbuf.c.o
LOAD _build/nrf52832_xxaa/nrf_strerror.c.o
LOAD _build/nrf52832_xxaa/nrf_drv_uart.c.o
LOAD _build/nrf52832_xxaa/nrfx_atomic.c.o
LOAD _build/nrf52832_xxaa/nrfx_prs.c.o
LOAD _build/nrf52832_xxaa/nrfx_uart.c.o
LOAD _build/nrf52832_xxaa/nrfx_uarte.c.o
LOAD _build/nrf52832_xxaa/main.c.o
LOAD _build/nrf52832_xxaa/SEGGER_RTT.c.o
LOAD _build/nrf52832_xxaa/SEGGER_RTT_Syscalls_GCC.c.o
LOAD _build/nrf52832_xxaa/SEGGER_RTT_printf.c.o
LOAD _build/nrf52832_xxaa/system_nrf52.c.o
LOAD _build/nrf52832_xxaa/nrf_esb.c.o
LOAD c:/st/gnu tools arm embedded/8 2019-q3-update/bin/../lib/gcc/arm-none-eabi/8.3.1/../../../../arm-none-eabi/lib/thumb/v7e-m+fp/hard\libc_nano.a
LOAD c:/st/gnu tools arm embedded/8 2019-q3-update/bin/../lib/gcc/arm-none-eabi/8.3.1/../../../../arm-none-eabi/lib/thumb/v7e-m+fp/hard\libnosys.a
LOAD c:/st/gnu tools arm embedded/8 2019-q3-update/bin/../lib/gcc/arm-none-eabi/8.3.1/../../../../arm-none-eabi/lib/thumb/v7e-m+fp/hard\libm.a
START GROUP
LOAD c:/st/gnu tools arm embedded/8 2019-q3-update/bin/../lib/gcc/arm-none-eabi/8.3.1/thumb/v7e-m+fp/hard\libgcc.a
LOAD c:/st/gnu tools arm embedded/8 2019-q3-update/bin/../lib/gcc/arm-none-eabi/8.3.1/../../../../arm-none-eabi/lib/thumb/v7e-m+fp/hard\libg_nano.a
LOAD c:/st/gnu tools arm embedded/8 2019-q3-update/bin/../lib/gcc/arm-none-eabi/8.3.1/../../../../arm-none-eabi/lib/thumb/v7e-m+fp/hard\libc_nano.a
END GROUP
START GROUP
LOAD c:/st/gnu tools arm embedded/8 2019-q3-update/bin/../lib/gcc/arm-none-eabi/8.3.1/thumb/v7e-m+fp/hard\libgcc.a
LOAD c:/st/gnu tools arm embedded/8 2019-q3-update/bin/../lib/gcc/arm-none-eabi/8.3.1/../../../../arm-none-eabi/lib/thumb/v7e-m+fp/hard\libc_nano.a
END GROUP
LOAD c:/st/gnu tools arm embedded/8 2019-q3-update/bin/../lib/gcc/arm-none-eabi/8.3.1/thumb/v7e-m+fp/hard/crtend.o
LOAD c:/st/gnu tools arm embedded/8 2019-q3-update/bin/../lib/gcc/arm-none-eabi/8.3.1/thumb/v7e-m+fp/hard/crtn.o
START GROUP
LOAD c:/st/gnu tools arm embedded/8 2019-q3-update/bin/../lib/gcc/arm-none-eabi/8.3.1/thumb/v7e-m+fp/hard\libgcc.a
LOAD c:/st/gnu tools arm embedded/8 2019-q3-update/bin/../lib/gcc/arm-none-eabi/8.3.1/../../../../arm-none-eabi/lib/thumb/v7e-m+fp/hard\libc.a
LOAD c:/st/gnu tools arm embedded/8 2019-q3-update/bin/../lib/gcc/arm-none-eabi/8.3.1/../../../../arm-none-eabi/lib/thumb/v7e-m+fp/hard\libnosys.a
END GROUP

.igot.plt       0x200000a8        0x0 load address 0x00003c7c
 .igot.plt      0x200000a8        0x0 c:/st/gnu tools arm embedded/8 2019-q3-update/bin/../lib/gcc/arm-none-eabi/8.3.1/thumb/v7e-m+fp/hard/crtbegin.o
                0x200000a8                . = ALIGN (0x4)

.mem_section_dummy_ram

.log_dynamic_data
                0x200000a8        0x0
                0x200000a8                PROVIDE (__start_log_dynamic_data = .)
 *(SORT_BY_NAME(.log_dynamic_data*))
                [!provide]                PROVIDE (__stop_log_dynamic_data = .)

.log_filter_data
                0x200000a8        0x0
                [!provide]                PROVIDE (__start_log_filter_data = .)
 *(SORT_BY_NAME(.log_filter_data*))
                [!provide]                PROVIDE (__stop_log_filter_data = .)

.bss            0x200000a8      0xc54 load address 0x00003c80
                0x200000a8                . = ALIGN (0x4)
                0x200000a8                __bss_start__ = .
 *(.bss*)
 .bss           0x200000a8       0x1c c:/st/gnu tools arm embedded/8 2019-q3-update/bin/../lib/gcc/arm-none-eabi/8.3.1/thumb/v7e-m+fp/hard/crtbegin.o
 .bss.m_async_mode
                0x200000c4        0x1 _build/nrf52832_xxaa/nrf_log_backend_uart.c.o
 *fill*         0x200000c5        0x3 
 .bss.m_string_buff
                0x200000c8       0x40 _build/nrf52832_xxaa/nrf_log_backend_uart.c.o
 .bss.m_xfer_done
                0x20000108        0x1 _build/nrf52832_xxaa/nrf_log_backend_uart.c.o
 *fill*         0x20000109        0x3 
 .bss.log_mempool_nrf_balloc_cb
                0x2000010c        0x8 _build/nrf52832_xxaa/nrf_log_frontend.c.o
 .bss.log_mempool_nrf_balloc_pool_mem
                0x20000114       0xc0 _build/nrf52832_xxaa/nrf_log_frontend.c.o
 .bss.log_mempool_nrf_balloc_pool_stack
                0x200001d4        0x8 _build/nrf52832_xxaa/nrf_log_frontend.c.o
 .bss.m_log_data
                0x200001dc      0x420 _build/nrf52832_xxaa/nrf_log_frontend.c.o
 .bss.m_log_push_ringbuf_buf
                0x200005fc       0x80 _build/nrf52832_xxaa/nrf_log_frontend.c.o
 .bss.m_log_push_ringbuf_cb
                0x2000067c       0x18 _build/nrf52832_xxaa/nrf_log_frontend.c.o
 .bss.m_in_critical_region
                0x20000694        0x4 _build/nrf52832_xxaa/app_util_platform.c.o
 .bss.m_contexts
                0x20000698        0x4 _build/nrf52832_xxaa/nrf_drv_uart.c.o
 .bss.m_handlers
                0x2000069c        0x4 _build/nrf52832_xxaa/nrf_drv_uart.c.o
 .bss.m_prs_box_4
                0x200006a0        0x8 _build/nrf52832_xxaa/nrfx_prs.c.o
 .bss.m_cb      0x200006a8       0x2c _build/nrf52832_xxaa/nrfx_uart.c.o
 *fill*         0x200006d4        0x4 
 .bss.m_cb      0x200006d8       0x24 _build/nrf52832_xxaa/nrfx_uarte.c.o
 .bss.rx_buf.9545
                0x200006fc      0x100 _build/nrf52832_xxaa/main.c.o
 .bss.tx_buf.9546
                0x200007fc      0x100 _build/nrf52832_xxaa/main.c.o
 .bss.m_config_local
                0x200008fc       0x18 _build/nrf52832_xxaa/nrf_esb.c.o
 .bss.m_esb_initialized
                0x20000914        0x1 _build/nrf52832_xxaa/nrf_esb.c.o
 *fill*         0x20000915        0x3 
 .bss.m_event_handler
                0x20000918        0x4 _build/nrf52832_xxaa/nrf_esb.c.o
 .bss.m_interrupt_flags
                0x2000091c        0x4 _build/nrf52832_xxaa/nrf_esb.c.o
 .bss.m_last_tx_attempts
                0x20000920        0x4 _build/nrf52832_xxaa/nrf_esb.c.o
 .bss.m_nrf_esb_mainstate
                0x20000924        0x1 _build/nrf52832_xxaa/nrf_esb.c.o
 *fill*         0x20000925        0x3 
 .bss.m_pids    0x20000928        0x8 _build/nrf52832_xxaa/nrf_esb.c.o
 .bss.m_rx_fifo
                0x20000930       0x2c _build/nrf52832_xxaa/nrf_esb.c.o
 .bss.m_rx_fifo_payload
                0x2000095c      0x128 _build/nrf52832_xxaa/nrf_esb.c.o
 .bss.m_rx_payload_buffer
                0x20000a84       0x22 _build/nrf52832_xxaa/nrf_esb.c.o
 *fill*         0x20000aa6        0x2 
 .bss.m_rx_pipe_info
                0x20000aa8       0x20 _build/nrf52832_xxaa/nrf_esb.c.o
 .bss.m_tx_fifo
                0x20000ac8       0x2c _build/nrf52832_xxaa/nrf_esb.c.o
 .bss.m_tx_fifo_payload
                0x20000af4      0x128 _build/nrf52832_xxaa/nrf_esb.c.o
 .bss.m_tx_payload_buffer
                0x20000c1c       0x22 _build/nrf52832_xxaa/nrf_esb.c.o
 *fill*         0x20000c3e        0x2 
 .bss.m_wait_for_ack_timeout_us
                0x20000c40        0x4 _build/nrf52832_xxaa/nrf_esb.c.o
 .bss.mp_current_payload
                0x20000c44        0x4 _build/nrf52832_xxaa/nrf_esb.c.o
 .bss.on_radio_disabled
                0x20000c48        0x4 _build/nrf52832_xxaa/nrf_esb.c.o
 .bss.update_rf_payload_format
                0x20000c4c        0x4 _build/nrf52832_xxaa/nrf_esb.c.o
 *(COMMON)
 COMMON         0x20000c50        0x1 _build/nrf52832_xxaa/nrf_drv_uart.c.o
                0x20000c50                nrf_drv_uart_use_easy_dma
 *fill*         0x20000c51        0x3 
 COMMON         0x20000c54       0x26 _build/nrf52832_xxaa/main.c.o
                0x20000c54                rx_payload
                0x20000c79                led_nr
 *fill*         0x20000c7a        0x2 
 COMMON         0x20000c7c       0x80 _build/nrf52832_xxaa/nrf_esb.c.o
                0x20000c7c                m_ack_pl_container_entry_point_pr_pipe
                0x20000c9c                m_ack_pl_container
                0x20000cfc                . = ALIGN (0x4)
                0x20000cfc                __bss_end__ = .

.heap           0x20000d00     0x2000
                0x20000d00                __HeapBase = .
                0x20000d00                __end__ = .
                [!provide]                PROVIDE (end = .)
 *(.heap*)
 .heap          0x20000d00     0x2000 _build/nrf52832_xxaa/gcc_startup_nrf52.S.o
                0x20002d00                __HeapLimit = .

.stack_dummy    0x20000d00     0x2000
 *(.stack*)
 .stack         0x20000d00     0x2000 _build/nrf52832_xxaa/gcc_startup_nrf52.S.o
                0x20010000                __StackTop = (ORIGIN (RAM) + LENGTH (RAM))
                0x2000e000                __StackLimit = (__StackTop - SIZEOF (.stack_dummy))
                0x20010000                PROVIDE (__stack = __StackTop)
                0x00000001                ASSERT ((__StackLimit >= __HeapLimit), region RAM overflowed with stack)
                0x000000a8                DataInitFlashUsed = (__bss_start__ - __data_start__)
                0x00003bd4                CodeFlashUsed = (__etext - ORIGIN (FLASH))
                0x00003c7c                TotalFlashUsed = (CodeFlashUsed + DataInitFlashUsed)
                0x00000001                ASSERT ((TotalFlashUsed <= LENGTH (FLASH)), region FLASH overflowed with .data and user data)
OUTPUT(_build/nrf52832_xxaa.out elf32-littlearm)

.ARM.attributes
                0x00000000       0x30
 .ARM.attributes
                0x00000000       0x1e c:/st/gnu tools arm embedded/8 2019-q3-update/bin/../lib/gcc/arm-none-eabi/8.3.1/thumb/v7e-m+fp/hard/crti.o
 .ARM.attributes
                0x0000001e       0x34 c:/st/gnu tools arm embedded/8 2019-q3-update/bin/../lib/gcc/arm-none-eabi/8.3.1/thumb/v7e-m+fp/hard/crtbegin.o
 .ARM.attributes
                0x00000052       0x1c c:/st/gnu tools arm embedded/8 2019-q3-update/bin/../lib/gcc/arm-none-eabi/8.3.1/../../../../arm-none-eabi/lib/thumb/v7e-m+fp/hard/crt0.o
 .ARM.attributes
                0x0000006e       0x20 _build/nrf52832_xxaa/gcc_startup_nrf52.S.o
 .ARM.attributes
                0x0000008e       0x34 _build/nrf52832_xxaa/nrf_log_backend_serial.c.o
 .ARM.attributes
                0x000000c2       0x34 _build/nrf52832_xxaa/nrf_log_backend_uart.c.o
 .ARM.attributes
                0x000000f6       0x34 _build/nrf52832_xxaa/nrf_log_default_backends.c.o
 .ARM.attributes
                0x0000012a       0x34 _build/nrf52832_xxaa/nrf_log_frontend.c.o
 .ARM.attributes
                0x0000015e       0x34 _build/nrf52832_xxaa/nrf_log_str_formatter.c.o
 .ARM.attributes
                0x00000192       0x34 _build/nrf52832_xxaa/boards.c.o
 .ARM.attributes
                0x000001c6       0x34 _build/nrf52832_xxaa/app_error.c.o
 .ARM.attributes
                0x000001fa       0x34 _build/nrf52832_xxaa/app_error_weak.c.o
 .ARM.attributes
                0x0000022e       0x34 _build/nrf52832_xxaa/app_util_platform.c.o
 .ARM.attributes
                0x00000262       0x34 _build/nrf52832_xxaa/nrf_atomic.c.o
 .ARM.attributes
                0x00000296       0x34 _build/nrf52832_xxaa/nrf_balloc.c.o
 .ARM.attributes
                0x000002ca       0x34 _build/nrf52832_xxaa/nrf_fprintf.c.o
 .ARM.attributes
                0x000002fe       0x34 _build/nrf52832_xxaa/nrf_fprintf_format.c.o
 .ARM.attributes
                0x00000332       0x34 _build/nrf52832_xxaa/nrf_memobj.c.o
 .ARM.attributes
                0x00000366       0x34 _build/nrf52832_xxaa/nrf_ringbuf.c.o
 .ARM.attributes
                0x0000039a       0x34 _build/nrf52832_xxaa/nrf_drv_uart.c.o
 .ARM.attributes
                0x000003ce       0x34 _build/nrf52832_xxaa/nrfx_prs.c.o
 .ARM.attributes
                0x00000402       0x34 _build/nrf52832_xxaa/nrfx_uart.c.o
 .ARM.attributes
                0x00000436       0x34 _build/nrf52832_xxaa/nrfx_uarte.c.o
 .ARM.attributes
                0x0000046a       0x34 _build/nrf52832_xxaa/main.c.o
 .ARM.attributes
                0x0000049e       0x34 _build/nrf52832_xxaa/system_nrf52.c.o
 .ARM.attributes
                0x000004d2       0x34 _build/nrf52832_xxaa/nrf_esb.c.o
 .ARM.attributes
                0x00000506       0x32 c:/st/gnu tools arm embedded/8 2019-q3-update/bin/../lib/gcc/arm-none-eabi/8.3.1/../../../../arm-none-eabi/lib/thumb/v7e-m+fp/hard\libc_nano.a(lib_a-ctype_.o)
 .ARM.attributes
                0x00000538       0x34 c:/st/gnu tools arm embedded/8 2019-q3-update/bin/../lib/gcc/arm-none-eabi/8.3.1/../../../../arm-none-eabi/lib/thumb/v7e-m+fp/hard\libc_nano.a(lib_a-exit.o)
 .ARM.attributes
                0x0000056c       0x32 c:/st/gnu tools arm embedded/8 2019-q3-update/bin/../lib/gcc/arm-none-eabi/8.3.1/../../../../arm-none-eabi/lib/thumb/v7e-m+fp/hard\libc_nano.a(lib_a-impure.o)
 .ARM.attributes
                0x0000059e       0x34 c:/st/gnu tools arm embedded/8 2019-q3-update/bin/../lib/gcc/arm-none-eabi/8.3.1/../../../../arm-none-eabi/lib/thumb/v7e-m+fp/hard\libc_nano.a(lib_a-init.o)
 .ARM.attributes
                0x000005d2       0x34 c:/st/gnu tools arm embedded/8 2019-q3-update/bin/../lib/gcc/arm-none-eabi/8.3.1/../../../../arm-none-eabi/lib/thumb/v7e-m+fp/hard\libc_nano.a(lib_a-memcpy-stub.o)
 .ARM.attributes
                0x00000606       0x34 c:/st/gnu tools arm embedded/8 2019-q3-update/bin/../lib/gcc/arm-none-eabi/8.3.1/../../../../arm-none-eabi/lib/thumb/v7e-m+fp/hard\libc_nano.a(lib_a-memset.o)
 .ARM.attributes
                0x0000063a       0x17 c:/st/gnu tools arm embedded/8 2019-q3-update/bin/../lib/gcc/arm-none-eabi/8.3.1/../../../../arm-none-eabi/lib/thumb/v7e-m+fp/hard\libc_nano.a(lib_a-strlen.o)
 .ARM.attributes
                0x00000651       0x34 c:/st/gnu tools arm embedded/8 2019-q3-update/bin/../lib/gcc/arm-none-eabi/8.3.1/../../../../arm-none-eabi/lib/thumb/v7e-m+fp/hard\libnosys.a(_exit.o)
 .ARM.attributes
                0x00000685       0x32 c:/st/gnu tools arm embedded/8 2019-q3-update/bin/../lib/gcc/arm-none-eabi/8.3.1/thumb/v7e-m+fp/hard/crtend.o
 .ARM.attributes
                0x000006b7       0x1e c:/st/gnu tools arm embedded/8 2019-q3-update/bin/../lib/gcc/arm-none-eabi/8.3.1/thumb/v7e-m+fp/hard/crtn.o

.comment        0x00000000       0x76
 .comment       0x00000000       0x76 _build/nrf52832_xxaa/nrf_log_backend_serial.c.o
                                 0x77 (size before relaxing)
 .comment       0x00000076       0x77 _build/nrf52832_xxaa/nrf_log_backend_uart.c.o
 .comment       0x00000076       0x77 _build/nrf52832_xxaa/nrf_log_default_backends.c.o
 .comment       0x00000076       0x77 _build/nrf52832_xxaa/nrf_log_frontend.c.o
 .comment       0x00000076       0x77 _build/nrf52832_xxaa/nrf_log_str_formatter.c.o
 .comment       0x00000076       0x77 _build/nrf52832_xxaa/boards.c.o
 .comment       0x00000076       0x77 _build/nrf52832_xxaa/app_error.c.o
 .comment       0x00000076       0x77 _build/nrf52832_xxaa/app_error_weak.c.o
 .comment       0x00000076       0x77 _build/nrf52832_xxaa/app_util_platform.c.o
 .comment       0x00000076       0x77 _build/nrf52832_xxaa/nrf_atomic.c.o
 .comment       0x00000076       0x77 _build/nrf52832_xxaa/nrf_balloc.c.o
 .comment       0x00000076       0x77 _build/nrf52832_xxaa/nrf_fprintf.c.o
 .comment       0x00000076       0x77 _build/nrf52832_xxaa/nrf_fprintf_format.c.o
 .comment       0x00000076       0x77 _build/nrf52832_xxaa/nrf_memobj.c.o
 .comment       0x00000076       0x77 _build/nrf52832_xxaa/nrf_ringbuf.c.o
 .comment       0x00000076       0x77 _build/nrf52832_xxaa/nrf_drv_uart.c.o
 .comment       0x00000076       0x77 _build/nrf52832_xxaa/nrfx_prs.c.o
 .comment       0x00000076       0x77 _build/nrf52832_xxaa/nrfx_uart.c.o
 .comment       0x00000076       0x77 _build/nrf52832_xxaa/nrfx_uarte.c.o
 .comment       0x00000076       0x77 _build/nrf52832_xxaa/main.c.o
 .comment       0x00000076       0x77 _build/nrf52832_xxaa/system_nrf52.c.o
 .comment       0x00000076       0x77 _build/nrf52832_xxaa/nrf_esb.c.o

.debug_line     0x00000000    0x13c94
 .debug_line    0x00000000       0x86 _build/nrf52832_xxaa/gcc_startup_nrf52.S.o
 .debug_line    0x00000086      0x875 _build/nrf52832_xxaa/nrf_log_backend_serial.c.o
 .debug_line    0x000008fb      0xbcb _build/nrf52832_xxaa/nrf_log_backend_uart.c.o
 .debug_line    0x000014c6      0x75b _build/nrf52832_xxaa/nrf_log_default_backends.c.o
 .debug_line    0x00001c21     0x2791 _build/nrf52832_xxaa/nrf_log_frontend.c.o
 .debug_line    0x000043b2      0x97f _build/nrf52832_xxaa/nrf_log_str_formatter.c.o
 .debug_line    0x00004d31      0xff0 _build/nrf52832_xxaa/boards.c.o
 .debug_line    0x00005d21      0x58a _build/nrf52832_xxaa/app_error.c.o
 .debug_line    0x000062ab      0x828 _build/nrf52832_xxaa/app_error_weak.c.o
 .debug_line    0x00006ad3      0x65c _build/nrf52832_xxaa/app_util_platform.c.o
 .debug_line    0x0000712f      0x7ef _build/nrf52832_xxaa/nrf_atomic.c.o
 .debug_line    0x0000791e      0x8a1 _build/nrf52832_xxaa/nrf_balloc.c.o
 .debug_line    0x000081bf      0x561 _build/nrf52832_xxaa/nrf_fprintf.c.o
 .debug_line    0x00008720      0xe45 _build/nrf52832_xxaa/nrf_fprintf_format.c.o
 .debug_line    0x00009565      0xaa3 _build/nrf52832_xxaa/nrf_memobj.c.o
 .debug_line    0x0000a008      0x97f _build/nrf52832_xxaa/nrf_ringbuf.c.o
 .debug_line    0x0000a987      0x85f _build/nrf52832_xxaa/nrf_drv_uart.c.o
 .debug_line    0x0000b1e6      0x947 _build/nrf52832_xxaa/nrfx_prs.c.o
 .debug_line    0x0000bb2d     0x1de3 _build/nrf52832_xxaa/nrfx_uart.c.o
 .debug_line    0x0000d910     0x1dad _build/nrf52832_xxaa/nrfx_uarte.c.o
 .debug_line    0x0000f6bd      0xd9e _build/nrf52832_xxaa/main.c.o
 .debug_line    0x0001045b      0x921 _build/nrf52832_xxaa/system_nrf52.c.o
 .debug_line    0x00010d7c     0x2f18 _build/nrf52832_xxaa/nrf_esb.c.o

.debug_info     0x00000000    0x26357
 .debug_info    0x00000000       0x26 _build/nrf52832_xxaa/gcc_startup_nrf52.S.o
 .debug_info    0x00000026     0x11fe _build/nrf52832_xxaa/nrf_log_backend_serial.c.o
 .debug_info    0x00001224     0x1c48 _build/nrf52832_xxaa/nrf_log_backend_uart.c.o
 .debug_info    0x00002e6c      0xd48 _build/nrf52832_xxaa/nrf_log_default_backends.c.o
 .debug_info    0x00003bb4     0x45c8 _build/nrf52832_xxaa/nrf_log_frontend.c.o
 .debug_info    0x0000817c     0x13d4 _build/nrf52832_xxaa/nrf_log_str_formatter.c.o
 .debug_info    0x00009550     0x16cd _build/nrf52832_xxaa/boards.c.o
 .debug_info    0x0000ac1d      0xb94 _build/nrf52832_xxaa/app_error.c.o
 .debug_info    0x0000b7b1      0xfb5 _build/nrf52832_xxaa/app_error_weak.c.o
 .debug_info    0x0000c766     0x10df _build/nrf52832_xxaa/app_util_platform.c.o
 .debug_info    0x0000d845     0x1434 _build/nrf52832_xxaa/nrf_atomic.c.o
 .debug_info    0x0000ec79      0xe40 _build/nrf52832_xxaa/nrf_balloc.c.o
 .debug_info    0x0000fab9      0xb51 _build/nrf52832_xxaa/nrf_fprintf.c.o
 .debug_info    0x0001060a     0x1595 _build/nrf52832_xxaa/nrf_fprintf_format.c.o
 .debug_info    0x00011b9f     0x15c0 _build/nrf52832_xxaa/nrf_memobj.c.o
 .debug_info    0x0001315f      0xf3a _build/nrf52832_xxaa/nrf_ringbuf.c.o
 .debug_info    0x00014099     0x1a9c _build/nrf52832_xxaa/nrf_drv_uart.c.o
 .debug_info    0x00015b35     0x11a6 _build/nrf52832_xxaa/nrfx_prs.c.o
 .debug_info    0x00016cdb     0x419c _build/nrf52832_xxaa/nrfx_uart.c.o
 .debug_info    0x0001ae77     0x40ed _build/nrf52832_xxaa/nrfx_uarte.c.o
 .debug_info    0x0001ef64     0x19da _build/nrf52832_xxaa/main.c.o
 .debug_info    0x0002093e     0x1532 _build/nrf52832_xxaa/system_nrf52.c.o
 .debug_info    0x00021e70     0x44e7 _build/nrf52832_xxaa/nrf_esb.c.o

.debug_abbrev   0x00000000     0x51eb
 .debug_abbrev  0x00000000       0x14 _build/nrf52832_xxaa/gcc_startup_nrf52.S.o
 .debug_abbrev  0x00000014      0x2bd _build/nrf52832_xxaa/nrf_log_backend_serial.c.o
 .debug_abbrev  0x000002d1      0x41d _build/nrf52832_xxaa/nrf_log_backend_uart.c.o
 .debug_abbrev  0x000006ee      0x294 _build/nrf52832_xxaa/nrf_log_default_backends.c.o
 .debug_abbrev  0x00000982      0x60e _build/nrf52832_xxaa/nrf_log_frontend.c.o
 .debug_abbrev  0x00000f90      0x320 _build/nrf52832_xxaa/nrf_log_str_formatter.c.o
 .debug_abbrev  0x000012b0      0x403 _build/nrf52832_xxaa/boards.c.o
 .debug_abbrev  0x000016b3      0x276 _build/nrf52832_xxaa/app_error.c.o
 .debug_abbrev  0x00001929      0x2fd _build/nrf52832_xxaa/app_error_weak.c.o
 .debug_abbrev  0x00001c26      0x383 _build/nrf52832_xxaa/app_util_platform.c.o
 .debug_abbrev  0x00001fa9      0x378 _build/nrf52832_xxaa/nrf_atomic.c.o
 .debug_abbrev  0x00002321      0x343 _build/nrf52832_xxaa/nrf_balloc.c.o
 .debug_abbrev  0x00002664      0x27d _build/nrf52832_xxaa/nrf_fprintf.c.o
 .debug_abbrev  0x000028e1      0x3e2 _build/nrf52832_xxaa/nrf_fprintf_format.c.o
 .debug_abbrev  0x00002cc3      0x39e _build/nrf52832_xxaa/nrf_memobj.c.o
 .debug_abbrev  0x00003061      0x2b2 _build/nrf52832_xxaa/nrf_ringbuf.c.o
 .debug_abbrev  0x00003313      0x2da _build/nrf52832_xxaa/nrf_drv_uart.c.o
 .debug_abbrev  0x000035ed      0x36f _build/nrf52832_xxaa/nrfx_prs.c.o
 .debug_abbrev  0x0000395c      0x5b7 _build/nrf52832_xxaa/nrfx_uart.c.o
 .debug_abbrev  0x00003f13      0x588 _build/nrf52832_xxaa/nrfx_uarte.c.o
 .debug_abbrev  0x0000449b      0x3f8 _build/nrf52832_xxaa/main.c.o
 .debug_abbrev  0x00004893      0x288 _build/nrf52832_xxaa/system_nrf52.c.o
 .debug_abbrev  0x00004b1b      0x6d0 _build/nrf52832_xxaa/nrf_esb.c.o

.debug_aranges  0x00000000      0x770
 .debug_aranges
                0x00000000       0x20 _build/nrf52832_xxaa/gcc_startup_nrf52.S.o
 .debug_aranges
                0x00000020       0x20 _build/nrf52832_xxaa/nrf_log_backend_serial.c.o
 .debug_aranges
                0x00000040       0x48 _build/nrf52832_xxaa/nrf_log_backend_uart.c.o
 .debug_aranges
                0x00000088       0x20 _build/nrf52832_xxaa/nrf_log_default_backends.c.o
 .debug_aranges
                0x000000a8       0xb8 _build/nrf52832_xxaa/nrf_log_frontend.c.o
 .debug_aranges
                0x00000160       0x38 _build/nrf52832_xxaa/nrf_log_str_formatter.c.o
 .debug_aranges
                0x00000198       0x78 _build/nrf52832_xxaa/boards.c.o
 .debug_aranges
                0x00000210       0x28 _build/nrf52832_xxaa/app_error.c.o
 .debug_aranges
                0x00000238       0x20 _build/nrf52832_xxaa/app_error_weak.c.o
 .debug_aranges
                0x00000258       0x48 _build/nrf52832_xxaa/app_util_platform.c.o
 .debug_aranges
                0x000002a0       0xb0 _build/nrf52832_xxaa/nrf_atomic.c.o
 .debug_aranges
                0x00000350       0x30 _build/nrf52832_xxaa/nrf_balloc.c.o
 .debug_aranges
                0x00000380       0x28 _build/nrf52832_xxaa/nrf_fprintf.c.o
 .debug_aranges
                0x000003a8       0x28 _build/nrf52832_xxaa/nrf_fprintf_format.c.o
 .debug_aranges
                0x000003d0       0x50 _build/nrf52832_xxaa/nrf_memobj.c.o
 .debug_aranges
                0x00000420       0x50 _build/nrf52832_xxaa/nrf_ringbuf.c.o
 .debug_aranges
                0x00000470       0x30 _build/nrf52832_xxaa/nrf_drv_uart.c.o
 .debug_aranges
                0x000004a0       0x30 _build/nrf52832_xxaa/nrfx_prs.c.o
 .debug_aranges
                0x000004d0       0x78 _build/nrf52832_xxaa/nrfx_uart.c.o
 .debug_aranges
                0x00000548       0x68 _build/nrf52832_xxaa/nrfx_uarte.c.o
 .debug_aranges
                0x000005b0       0x48 _build/nrf52832_xxaa/main.c.o
 .debug_aranges
                0x000005f8       0x28 _build/nrf52832_xxaa/system_nrf52.c.o
 .debug_aranges
                0x00000620      0x150 _build/nrf52832_xxaa/nrf_esb.c.o

.debug_str      0x00000000    0x7bbff
 .debug_str     0x00000000       0x99 _build/nrf52832_xxaa/gcc_startup_nrf52.S.o
 .debug_str     0x00000099    0x6f755 _build/nrf52832_xxaa/nrf_log_backend_serial.c.o
                              0x70679 (size before relaxing)
 .debug_str     0x0006f7ee     0x3c8f _build/nrf52832_xxaa/nrf_log_backend_uart.c.o
                              0x73e51 (size before relaxing)
 .debug_str     0x0007347d      0x11c _build/nrf52832_xxaa/nrf_log_default_backends.c.o
                              0x70430 (size before relaxing)
 .debug_str     0x00073599     0x1374 _build/nrf52832_xxaa/nrf_log_frontend.c.o
                              0x718e9 (size before relaxing)
 .debug_str     0x0007490d      0x6a6 _build/nrf52832_xxaa/nrf_log_str_formatter.c.o
                              0x70b9b (size before relaxing)
 .debug_str     0x00074fb3     0x15ae _build/nrf52832_xxaa/boards.c.o
                              0x70762 (size before relaxing)
 .debug_str     0x00076561       0xf4 _build/nrf52832_xxaa/app_error.c.o
                              0x627ed (size before relaxing)
 .debug_str     0x00076655       0xc2 _build/nrf52832_xxaa/app_error_weak.c.o
                              0x70b01 (size before relaxing)
 .debug_str     0x00076717      0x392 _build/nrf52832_xxaa/app_util_platform.c.o
                              0x63005 (size before relaxing)
 .debug_str     0x00076aa9      0x6b9 _build/nrf52832_xxaa/nrf_atomic.c.o
                              0x6c538 (size before relaxing)
 .debug_str     0x00077162      0x164 _build/nrf52832_xxaa/nrf_balloc.c.o
                              0x70489 (size before relaxing)
 .debug_str     0x000772c6      0x144 _build/nrf52832_xxaa/nrf_fprintf.c.o
                              0x6c191 (size before relaxing)
 .debug_str     0x0007740a      0x511 _build/nrf52832_xxaa/nrf_fprintf_format.c.o
                              0x6c67a (size before relaxing)
 .debug_str     0x0007791b      0x1ac _build/nrf52832_xxaa/nrf_memobj.c.o
                              0x6e84d (size before relaxing)
 .debug_str     0x00077ac7       0xdc _build/nrf52832_xxaa/nrf_ringbuf.c.o
                              0x6cf3f (size before relaxing)
 .debug_str     0x00077ba3      0x470 _build/nrf52832_xxaa/nrf_drv_uart.c.o
                              0x70628 (size before relaxing)
 .debug_str     0x00078013      0x642 _build/nrf52832_xxaa/nrfx_prs.c.o
                              0x72895 (size before relaxing)
 .debug_str     0x00078655      0x783 _build/nrf52832_xxaa/nrfx_uart.c.o
                              0x73a4c (size before relaxing)
 .debug_str     0x00078dd8      0x96a _build/nrf52832_xxaa/nrfx_uarte.c.o
                              0x73ed4 (size before relaxing)
 .debug_str     0x00079742     0x12a7 _build/nrf52832_xxaa/main.c.o
                              0x75c15 (size before relaxing)
 .debug_str     0x0007a9e9      0x3df _build/nrf52832_xxaa/system_nrf52.c.o
                              0x5e3b5 (size before relaxing)
 .debug_str     0x0007adc8      0xe37 _build/nrf52832_xxaa/nrf_esb.c.o
                              0x71886 (size before relaxing)

.debug_loc      0x00000000     0xfdaa
 .debug_loc     0x00000000      0x1a3 _build/nrf52832_xxaa/nrf_log_backend_serial.c.o
 .debug_loc     0x000001a3      0x334 _build/nrf52832_xxaa/nrf_log_backend_uart.c.o
 .debug_loc     0x000004d7       0x17 _build/nrf52832_xxaa/nrf_log_default_backends.c.o
 .debug_loc     0x000004ee     0x4c7f _build/nrf52832_xxaa/nrf_log_frontend.c.o
 .debug_loc     0x0000516d      0x486 _build/nrf52832_xxaa/nrf_log_str_formatter.c.o
 .debug_loc     0x000055f3      0xd31 _build/nrf52832_xxaa/boards.c.o
 .debug_loc     0x00006324       0xc9 _build/nrf52832_xxaa/app_error.c.o
 .debug_loc     0x000063ed       0x6f _build/nrf52832_xxaa/app_error_weak.c.o
 .debug_loc     0x0000645c      0x11a _build/nrf52832_xxaa/app_util_platform.c.o
 .debug_loc     0x00006576      0x5c9 _build/nrf52832_xxaa/nrf_atomic.c.o
 .debug_loc     0x00006b3f      0x285 _build/nrf52832_xxaa/nrf_balloc.c.o
 .debug_loc     0x00006dc4       0x54 _build/nrf52832_xxaa/nrf_fprintf.c.o
 .debug_loc     0x00006e18     0x138c _build/nrf52832_xxaa/nrf_fprintf_format.c.o
 .debug_loc     0x000081a4      0xebd _build/nrf52832_xxaa/nrf_memobj.c.o
 .debug_loc     0x00009061      0x643 _build/nrf52832_xxaa/nrf_ringbuf.c.o
 .debug_loc     0x000096a4      0x1e6 _build/nrf52832_xxaa/nrf_drv_uart.c.o
 .debug_loc     0x0000988a      0x11e _build/nrf52832_xxaa/nrfx_prs.c.o
 .debug_loc     0x000099a8     0x2026 _build/nrf52832_xxaa/nrfx_uart.c.o
 .debug_loc     0x0000b9ce     0x1f46 _build/nrf52832_xxaa/nrfx_uarte.c.o
 .debug_loc     0x0000d914      0x24b _build/nrf52832_xxaa/main.c.o
 .debug_loc     0x0000db5f      0x4a4 _build/nrf52832_xxaa/system_nrf52.c.o
 .debug_loc     0x0000e003     0x1da7 _build/nrf52832_xxaa/nrf_esb.c.o

.debug_ranges   0x00000000     0x3ca0
 .debug_ranges  0x00000000       0x28 _build/nrf52832_xxaa/nrf_log_backend_serial.c.o
 .debug_ranges  0x00000028      0x110 _build/nrf52832_xxaa/nrf_log_backend_uart.c.o
 .debug_ranges  0x00000138       0x10 _build/nrf52832_xxaa/nrf_log_default_backends.c.o
 .debug_ranges  0x00000148      0xb08 _build/nrf52832_xxaa/nrf_log_frontend.c.o
 .debug_ranges  0x00000c50       0xa8 _build/nrf52832_xxaa/nrf_log_str_formatter.c.o
 .debug_ranges  0x00000cf8      0x988 _build/nrf52832_xxaa/boards.c.o
 .debug_ranges  0x00001680       0x18 _build/nrf52832_xxaa/app_error.c.o
 .debug_ranges  0x00001698       0x28 _build/nrf52832_xxaa/app_error_weak.c.o
 .debug_ranges  0x000016c0       0x38 _build/nrf52832_xxaa/app_util_platform.c.o
 .debug_ranges  0x000016f8       0xd8 _build/nrf52832_xxaa/nrf_atomic.c.o
 .debug_ranges  0x000017d0       0x40 _build/nrf52832_xxaa/nrf_balloc.c.o
 .debug_ranges  0x00001810       0x18 _build/nrf52832_xxaa/nrf_fprintf.c.o
 .debug_ranges  0x00001828      0x3c0 _build/nrf52832_xxaa/nrf_fprintf_format.c.o
 .debug_ranges  0x00001be8       0xb8 _build/nrf52832_xxaa/nrf_memobj.c.o
 .debug_ranges  0x00001ca0       0x40 _build/nrf52832_xxaa/nrf_ringbuf.c.o
 .debug_ranges  0x00001ce0       0x20 _build/nrf52832_xxaa/nrf_drv_uart.c.o
 .debug_ranges  0x00001d00       0x50 _build/nrf52832_xxaa/nrfx_prs.c.o
 .debug_ranges  0x00001d50      0x7f0 _build/nrf52832_xxaa/nrfx_uart.c.o
 .debug_ranges  0x00002540      0x7f0 _build/nrf52832_xxaa/nrfx_uarte.c.o
 .debug_ranges  0x00002d30       0xd0 _build/nrf52832_xxaa/main.c.o
 .debug_ranges  0x00002e00       0xf8 _build/nrf52832_xxaa/system_nrf52.c.o
 .debug_ranges  0x00002ef8      0xda8 _build/nrf52832_xxaa/nrf_esb.c.o

.debug_macro    0x00000000     0x6c76
 .debug_macro   0x00000000      0x375 _build/nrf52832_xxaa/nrf_log_backend_serial.c.o
 .debug_macro   0x00000375       0x16 _build/nrf52832_xxaa/nrf_log_backend_serial.c.o
 .debug_macro   0x0000038b       0x22 _build/nrf52832_xxaa/nrf_log_backend_serial.c.o
 .debug_macro   0x000003ad       0x1c _build/nrf52832_xxaa/nrf_log_backend_serial.c.o
 .debug_macro   0x000003c9       0x10 _build/nrf52832_xxaa/nrf_log_backend_serial.c.o
 .debug_macro   0x000003d9       0xbe _build/nrf52832_xxaa/nrf_log_backend_serial.c.o
 .debug_macro   0x00000497       0x16 _build/nrf52832_xxaa/nrf_log_backend_serial.c.o
 .debug_macro   0x000004ad      0x129 _build/nrf52832_xxaa/nrf_log_backend_serial.c.o
 .debug_macro   0x000005d6       0x49 _build/nrf52832_xxaa/nrf_log_backend_serial.c.o
 .debug_macro   0x0000061f       0x8c _build/nrf52832_xxaa/nrf_log_backend_serial.c.o
 .debug_macro   0x000006ab       0x31 _build/nrf52832_xxaa/nrf_log_backend_serial.c.o
 .debug_macro   0x000006dc       0x55 _build/nrf52832_xxaa/nrf_log_backend_serial.c.o
 .debug_macro   0x00000731       0x98 _build/nrf52832_xxaa/nrf_log_backend_serial.c.o
 .debug_macro   0x000007c9       0x10 _build/nrf52832_xxaa/nrf_log_backend_serial.c.o
 .debug_macro   0x000007d9       0x1d _build/nrf52832_xxaa/nrf_log_backend_serial.c.o
 .debug_macro   0x000007f6       0x2e _build/nrf52832_xxaa/nrf_log_backend_serial.c.o
 .debug_macro   0x00000824       0x1c _build/nrf52832_xxaa/nrf_log_backend_serial.c.o
 .debug_macro   0x00000840      0x185 _build/nrf52832_xxaa/nrf_log_backend_serial.c.o
 .debug_macro   0x000009c5      0x466 _build/nrf52832_xxaa/nrf_log_backend_uart.c.o
 .debug_macro   0x00000e2b      0x3dc _build/nrf52832_xxaa/nrf_log_backend_uart.c.o
 .debug_macro   0x00001207       0x59 _build/nrf52832_xxaa/nrf_log_backend_uart.c.o
 .debug_macro   0x00001260      0x137 _build/nrf52832_xxaa/nrf_log_backend_uart.c.o
 .debug_macro   0x00001397      0x12b _build/nrf52832_xxaa/nrf_log_backend_uart.c.o
 .debug_macro   0x000014c2       0x5a _build/nrf52832_xxaa/nrf_log_backend_uart.c.o
 .debug_macro   0x0000151c       0x1d _build/nrf52832_xxaa/nrf_log_backend_uart.c.o
 .debug_macro   0x00001539       0xac _build/nrf52832_xxaa/nrf_log_backend_uart.c.o
 .debug_macro   0x000015e5       0x3a _build/nrf52832_xxaa/nrf_log_backend_uart.c.o
 .debug_macro   0x0000161f       0x1c _build/nrf52832_xxaa/nrf_log_backend_uart.c.o
 .debug_macro   0x0000163b       0x1c _build/nrf52832_xxaa/nrf_log_backend_uart.c.o
 .debug_macro   0x00001657       0x20 _build/nrf52832_xxaa/nrf_log_backend_uart.c.o
 .debug_macro   0x00001677       0x10 _build/nrf52832_xxaa/nrf_log_backend_uart.c.o
 .debug_macro   0x00001687       0x10 _build/nrf52832_xxaa/nrf_log_backend_uart.c.o
 .debug_macro   0x00001697       0x10 _build/nrf52832_xxaa/nrf_log_backend_uart.c.o
 .debug_macro   0x000016a7       0x10 _build/nrf52832_xxaa/nrf_log_backend_uart.c.o
 .debug_macro   0x000016b7       0x10 _build/nrf52832_xxaa/nrf_log_backend_uart.c.o
 .debug_macro   0x000016c7       0x3f _build/nrf52832_xxaa/nrf_log_backend_uart.c.o
 .debug_macro   0x00001706      0x366 _build/nrf52832_xxaa/nrf_log_default_backends.c.o
 .debug_macro   0x00001a6c       0x10 _build/nrf52832_xxaa/nrf_log_default_backends.c.o
 .debug_macro   0x00001a7c      0x3e7 _build/nrf52832_xxaa/nrf_log_frontend.c.o
 .debug_macro   0x00001e63       0x16 _build/nrf52832_xxaa/nrf_log_frontend.c.o
 .debug_macro   0x00001e79       0x9a _build/nrf52832_xxaa/nrf_log_frontend.c.o
 .debug_macro   0x00001f13       0x9e _build/nrf52832_xxaa/nrf_log_frontend.c.o
 .debug_macro   0x00001fb1      0x3b7 _build/nrf52832_xxaa/nrf_log_str_formatter.c.o
 .debug_macro   0x00002368       0xa2 _build/nrf52832_xxaa/nrf_log_str_formatter.c.o
 .debug_macro   0x0000240a      0x34c _build/nrf52832_xxaa/boards.c.o
 .debug_macro   0x00002756      0x101 _build/nrf52832_xxaa/boards.c.o
 .debug_macro   0x00002857       0x40 _build/nrf52832_xxaa/boards.c.o
 .debug_macro   0x00002897       0x3f _build/nrf52832_xxaa/boards.c.o
 .debug_macro   0x000028d6       0x16 _build/nrf52832_xxaa/boards.c.o
 .debug_macro   0x000028ec      0x356 _build/nrf52832_xxaa/boards.c.o
 .debug_macro   0x00002c42       0x19 _build/nrf52832_xxaa/boards.c.o
 .debug_macro   0x00002c5b       0x35 _build/nrf52832_xxaa/boards.c.o
 .debug_macro   0x00002c90       0x7b _build/nrf52832_xxaa/boards.c.o
 .debug_macro   0x00002d0b       0x1c _build/nrf52832_xxaa/boards.c.o
 .debug_macro   0x00002d27      0x25a _build/nrf52832_xxaa/boards.c.o
 .debug_macro   0x00002f81      0x16d _build/nrf52832_xxaa/boards.c.o
 .debug_macro   0x000030ee      0x21d _build/nrf52832_xxaa/app_error.c.o
 .debug_macro   0x0000330b       0x97 _build/nrf52832_xxaa/app_error.c.o
 .debug_macro   0x000033a2       0xf6 _build/nrf52832_xxaa/app_error.c.o
 .debug_macro   0x00003498      0x365 _build/nrf52832_xxaa/app_error_weak.c.o
 .debug_macro   0x000037fd       0xfb _build/nrf52832_xxaa/app_error_weak.c.o
 .debug_macro   0x000038f8       0x16 _build/nrf52832_xxaa/app_error_weak.c.o
 .debug_macro   0x0000390e       0x92 _build/nrf52832_xxaa/app_error_weak.c.o
 .debug_macro   0x000039a0      0x239 _build/nrf52832_xxaa/app_util_platform.c.o
 .debug_macro   0x00003bd9       0xe9 _build/nrf52832_xxaa/app_util_platform.c.o
 .debug_macro   0x00003cc2      0x230 _build/nrf52832_xxaa/nrf_atomic.c.o
 .debug_macro   0x00003ef2       0x42 _build/nrf52832_xxaa/nrf_atomic.c.o
 .debug_macro   0x00003f34      0x32a _build/nrf52832_xxaa/nrf_balloc.c.o
 .debug_macro   0x0000425e       0x10 _build/nrf52832_xxaa/nrf_balloc.c.o
 .debug_macro   0x0000426e      0x23c _build/nrf52832_xxaa/nrf_fprintf.c.o
 .debug_macro   0x000044aa       0x58 _build/nrf52832_xxaa/nrf_fprintf.c.o
 .debug_macro   0x00004502      0x2ae _build/nrf52832_xxaa/nrf_fprintf_format.c.o
 .debug_macro   0x000047b0      0x30d _build/nrf52832_xxaa/nrf_memobj.c.o
 .debug_macro   0x00004abd      0x10e _build/nrf52832_xxaa/nrf_memobj.c.o
 .debug_macro   0x00004bcb       0x86 _build/nrf52832_xxaa/nrf_memobj.c.o
 .debug_macro   0x00004c51       0x5b _build/nrf52832_xxaa/nrf_memobj.c.o
 .debug_macro   0x00004cac      0x2bc _build/nrf52832_xxaa/nrf_ringbuf.c.o
 .debug_macro   0x00004f68      0x375 _build/nrf52832_xxaa/nrf_drv_uart.c.o
 .debug_macro   0x000052dd      0x3e2 _build/nrf52832_xxaa/nrfx_prs.c.o
 .debug_macro   0x000056bf       0x28 _build/nrf52832_xxaa/nrfx_prs.c.o
 .debug_macro   0x000056e7       0x1c _build/nrf52832_xxaa/nrfx_prs.c.o
 .debug_macro   0x00005703       0x37 _build/nrf52832_xxaa/nrfx_prs.c.o
 .debug_macro   0x0000573a      0x17f _build/nrf52832_xxaa/nrfx_prs.c.o
 .debug_macro   0x000058b9       0x42 _build/nrf52832_xxaa/nrfx_prs.c.o
 .debug_macro   0x000058fb      0x3fd _build/nrf52832_xxaa/nrfx_uart.c.o
 .debug_macro   0x00005cf8       0x22 _build/nrf52832_xxaa/nrfx_uart.c.o
 .debug_macro   0x00005d1a      0x41b _build/nrf52832_xxaa/nrfx_uarte.c.o
 .debug_macro   0x00006135      0x48c _build/nrf52832_xxaa/main.c.o
 .debug_macro   0x000065c1       0xe3 _build/nrf52832_xxaa/main.c.o
 .debug_macro   0x000066a4       0x16 _build/nrf52832_xxaa/main.c.o
 .debug_macro   0x000066ba       0x45 _build/nrf52832_xxaa/main.c.o
 .debug_macro   0x000066ff       0x1e _build/nrf52832_xxaa/main.c.o
 .debug_macro   0x0000671d       0x10 _build/nrf52832_xxaa/main.c.o
 .debug_macro   0x0000672d      0x132 _build/nrf52832_xxaa/system_nrf52.c.o
 .debug_macro   0x0000685f      0x407 _build/nrf52832_xxaa/nrf_esb.c.o
 .debug_macro   0x00006c66       0x10 _build/nrf52832_xxaa/nrf_esb.c.o

.debug_frame    0x00000000     0x1504
 .debug_frame   0x00000000       0x40 _build/nrf52832_xxaa/nrf_log_backend_serial.c.o
 .debug_frame   0x00000040       0xb8 _build/nrf52832_xxaa/nrf_log_backend_uart.c.o
 .debug_frame   0x000000f8       0x28 _build/nrf52832_xxaa/nrf_log_default_backends.c.o
 .debug_frame   0x00000120      0x30c _build/nrf52832_xxaa/nrf_log_frontend.c.o
 .debug_frame   0x0000042c       0xac _build/nrf52832_xxaa/nrf_log_str_formatter.c.o
 .debug_frame   0x000004d8       0xf4 _build/nrf52832_xxaa/boards.c.o
 .debug_frame   0x000005cc       0x54 _build/nrf52832_xxaa/app_error.c.o
 .debug_frame   0x00000620       0x28 _build/nrf52832_xxaa/app_error_weak.c.o
 .debug_frame   0x00000648       0x70 _build/nrf52832_xxaa/app_util_platform.c.o
 .debug_frame   0x000006b8      0x150 _build/nrf52832_xxaa/nrf_atomic.c.o
 .debug_frame   0x00000808       0x6c _build/nrf52832_xxaa/nrf_balloc.c.o
 .debug_frame   0x00000874       0x5c _build/nrf52832_xxaa/nrf_fprintf.c.o
 .debug_frame   0x000008d0       0xa8 _build/nrf52832_xxaa/nrf_fprintf_format.c.o
 .debug_frame   0x00000978       0xe8 _build/nrf52832_xxaa/nrf_memobj.c.o
 .debug_frame   0x00000a60       0xe0 _build/nrf52832_xxaa/nrf_ringbuf.c.o
 .debug_frame   0x00000b40       0x7c _build/nrf52832_xxaa/nrf_drv_uart.c.o
 .debug_frame   0x00000bbc       0x4c _build/nrf52832_xxaa/nrfx_prs.c.o
 .debug_frame   0x00000c08      0x18c _build/nrf52832_xxaa/nrfx_uart.c.o
 .debug_frame   0x00000d94      0x19c _build/nrf52832_xxaa/nrfx_uarte.c.o
 .debug_frame   0x00000f30       0xb0 _build/nrf52832_xxaa/main.c.o
 .debug_frame   0x00000fe0       0x40 _build/nrf52832_xxaa/system_nrf52.c.o
 .debug_frame   0x00001020      0x428 _build/nrf52832_xxaa/nrf_esb.c.o
 .debug_frame   0x00001448       0x28 c:/st/gnu tools arm embedded/8 2019-q3-update/bin/../lib/gcc/arm-none-eabi/8.3.1/../../../../arm-none-eabi/lib/thumb/v7e-m+fp/hard\libc_nano.a(lib_a-exit.o)
 .debug_frame   0x00001470       0x2c c:/st/gnu tools arm embedded/8 2019-q3-update/bin/../lib/gcc/arm-none-eabi/8.3.1/../../../../arm-none-eabi/lib/thumb/v7e-m+fp/hard\libc_nano.a(lib_a-init.o)
 .debug_frame   0x0000149c       0x28 c:/st/gnu tools arm embedded/8 2019-q3-update/bin/../lib/gcc/arm-none-eabi/8.3.1/../../../../arm-none-eabi/lib/thumb/v7e-m+fp/hard\libc_nano.a(lib_a-memcpy-stub.o)
 .debug_frame   0x000014c4       0x20 c:/st/gnu tools arm embedded/8 2019-q3-update/bin/../lib/gcc/arm-none-eabi/8.3.1/../../../../arm-none-eabi/lib/thumb/v7e-m+fp/hard\libc_nano.a(lib_a-memset.o)
 .debug_frame   0x000014e4       0x20 c:/st/gnu tools arm embedded/8 2019-q3-update/bin/../lib/gcc/arm-none-eabi/8.3.1/../../../../arm-none-eabi/lib/thumb/v7e-m+fp/hard\libnosys.a(_exit.o)
