Archive member included to satisfy reference by file (symbol)

c:/st/gnu tools arm embedded/8 2019-q3-update/bin/../lib/gcc/arm-none-eabi/8.3.1/../../../../arm-none-eabi/lib/thumb/v7e-m+fp/hard\libc_nano.a(lib_a-ctype_.o)
                              _build/nrf52832_xxaa/nrf_log_str_formatter.c.o (_ctype_)
c:/st/gnu tools arm embedded/8 2019-q3-update/bin/../lib/gcc/arm-none-eabi/8.3.1/../../../../arm-none-eabi/lib/thumb/v7e-m+fp/hard\libc_nano.a(lib_a-exit.o)
                              c:/st/gnu tools arm embedded/8 2019-q3-update/bin/../lib/gcc/arm-none-eabi/8.3.1/../../../../arm-none-eabi/lib/thumb/v7e-m+fp/hard/crt0.o (exit)
c:/st/gnu tools arm embedded/8 2019-q3-update/bin/../lib/gcc/arm-none-eabi/8.3.1/../../../../arm-none-eabi/lib/thumb/v7e-m+fp/hard\libc_nano.a(lib_a-impure.o)
                              c:/st/gnu tools arm embedded/8 2019-q3-update/bin/../lib/gcc/arm-none-eabi/8.3.1/../../../../arm-none-eabi/lib/thumb/v7e-m+fp/hard\libc_nano.a(lib_a-exit.o) (_global_impure_ptr)
c:/st/gnu tools arm embedded/8 2019-q3-update/bin/../lib/gcc/arm-none-eabi/8.3.1/../../../../arm-none-eabi/lib/thumb/v7e-m+fp/hard\libc_nano.a(lib_a-init.o)
                              c:/st/gnu tools arm embedded/8 2019-q3-update/bin/../lib/gcc/arm-none-eabi/8.3.1/../../../../arm-none-eabi/lib/thumb/v7e-m+fp/hard/crt0.o (__libc_init_array)
c:/st/gnu tools arm embedded/8 2019-q3-update/bin/../lib/gcc/arm-none-eabi/8.3.1/../../../../arm-none-eabi/lib/thumb/v7e-m+fp/hard\libc_nano.a(lib_a-memcmp.o)
                              _build/nrf52832_xxaa/ble_advdata.c.o (memcmp)
c:/st/gnu tools arm embedded/8 2019-q3-update/bin/../lib/gcc/arm-none-eabi/8.3.1/../../../../arm-none-eabi/lib/thumb/v7e-m+fp/hard\libc_nano.a(lib_a-memcpy-stub.o)
                              _build/nrf52832_xxaa/nrf_log_frontend.c.o (memcpy)
c:/st/gnu tools arm embedded/8 2019-q3-update/bin/../lib/gcc/arm-none-eabi/8.3.1/../../../../arm-none-eabi/lib/thumb/v7e-m+fp/hard\libc_nano.a(lib_a-memset.o)
                              c:/st/gnu tools arm embedded/8 2019-q3-update/bin/../lib/gcc/arm-none-eabi/8.3.1/../../../../arm-none-eabi/lib/thumb/v7e-m+fp/hard/crt0.o (memset)
c:/st/gnu tools arm embedded/8 2019-q3-update/bin/../lib/gcc/arm-none-eabi/8.3.1/../../../../arm-none-eabi/lib/thumb/v7e-m+fp/hard\libc_nano.a(lib_a-strcpy.o)
                              _build/nrf52832_xxaa/SEGGER_RTT.c.o (strcpy)
c:/st/gnu tools arm embedded/8 2019-q3-update/bin/../lib/gcc/arm-none-eabi/8.3.1/../../../../arm-none-eabi/lib/thumb/v7e-m+fp/hard\libc_nano.a(lib_a-strlen.o)
                              _build/nrf52832_xxaa/nrf_log_frontend.c.o (strlen)
c:/st/gnu tools arm embedded/8 2019-q3-update/bin/../lib/gcc/arm-none-eabi/8.3.1/../../../../arm-none-eabi/lib/thumb/v7e-m+fp/hard\libnosys.a(_exit.o)
                              c:/st/gnu tools arm embedded/8 2019-q3-update/bin/../lib/gcc/arm-none-eabi/8.3.1/../../../../arm-none-eabi/lib/thumb/v7e-m+fp/hard\libc_nano.a(lib_a-exit.o) (_exit)
c:/st/gnu tools arm embedded/8 2019-q3-update/bin/../lib/gcc/arm-none-eabi/8.3.1/thumb/v7e-m+fp/hard\libgcc.a(_aeabi_ldivmod.o)
                              _build/nrf52832_xxaa/bsp.c.o (__aeabi_ldivmod)
c:/st/gnu tools arm embedded/8 2019-q3-update/bin/../lib/gcc/arm-none-eabi/8.3.1/thumb/v7e-m+fp/hard\libgcc.a(_aeabi_uldivmod.o)
                              _build/nrf52832_xxaa/bsp.c.o (__aeabi_uldivmod)
c:/st/gnu tools arm embedded/8 2019-q3-update/bin/../lib/gcc/arm-none-eabi/8.3.1/thumb/v7e-m+fp/hard\libgcc.a(_udivmoddi4.o)
                              c:/st/gnu tools arm embedded/8 2019-q3-update/bin/../lib/gcc/arm-none-eabi/8.3.1/thumb/v7e-m+fp/hard\libgcc.a(_aeabi_ldivmod.o) (__udivmoddi4)
c:/st/gnu tools arm embedded/8 2019-q3-update/bin/../lib/gcc/arm-none-eabi/8.3.1/thumb/v7e-m+fp/hard\libgcc.a(_dvmd_tls.o)
                              c:/st/gnu tools arm embedded/8 2019-q3-update/bin/../lib/gcc/arm-none-eabi/8.3.1/thumb/v7e-m+fp/hard\libgcc.a(_aeabi_ldivmod.o) (__aeabi_ldiv0)

Allocating common symbols
Common symbol       size              file

nrf_nvic_state      0xc               _build/nrf52832_xxaa/app_util_platform.c.o
nrf_drv_uart_use_easy_dma
                    0x1               _build/nrf52832_xxaa/nrf_drv_uart.c.o
_SEGGER_RTT         0x78              _build/nrf52832_xxaa/SEGGER_RTT.c.o

Discarded input sections

 .text          0x00000000        0x0 c:/st/gnu tools arm embedded/8 2019-q3-update/bin/../lib/gcc/arm-none-eabi/8.3.1/thumb/v7e-m+fp/hard/crti.o
 .data          0x00000000        0x0 c:/st/gnu tools arm embedded/8 2019-q3-update/bin/../lib/gcc/arm-none-eabi/8.3.1/thumb/v7e-m+fp/hard/crti.o
 .bss           0x00000000        0x0 c:/st/gnu tools arm embedded/8 2019-q3-update/bin/../lib/gcc/arm-none-eabi/8.3.1/thumb/v7e-m+fp/hard/crti.o
 .data          0x00000000        0x4 c:/st/gnu tools arm embedded/8 2019-q3-update/bin/../lib/gcc/arm-none-eabi/8.3.1/thumb/v7e-m+fp/hard/crtbegin.o
[...]
Memory Configuration

Name             Origin             Length             Attributes
FLASH            0x00026000         0x0005a000         xr
RAM              0x20002250         0x0000ddb0         xrw
*default*        0x00000000         0xffffffff

Linker script and memory map


.text           0x00026000    0x10f08
 *(.isr_vector)
 .isr_vector    0x00026000      0x200 _build/nrf52832_xxaa/gcc_startup_nrf52.S.o
                0x00026000                __isr_vector
 *(.text*)
 .text          0x00026200       0x40 c:/st/gnu tools arm embedded/8 2019-q3-update/bin/../lib/gcc/arm-none-eabi/8.3.1/thumb/v7e-m+fp/hard/crtbegin.o
 .text          0x00026240       0x74 c:/st/gnu tools arm embedded/8 2019-q3-update/bin/../lib/gcc/arm-none-eabi/8.3.1/../../../../arm-none-eabi/lib/thumb/v7e-m+fp/hard/crt0.o
                0x00026240                _start
                0x00026240                _mainCRTStartup
 .text          0x000262b4       0x3c _build/nrf52832_xxaa/gcc_startup_nrf52.S.o
                0x000262b4                Reset_Handler
                0x000262dc                NMI_Handler
                0x000262de                HardFault_Handler
                0x000262e0                MemoryManagement_Handler
                0x000262e2                BusFault_Handler
                0x000262e4                UsageFault_Handler
                0x000262e6                SVC_Handler
                0x000262e8                DebugMon_Handler
                0x000262ea                PendSV_Handler
                0x000262ec                SysTick_Handler
                0x000262ee                PDM_IRQHandler
                0x000262ee                TEMP_IRQHandler
                0x000262ee                QDEC_IRQHandler
                0x000262ee                TIMER3_IRQHandler
                0x000262ee                RTC0_IRQHandler
                0x000262ee                SPIM0_SPIS0_TWIM0_TWIS0_SPI0_TWI0_IRQHandler
                0x000262ee                PWM1_IRQHandler
                0x000262ee                RADIO_IRQHandler
                0x000262ee                I2S_IRQHandler
                0x000262ee                SWI4_EGU4_IRQHandler
                0x000262ee                TIMER0_IRQHandler
                0x000262ee                FPU_IRQHandler
                0x000262ee                TIMER1_IRQHandler
                0x000262ee                PWM2_IRQHandler
                0x000262ee                ECB_IRQHandler
                0x000262ee                SPIM1_SPIS1_TWIM1_TWIS1_SPI1_TWI1_IRQHandler
                0x000262ee                Default_Handler
                0x000262ee                SAADC_IRQHandler
                0x000262ee                CCM_AAR_IRQHandler
                0x000262ee                WDT_IRQHandler
                0x000262ee                TIMER4_IRQHandler
                0x000262ee                SWI5_EGU5_IRQHandler
                0x000262ee                RNG_IRQHandler
                0x000262ee                RTC2_IRQHandler
                0x000262ee                PWM0_IRQHandler
                0x000262ee                SWI3_EGU3_IRQHandler
                0x000262ee                SWI1_EGU1_IRQHandler
                0x000262ee                SPIM2_SPIS2_SPI2_IRQHandler
                0x000262ee                NFCT_IRQHandler
                0x000262ee                SWI0_EGU0_IRQHandler
                0x000262ee                MWU_IRQHandler
                0x000262ee                TIMER2_IRQHandler
                0x000262ee                COMP_LPCOMP_IRQHandler
 .text.nrf_log_backend_serial_put
                0x000262f0       0xd4 _build/nrf52832_xxaa/nrf_log_backend_serial.c.o
                0x000262f0                nrf_log_backend_serial_put
 .text.uart_evt_handler
                0x000263c4        0xc _build/nrf52832_xxaa/nrf_log_backend_uart.c.o
 .text.nrf_log_backend_uart_flush
                0x000263d0        0x4 _build/nrf52832_xxaa/nrf_log_backend_uart.c.o
 .text.nrf_log_backend_uart_put
                0x000263d4       0x20 _build/nrf52832_xxaa/nrf_log_backend_uart.c.o
 .text.serial_tx
                0x000263f4       0x4c _build/nrf52832_xxaa/nrf_log_backend_uart.c.o
 .text.nrf_log_backend_uart_panic_set
                0x00026440       0x64 _build/nrf52832_xxaa/nrf_log_backend_uart.c.o
 .text.nrf_log_backend_uart_init
                0x000264a4       0x4c _build/nrf52832_xxaa/nrf_log_backend_uart.c.o
                0x000264a4                nrf_log_backend_uart_init
 .text.nrf_log_default_backends_init
                0x000264f0       0x20 _build/nrf52832_xxaa/nrf_log_default_backends.c.o
                0x000264f0                nrf_log_default_backends_init
 .text.nrf_log_init
                0x00026510       0x28 _build/nrf52832_xxaa/nrf_log_frontend.c.o
                0x00026510                nrf_log_init
 .text.nrf_log_module_name_get
                0x00026538       0x58 _build/nrf52832_xxaa/nrf_log_frontend.c.o
                0x00026538                nrf_log_module_name_get
 .text.nrf_log_color_id_get
                0x00026590       0x2c _build/nrf52832_xxaa/nrf_log_frontend.c.o
                0x00026590                nrf_log_color_id_get
 .text.nrf_log_frontend_dequeue
                0x000265bc      0x254 _build/nrf52832_xxaa/nrf_log_frontend.c.o
                0x000265bc                nrf_log_frontend_dequeue
 .text.nrf_log_frontend_std_0
                0x00026810      0x19c _build/nrf52832_xxaa/nrf_log_frontend.c.o
                0x00026810                nrf_log_frontend_std_0
 .text.nrf_log_frontend_std_1
                0x000269ac      0x1a8 _build/nrf52832_xxaa/nrf_log_frontend.c.o
                0x000269ac                nrf_log_frontend_std_1
 .text.nrf_log_frontend_std_2
                0x00026b54      0x1b8 _build/nrf52832_xxaa/nrf_log_frontend.c.o
                0x00026b54                nrf_log_frontend_std_2
 .text.nrf_log_frontend_std_3
                0x00026d0c      0x1c4 _build/nrf52832_xxaa/nrf_log_frontend.c.o
                0x00026d0c                nrf_log_frontend_std_3
 .text.nrf_log_frontend_std_4
                0x00026ed0      0x1d8 _build/nrf52832_xxaa/nrf_log_frontend.c.o
                0x00026ed0                nrf_log_frontend_std_4
 .text.nrf_log_backend_add
                0x000270a8       0x74 _build/nrf52832_xxaa/nrf_log_frontend.c.o
                0x000270a8                nrf_log_backend_add
 .text.nrf_log_panic
                0x0002711c       0x28 _build/nrf52832_xxaa/nrf_log_frontend.c.o
                0x0002711c                nrf_log_panic
 .text.prefix_process
                0x00027144       0x80 _build/nrf52832_xxaa/nrf_log_str_formatter.c.o
 .text.nrf_log_std_entry_process
                0x000271c4       0xec _build/nrf52832_xxaa/nrf_log_str_formatter.c.o
                0x000271c4                nrf_log_std_entry_process
 .text.nrf_log_hexdump_entry_process
                0x000272b0       0xfc _build/nrf52832_xxaa/nrf_log_str_formatter.c.o
                0x000272b0                nrf_log_hexdump_entry_process
 .text.gpiote_event_handler
                0x000273ac       0x78 _build/nrf52832_xxaa/app_button.c.o
 .text.evt_handle
                0x00027424      0x1d8 _build/nrf52832_xxaa/app_button.c.o
                0x00027424                evt_handle
 .text.detection_delay_timeout_handler
                0x000275fc       0x78 _build/nrf52832_xxaa/app_button.c.o
 .text.app_button_init
                0x00027674       0xc0 _build/nrf52832_xxaa/app_button.c.o
                0x00027674                app_button_init
 .text.app_button_enable
                0x00027734       0x2c _build/nrf52832_xxaa/app_button.c.o
                0x00027734                app_button_enable
 .text.app_error_handler_bare
                0x00027760       0x20 _build/nrf52832_xxaa/app_error.c.o
                0x00027760                app_error_handler_bare
 .text.app_error_fault_handler
                0x00027780       0x70 _build/nrf52832_xxaa/app_error_weak.c.o
                0x00027780                app_error_fault_handler
 .text.compare_func
                0x000277f0       0x18 _build/nrf52832_xxaa/app_timer2.c.o
 .text.rtc_irq  0x00027808      0x31c _build/nrf52832_xxaa/app_timer2.c.o
 .text.app_timer_init
                0x00027b24       0x6c _build/nrf52832_xxaa/app_timer2.c.o
                0x00027b24                app_timer_init
 .text.app_timer_create
                0x00027b90       0x1c _build/nrf52832_xxaa/app_timer2.c.o
                0x00027b90                app_timer_create
 .text.app_timer_start
                0x00027bac       0x98 _build/nrf52832_xxaa/app_timer2.c.o
                0x00027bac                app_timer_start
 .text.app_timer_stop
                0x00027c44       0x44 _build/nrf52832_xxaa/app_timer2.c.o
                0x00027c44                app_timer_stop
 .text.app_util_critical_region_enter
                0x00027c88       0x4c _build/nrf52832_xxaa/app_util_platform.c.o
                0x00027c88                app_util_critical_region_enter
 .text.app_util_critical_region_exit
                0x00027cd4       0x30 _build/nrf52832_xxaa/app_util_platform.c.o
                0x00027cd4                app_util_critical_region_exit
 .text.drv_rtc_init
                0x00027d04       0xb4 _build/nrf52832_xxaa/drv_rtc.c.o
                0x00027d04                drv_rtc_init
 .text.drv_rtc_start
                0x00027db8        0x8 _build/nrf52832_xxaa/drv_rtc.c.o
                0x00027db8                drv_rtc_start
 .text.drv_rtc_stop
                0x00027dc0        0x8 _build/nrf52832_xxaa/drv_rtc.c.o
                0x00027dc0                drv_rtc_stop
 .text.drv_rtc_compare_set
                0x00027dc8       0x4c _build/nrf52832_xxaa/drv_rtc.c.o
                0x00027dc8                drv_rtc_compare_set
 .text.drv_rtc_windowed_compare_set
                0x00027e14      0x104 _build/nrf52832_xxaa/drv_rtc.c.o
                0x00027e14                drv_rtc_windowed_compare_set
 .text.drv_rtc_overflow_enable
                0x00027f18       0x14 _build/nrf52832_xxaa/drv_rtc.c.o
                0x00027f18                drv_rtc_overflow_enable
 .text.drv_rtc_overflow_pending
                0x00027f2c       0x20 _build/nrf52832_xxaa/drv_rtc.c.o
                0x00027f2c                drv_rtc_overflow_pending
 .text.drv_rtc_compare_disable
                0x00027f4c       0x18 _build/nrf52832_xxaa/drv_rtc.c.o
                0x00027f4c                drv_rtc_compare_disable
 .text.drv_rtc_compare_pending
                0x00027f64       0x20 _build/nrf52832_xxaa/drv_rtc.c.o
                0x00027f64                drv_rtc_compare_pending
 .text.drv_rtc_counter_get
                0x00027f84        0x8 _build/nrf52832_xxaa/drv_rtc.c.o
                0x00027f84                drv_rtc_counter_get
 .text.drv_rtc_irq_trigger
                0x00027f8c       0x24 _build/nrf52832_xxaa/drv_rtc.c.o
                0x00027f8c                drv_rtc_irq_trigger
 .text.RTC1_IRQHandler
                0x00027fb0       0x14 _build/nrf52832_xxaa/drv_rtc.c.o
                0x00027fb0                RTC1_IRQHandler
 .text.page_scan
                0x00027fc4       0xe8 _build/nrf52832_xxaa/fds.c.o
 .text.record_find_by_desc
                0x000280ac       0xf8 _build/nrf52832_xxaa/fds.c.o
 .text.queue_process
                0x000281a4      0x97c _build/nrf52832_xxaa/fds.c.o
 .text.fs_event_handler
                0x00028b20        0x8 _build/nrf52832_xxaa/fds.c.o
 .text.write_enqueue.part.6
                0x00028b28      0x150 _build/nrf52832_xxaa/fds.c.o
 .text.fds_register
                0x00028c78       0x30 _build/nrf52832_xxaa/fds.c.o
                0x00028c78                fds_register
 .text.fds_init
                0x00028ca8      0x2a4 _build/nrf52832_xxaa/fds.c.o
                0x00028ca8                fds_init
 .text.fds_record_open
                0x00028f4c       0x54 _build/nrf52832_xxaa/fds.c.o
                0x00028f4c                fds_record_open
 .text.fds_record_close
                0x00028fa0       0x54 _build/nrf52832_xxaa/fds.c.o
                0x00028fa0                fds_record_close
 .text.fds_record_write
                0x00028ff4      0x164 _build/nrf52832_xxaa/fds.c.o
                0x00028ff4                fds_record_write
 .text.fds_record_update
                0x00029158       0x4c _build/nrf52832_xxaa/fds.c.o
                0x00029158                fds_record_update
 .text.fds_file_delete
                0x000291a4       0x84 _build/nrf52832_xxaa/fds.c.o
                0x000291a4                fds_file_delete
 .text.fds_gc   0x00029228       0x78 _build/nrf52832_xxaa/fds.c.o
                0x00029228                fds_gc
 .text.fds_record_find
                0x000292a0       0xfc _build/nrf52832_xxaa/fds.c.o
                0x000292a0                fds_record_find
 .text.fds_record_find_by_key
                0x0002939c       0xec _build/nrf52832_xxaa/fds.c.o
                0x0002939c                fds_record_find_by_key
 .text.fds_record_find_in_file
                0x00029488       0xec _build/nrf52832_xxaa/fds.c.o
                0x00029488                fds_record_find_in_file
 .text.fds_record_id_from_desc
                0x00029574       0x14 _build/nrf52832_xxaa/fds.c.o
                0x00029574                fds_record_id_from_desc
 .text.fds_stat
                0x00029588      0x154 _build/nrf52832_xxaa/fds.c.o
                0x00029588                fds_stat
 .text.nrf_atfifo_init
                0x000296dc       0x30 _build/nrf52832_xxaa/nrf_atfifo.c.o
                0x000296dc                nrf_atfifo_init
 .text.nrf_atfifo_clear
                0x0002970c       0x44 _build/nrf52832_xxaa/nrf_atfifo.c.o
                0x0002970c                nrf_atfifo_clear
 .text.nrf_atfifo_item_alloc
                0x00029750       0x5c _build/nrf52832_xxaa/nrf_atfifo.c.o
                0x00029750                nrf_atfifo_item_alloc
 .text.nrf_atfifo_item_put
                0x000297ac       0x20 _build/nrf52832_xxaa/nrf_atfifo.c.o
                0x000297ac                nrf_atfifo_item_put
 .text.nrf_atfifo_item_get
                0x000297cc       0x60 _build/nrf52832_xxaa/nrf_atfifo.c.o
                0x000297cc                nrf_atfifo_item_get
 .text.nrf_atfifo_item_free
                0x0002982c       0x20 _build/nrf52832_xxaa/nrf_atfifo.c.o
                0x0002982c                nrf_atfifo_item_free
 .text.nrf_atflags_set
                0x0002984c       0x14 _build/nrf52832_xxaa/nrf_atflags.c.o
                0x0002984c                nrf_atflags_set
 .text.nrf_atflags_fetch_set
                0x00029860       0x20 _build/nrf52832_xxaa/nrf_atflags.c.o
                0x00029860                nrf_atflags_fetch_set
 .text.nrf_atflags_clear
                0x00029880       0x14 _build/nrf52832_xxaa/nrf_atflags.c.o
                0x00029880                nrf_atflags_clear
 .text.nrf_atflags_get
                0x00029894       0x14 _build/nrf52832_xxaa/nrf_atflags.c.o
                0x00029894                nrf_atflags_get
 .text.nrf_atflags_find_and_set_flag
                0x000298a8       0x80 _build/nrf52832_xxaa/nrf_atflags.c.o
                0x000298a8                nrf_atflags_find_and_set_flag
 .text.nrf_atomic_u32_fetch_store
                0x00029928       0x14 _build/nrf52832_xxaa/nrf_atomic.c.o
                0x00029928                nrf_atomic_u32_fetch_store
 .text.nrf_atomic_u32_fetch_or
                0x0002993c       0x18 _build/nrf52832_xxaa/nrf_atomic.c.o
                0x0002993c                nrf_atomic_u32_fetch_or
 .text.nrf_atomic_u32_or
                0x00029954       0x18 _build/nrf52832_xxaa/nrf_atomic.c.o
                0x00029954                nrf_atomic_u32_or
 .text.nrf_atomic_u32_and
                0x0002996c       0x18 _build/nrf52832_xxaa/nrf_atomic.c.o
                0x0002996c                nrf_atomic_u32_and
 .text.nrf_atomic_u32_fetch_add
                0x00029984       0x18 _build/nrf52832_xxaa/nrf_atomic.c.o
                0x00029984                nrf_atomic_u32_fetch_add
 .text.nrf_atomic_u32_add
                0x0002999c       0x18 _build/nrf52832_xxaa/nrf_atomic.c.o
                0x0002999c                nrf_atomic_u32_add
 .text.nrf_atomic_u32_sub
                0x000299b4       0x18 _build/nrf52832_xxaa/nrf_atomic.c.o
                0x000299b4                nrf_atomic_u32_sub
 .text.nrf_atomic_flag_set_fetch
                0x000299cc       0x18 _build/nrf52832_xxaa/nrf_atomic.c.o
                0x000299cc                nrf_atomic_flag_set_fetch
 .text.nrf_atomic_flag_set
                0x000299e4       0x18 _build/nrf52832_xxaa/nrf_atomic.c.o
                0x000299e4                nrf_atomic_flag_set
 .text.nrf_atomic_flag_clear_fetch
                0x000299fc       0x18 _build/nrf52832_xxaa/nrf_atomic.c.o
                0x000299fc                nrf_atomic_flag_clear_fetch
 .text.nrf_balloc_init
                0x00029a14       0x38 _build/nrf52832_xxaa/nrf_balloc.c.o
                0x00029a14                nrf_balloc_init
 .text.nrf_balloc_alloc
                0x00029a4c       0x50 _build/nrf52832_xxaa/nrf_balloc.c.o
                0x00029a4c                nrf_balloc_alloc
 .text.nrf_balloc_free
                0x00029a9c       0x38 _build/nrf52832_xxaa/nrf_balloc.c.o
                0x00029a9c                nrf_balloc_free
 .text.nrf_fprintf_buffer_flush
                0x00029ad4       0x18 _build/nrf52832_xxaa/nrf_fprintf.c.o
                0x00029ad4                nrf_fprintf_buffer_flush
 .text.nrf_fprintf
                0x00029aec       0x20 _build/nrf52832_xxaa/nrf_fprintf.c.o
                0x00029aec                nrf_fprintf
 .text.unsigned_print
                0x00029b0c      0x110 _build/nrf52832_xxaa/nrf_fprintf_format.c.o
 .text.nrf_fprintf_fmt
                0x00029c1c      0x5e8 _build/nrf52832_xxaa/nrf_fprintf_format.c.o
                0x00029c1c                nrf_fprintf_fmt
 .text.nrf_fstorage_init
                0x0002a204       0x5c _build/nrf52832_xxaa/nrf_fstorage.c.o
                0x0002a204                nrf_fstorage_init
 .text.nrf_fstorage_write
                0x0002a260      0x13c _build/nrf52832_xxaa/nrf_fstorage.c.o
                0x0002a260                nrf_fstorage_write
 .text.nrf_fstorage_erase
                0x0002a39c       0xf4 _build/nrf52832_xxaa/nrf_fstorage.c.o
                0x0002a39c                nrf_fstorage_erase
 .text.sd_flash_write
                0x0002a490        0x4 _build/nrf52832_xxaa/nrf_fstorage_sd.c.o
 .text.sd_flash_page_erase
                0x0002a494        0x4 _build/nrf52832_xxaa/nrf_fstorage_sd.c.o
 .text.rmap     0x0002a498        0x4 _build/nrf52832_xxaa/nrf_fstorage_sd.c.o
 .text.wmap     0x0002a49c        0x4 _build/nrf52832_xxaa/nrf_fstorage_sd.c.o
 .text.is_busy  0x0002a4a0       0x10 _build/nrf52832_xxaa/nrf_fstorage_sd.c.o
 .text.nrf_fstorage_sdh_req_handler
                0x0002a4b0       0x14 _build/nrf52832_xxaa/nrf_fstorage_sd.c.o
                0x0002a4b0                nrf_fstorage_sdh_req_handler
 .text.read     0x0002a4c4       0x10 _build/nrf52832_xxaa/nrf_fstorage_sd.c.o
 .text.uninit   0x0002a4d4       0x20 _build/nrf52832_xxaa/nrf_fstorage_sd.c.o
 .text.init     0x0002a4f4       0x3c _build/nrf52832_xxaa/nrf_fstorage_sd.c.o
 .text.queue_process
                0x0002a530      0x188 _build/nrf52832_xxaa/nrf_fstorage_sd.c.o
 .text.nrf_fstorage_sdh_state_handler
                0x0002a6b8       0x24 _build/nrf52832_xxaa/nrf_fstorage_sd.c.o
                0x0002a6b8                nrf_fstorage_sdh_state_handler
 .text.write    0x0002a6dc       0x74 _build/nrf52832_xxaa/nrf_fstorage_sd.c.o
 .text.erase    0x0002a750       0x70 _build/nrf52832_xxaa/nrf_fstorage_sd.c.o
 .text.nrf_fstorage_sys_evt_handler
                0x0002a7c0       0xe8 _build/nrf52832_xxaa/nrf_fstorage_sd.c.o
                0x0002a7c0                nrf_fstorage_sys_evt_handler
 .text.nrf_memobj_pool_init
                0x0002a8a8        0x4 _build/nrf52832_xxaa/nrf_memobj.c.o
                0x0002a8a8                nrf_memobj_pool_init
 .text.nrf_memobj_alloc
                0x0002a8ac       0x98 _build/nrf52832_xxaa/nrf_memobj.c.o
                0x0002a8ac                nrf_memobj_alloc
 .text.nrf_memobj_free
                0x0002a944       0x3c _build/nrf52832_xxaa/nrf_memobj.c.o
                0x0002a944                nrf_memobj_free
 .text.nrf_memobj_get
                0x0002a980        0x8 _build/nrf52832_xxaa/nrf_memobj.c.o
                0x0002a980                nrf_memobj_get
 .text.nrf_memobj_put
                0x0002a988       0x58 _build/nrf52832_xxaa/nrf_memobj.c.o
                0x0002a988                nrf_memobj_put
 .text.nrf_memobj_write
                0x0002a9e0       0x68 _build/nrf52832_xxaa/nrf_memobj.c.o
                0x0002a9e0                nrf_memobj_write
 .text.nrf_memobj_read
                0x0002aa48       0x68 _build/nrf52832_xxaa/nrf_memobj.c.o
                0x0002aa48                nrf_memobj_read
 .text.sd_app_evt_wait
                0x0002aab0        0x4 _build/nrf52832_xxaa/nrf_pwr_mgmt.c.o
 .text.nrf_pwr_mgmt_init
                0x0002aab4       0x2c _build/nrf52832_xxaa/nrf_pwr_mgmt.c.o
                0x0002aab4                nrf_pwr_mgmt_init
 .text.nrf_pwr_mgmt_run
                0x0002aae0       0x54 _build/nrf52832_xxaa/nrf_pwr_mgmt.c.o
                0x0002aae0                nrf_pwr_mgmt_run
 .text.nrf_queue_push
                0x0002ab34       0xe0 _build/nrf52832_xxaa/nrf_queue.c.o
                0x0002ab34                nrf_queue_push
 .text.nrf_queue_generic_pop
                0x0002ac14       0xd0 _build/nrf52832_xxaa/nrf_queue.c.o
                0x0002ac14                nrf_queue_generic_pop
 .text.nrf_queue_is_empty
                0x0002ace4       0x10 _build/nrf52832_xxaa/nrf_queue.c.o
                0x0002ace4                nrf_queue_is_empty
 .text.nrf_ringbuf_init
                0x0002acf4       0x1c _build/nrf52832_xxaa/nrf_ringbuf.c.o
                0x0002acf4                nrf_ringbuf_init
 .text.nrf_section_iter_init
                0x0002ad10       0x14 _build/nrf52832_xxaa/nrf_section_iter.c.o
                0x0002ad10                nrf_section_iter_init
 .text.nrf_section_iter_next
                0x0002ad24       0x18 _build/nrf52832_xxaa/nrf_section_iter.c.o
                0x0002ad24                nrf_section_iter_next
 .text.nrf_sortlist_add
                0x0002ad3c       0x28 _build/nrf52832_xxaa/nrf_sortlist.c.o
                0x0002ad3c                nrf_sortlist_add
 .text.nrf_sortlist_pop
                0x0002ad64        0xc _build/nrf52832_xxaa/nrf_sortlist.c.o
                0x0002ad64                nrf_sortlist_pop
 .text.nrf_sortlist_peek
                0x0002ad70        0x8 _build/nrf52832_xxaa/nrf_sortlist.c.o
                0x0002ad70                nrf_sortlist_peek
 .text.nrf_sortlist_remove
                0x0002ad78       0x28 _build/nrf52832_xxaa/nrf_sortlist.c.o
                0x0002ad78                nrf_sortlist_remove
 .text.nrf_strerror_get
                0x0002ada0       0x88 _build/nrf52832_xxaa/nrf_strerror.c.o
                0x0002ada0                nrf_strerror_get
 .text.sensorsim_init
                0x0002ae28       0x1c _build/nrf52832_xxaa/sensorsim.c.o
                0x0002ae28                sensorsim_init
 .text.sensorsim_measure
                0x0002ae44       0x50 _build/nrf52832_xxaa/sensorsim.c.o
                0x0002ae44                sensorsim_measure
 .text.SystemInit
                0x0002ae94      0x318 _build/nrf52832_xxaa/system_nrf52.c.o
                0x0002ae94                SystemInit
 .text.bsp_board_led_state_get
                0x0002b1ac       0x1c _build/nrf52832_xxaa/boards.c.o
                0x0002b1ac                bsp_board_led_state_get
 .text.bsp_board_led_on
                0x0002b1c8       0x18 _build/nrf52832_xxaa/boards.c.o
                0x0002b1c8                bsp_board_led_on
 .text.bsp_board_led_off
                0x0002b1e0       0x18 _build/nrf52832_xxaa/boards.c.o
                0x0002b1e0                bsp_board_led_off
 .text.bsp_board_leds_off
                0x0002b1f8       0x2c _build/nrf52832_xxaa/boards.c.o
                0x0002b1f8                bsp_board_leds_off
 .text.bsp_board_leds_on
                0x0002b224       0x2c _build/nrf52832_xxaa/boards.c.o
                0x0002b224                bsp_board_leds_on
 .text.bsp_board_led_invert
                0x0002b250       0x24 _build/nrf52832_xxaa/boards.c.o
                0x0002b250                bsp_board_led_invert
 .text.bsp_board_button_state_get
                0x0002b274       0x1c _build/nrf52832_xxaa/boards.c.o
                0x0002b274                bsp_board_button_state_get
 .text.bsp_board_pin_to_button_idx
                0x0002b290       0x24 _build/nrf52832_xxaa/boards.c.o
                0x0002b290                bsp_board_pin_to_button_idx
 .text.bsp_board_button_idx_to_pin
                0x0002b2b4        0xc _build/nrf52832_xxaa/boards.c.o
                0x0002b2b4                bsp_board_button_idx_to_pin
 .text.bsp_board_init
                0x0002b2c0       0x5c _build/nrf52832_xxaa/boards.c.o
                0x0002b2c0                bsp_board_init
 .text.clock_irq_handler
                0x0002b31c       0x44 _build/nrf52832_xxaa/nrf_drv_clock.c.o
 .text.soc_evt_handler
                0x0002b360       0x28 _build/nrf52832_xxaa/nrf_drv_clock.c.o
 .text.sd_state_evt_handler
                0x0002b388       0xc4 _build/nrf52832_xxaa/nrf_drv_clock.c.o
 .text.uarte_evt_handler
                0x0002b44c       0x34 _build/nrf52832_xxaa/nrf_drv_uart.c.o
 .text.uart_evt_handler
                0x0002b480       0x34 _build/nrf52832_xxaa/nrf_drv_uart.c.o
 .text.nrf_drv_uart_init
                0x0002b4b4       0x7c _build/nrf52832_xxaa/nrf_drv_uart.c.o
                0x0002b4b4                nrf_drv_uart_init
 .text.nrfx_clock_init
                0x0002b530       0x18 _build/nrf52832_xxaa/nrfx_clock.c.o
                0x0002b530                nrfx_clock_init
 .text.nrfx_clock_enable
                0x0002b548       0x24 _build/nrf52832_xxaa/nrfx_clock.c.o
                0x0002b548                nrfx_clock_enable
 .text.nrfx_clock_lfclk_stop
                0x0002b56c       0x38 _build/nrf52832_xxaa/nrfx_clock.c.o
                0x0002b56c                nrfx_clock_lfclk_stop
 .text.POWER_CLOCK_IRQHandler
                0x0002b5a4       0x64 _build/nrf52832_xxaa/nrfx_clock.c.o
                0x0002b5a4                POWER_CLOCK_IRQHandler
 .text.nrfx_gpiote_init
                0x0002b608       0x98 _build/nrf52832_xxaa/nrfx_gpiote.c.o
                0x0002b608                nrfx_gpiote_init
 .text.nrfx_gpiote_is_init
                0x0002b6a0       0x14 _build/nrf52832_xxaa/nrfx_gpiote.c.o
                0x0002b6a0                nrfx_gpiote_is_init
 .text.nrfx_gpiote_in_init
                0x0002b6b4      0x1b0 _build/nrf52832_xxaa/nrfx_gpiote.c.o
                0x0002b6b4                nrfx_gpiote_in_init
 .text.nrfx_gpiote_in_event_enable
                0x0002b864       0xc0 _build/nrf52832_xxaa/nrfx_gpiote.c.o
                0x0002b864                nrfx_gpiote_in_event_enable
 .text.nrfx_gpiote_in_is_set
                0x0002b924       0x14 _build/nrf52832_xxaa/nrfx_gpiote.c.o
                0x0002b924                nrfx_gpiote_in_is_set
 .text.GPIOTE_IRQHandler
                0x0002b938      0x438 _build/nrf52832_xxaa/nrfx_gpiote.c.o
                0x0002b938                GPIOTE_IRQHandler
 .text.UARTE0_UART0_IRQHandler
                0x0002bd70        0xc _build/nrf52832_xxaa/nrfx_prs.c.o
                0x0002bd70                UARTE0_UART0_IRQHandler
 .text.nrfx_prs_acquire
                0x0002bd7c       0x50 _build/nrf52832_xxaa/nrfx_prs.c.o
                0x0002bd7c                nrfx_prs_acquire
 .text.nrfx_prs_release
                0x0002bdcc       0x18 _build/nrf52832_xxaa/nrfx_prs.c.o
                0x0002bdcc                nrfx_prs_release
 .text.nrfx_uart_0_irq_handler
                0x0002bde4      0x1c4 _build/nrf52832_xxaa/nrfx_uart.c.o
                0x0002bde4                nrfx_uart_0_irq_handler
 .text.nrfx_uart_init
                0x0002bfa8      0x198 _build/nrf52832_xxaa/nrfx_uart.c.o
                0x0002bfa8                nrfx_uart_init
 .text.nrfx_uart_uninit
                0x0002c140       0xd8 _build/nrf52832_xxaa/nrfx_uart.c.o
                0x0002c140                nrfx_uart_uninit
 .text.nrfx_uart_tx
                0x0002c218       0xd0 _build/nrf52832_xxaa/nrfx_uart.c.o
                0x0002c218                nrfx_uart_tx
 .text.nrfx_uarte_0_irq_handler
                0x0002c2e8      0x160 _build/nrf52832_xxaa/nrfx_uarte.c.o
                0x0002c2e8                nrfx_uarte_0_irq_handler
 .text.nrfx_uarte_init
                0x0002c448      0x1d0 _build/nrf52832_xxaa/nrfx_uarte.c.o
                0x0002c448                nrfx_uarte_init
 .text.nrfx_uarte_uninit
                0x0002c618      0x13c _build/nrf52832_xxaa/nrfx_uarte.c.o
                0x0002c618                nrfx_uarte_uninit
 .text.nrfx_uarte_tx
                0x0002c754       0xb4 _build/nrf52832_xxaa/nrfx_uarte.c.o
                0x0002c754                nrfx_uarte_tx
 .text.alert_timer_handler
                0x0002c808        0x8 _build/nrf52832_xxaa/bsp.c.o
 .text.bsp_button_event_handler
                0x0002c810       0xa4 _build/nrf52832_xxaa/bsp.c.o
 .text.button_timer_handler
                0x0002c8b4       0x30 _build/nrf52832_xxaa/bsp.c.o
 .text.bsp_led_indication
                0x0002c8e4      0x31c _build/nrf52832_xxaa/bsp.c.o
 .text.leds_timer_handler
                0x0002cc00       0x1c _build/nrf52832_xxaa/bsp.c.o
 .text.bsp_button_is_pressed
                0x0002cc1c        0xc _build/nrf52832_xxaa/bsp.c.o
                0x0002cc1c                bsp_button_is_pressed
 .text.bsp_indication_set
                0x0002cc28       0x18 _build/nrf52832_xxaa/bsp.c.o
                0x0002cc28                bsp_indication_set
 .text.bsp_init
                0x0002cc40       0xc0 _build/nrf52832_xxaa/bsp.c.o
                0x0002cc40                bsp_init
 .text.bsp_event_to_button_action_assign
                0x0002cd00       0x58 _build/nrf52832_xxaa/bsp.c.o
                0x0002cd00                bsp_event_to_button_action_assign
 .text.bsp_wakeup_button_enable
                0x0002cd58       0x30 _build/nrf52832_xxaa/bsp.c.o
                0x0002cd58                bsp_wakeup_button_enable
 .text.ble_evt_handler
                0x0002cd88       0xac _build/nrf52832_xxaa/bsp_btn_ble.c.o
 .text.bsp_btn_ble_sleep_mode_prepare
                0x0002ce34       0x24 _build/nrf52832_xxaa/bsp_btn_ble.c.o
                0x0002ce34                bsp_btn_ble_sleep_mode_prepare
 .text.bsp_btn_ble_init
                0x0002ce58       0x6c _build/nrf52832_xxaa/bsp_btn_ble.c.o
                0x0002ce58                bsp_btn_ble_init
 .text.sd_ble_gap_disconnect
                0x0002cec4        0x4 _build/nrf52832_xxaa/main.c.o
 .text.sd_ble_gap_appearance_set
                0x0002cec8        0x4 _build/nrf52832_xxaa/main.c.o
 .text.sd_ble_gap_ppcp_set
                0x0002cecc        0x4 _build/nrf52832_xxaa/main.c.o
 .text.sd_ble_gap_device_name_set
                0x0002ced0        0x4 _build/nrf52832_xxaa/main.c.o
 .text.sd_ble_gap_phy_update
                0x0002ced4        0x4 _build/nrf52832_xxaa/main.c.o
 .text.sd_power_system_off
                0x0002ced8        0x4 _build/nrf52832_xxaa/main.c.o
 .text.service_error_handler
                0x0002cedc        0x4 _build/nrf52832_xxaa/main.c.o
 .text.battery_level_meas_timeout_handler
                0x0002cee0       0x40 _build/nrf52832_xxaa/main.c.o
 .text.ble_evt_handler
                0x0002cf20       0xc0 _build/nrf52832_xxaa/main.c.o
 .text.on_conn_params_evt
                0x0002cfe0       0x24 _build/nrf52832_xxaa/main.c.o
 .text.blood_pressure_measurement_send.part.2
                0x0002d004       0xe8 _build/nrf52832_xxaa/main.c.o
 .text.bsp_event_handler
                0x0002d0ec       0xbc _build/nrf52832_xxaa/main.c.o
 .text.conn_params_error_handler
                0x0002d1a8        0x4 _build/nrf52832_xxaa/main.c.o
 .text.nrf_qwr_error_handler
                0x0002d1ac        0x4 _build/nrf52832_xxaa/main.c.o
 .text.on_adv_evt
                0x0002d1b0       0x60 _build/nrf52832_xxaa/main.c.o
 .text.on_bps_evt
                0x0002d210       0x48 _build/nrf52832_xxaa/main.c.o
 .text.pm_evt_handler
                0x0002d258       0x80 _build/nrf52832_xxaa/main.c.o
 .text.startup.main
                0x0002d2d8      0x468 _build/nrf52832_xxaa/main.c.o
                0x0002d2d8                main
 .text.sd_ble_gap_addr_get
                0x0002d740        0x4 _build/nrf52832_xxaa/ble_advdata.c.o
 .text.sd_ble_gap_appearance_get
                0x0002d744        0x4 _build/nrf52832_xxaa/ble_advdata.c.o
 .text.sd_ble_gap_device_name_get
                0x0002d748        0x4 _build/nrf52832_xxaa/ble_advdata.c.o
 .text.sd_ble_uuid_encode
                0x0002d74c        0x4 _build/nrf52832_xxaa/ble_advdata.c.o
 .text.uuid_list_sized_encode.isra.0
                0x0002d750       0xec _build/nrf52832_xxaa/ble_advdata.c.o
 .text.ble_advdata_encode
                0x0002d83c      0x410 _build/nrf52832_xxaa/ble_advdata.c.o
                0x0002d83c                ble_advdata_encode
 .text.ble_advdata_parse
                0x0002dc4c       0x78 _build/nrf52832_xxaa/ble_advdata.c.o
                0x0002dc4c                ble_advdata_parse
 .text.sd_ble_gap_adv_set_configure
                0x0002dcc4        0x4 _build/nrf52832_xxaa/ble_advertising.c.o
 .text.sd_ble_gap_adv_start
                0x0002dcc8        0x4 _build/nrf52832_xxaa/ble_advertising.c.o
 .text.sd_ble_gap_adv_stop
                0x0002dccc        0x4 _build/nrf52832_xxaa/ble_advertising.c.o
 .text.ble_advertising_start.part.4
                0x0002dcd0      0x2cc _build/nrf52832_xxaa/ble_advertising.c.o
 .text.ble_advertising_conn_cfg_tag_set
                0x0002df9c        0x8 _build/nrf52832_xxaa/ble_advertising.c.o
                0x0002df9c                ble_advertising_conn_cfg_tag_set
 .text.ble_advertising_init
                0x0002dfa4      0x108 _build/nrf52832_xxaa/ble_advertising.c.o
                0x0002dfa4                ble_advertising_init
 .text.ble_advertising_start
                0x0002e0ac        0xc _build/nrf52832_xxaa/ble_advertising.c.o
                0x0002e0ac                ble_advertising_start
 .text.ble_advertising_on_ble_evt
                0x0002e0b8       0x88 _build/nrf52832_xxaa/ble_advertising.c.o
                0x0002e0b8                ble_advertising_on_ble_evt
 .text.ble_advertising_restart_without_whitelist
                0x0002e140       0x60 _build/nrf52832_xxaa/ble_advertising.c.o
                0x0002e140                ble_advertising_restart_without_whitelist
 .text.sd_ble_gap_conn_param_update
                0x0002e1a0        0x4 _build/nrf52832_xxaa/ble_conn_params.c.o
 .text.sd_ble_gap_disconnect
                0x0002e1a4        0x4 _build/nrf52832_xxaa/ble_conn_params.c.o
 .text.sd_ble_gap_ppcp_set
                0x0002e1a8        0x4 _build/nrf52832_xxaa/ble_conn_params.c.o
 .text.sd_ble_gap_ppcp_get
                0x0002e1ac        0x4 _build/nrf52832_xxaa/ble_conn_params.c.o
 .text.update_timeout_handler
                0x0002e1b0       0x78 _build/nrf52832_xxaa/ble_conn_params.c.o
 .text.ble_evt_handler
                0x0002e228      0x1ec _build/nrf52832_xxaa/ble_conn_params.c.o
 .text.ble_conn_params_init
                0x0002e414       0x78 _build/nrf52832_xxaa/ble_conn_params.c.o
                0x0002e414                ble_conn_params_init
 .text.ble_evt_handler
                0x0002e48c      0x15c _build/nrf52832_xxaa/ble_conn_state.c.o
 .text.ble_conn_state_valid
                0x0002e5e8       0x14 _build/nrf52832_xxaa/ble_conn_state.c.o
                0x0002e5e8                ble_conn_state_valid
 .text.ble_conn_state_role
                0x0002e5fc       0x34 _build/nrf52832_xxaa/ble_conn_state.c.o
                0x0002e5fc                ble_conn_state_role
 .text.ble_conn_state_status
                0x0002e630       0x34 _build/nrf52832_xxaa/ble_conn_state.c.o
                0x0002e630                ble_conn_state_status
 .text.ble_conn_state_encrypted
                0x0002e664       0x30 _build/nrf52832_xxaa/ble_conn_state.c.o
                0x0002e664                ble_conn_state_encrypted
 .text.ble_conn_state_mitm_protected
                0x0002e694       0x30 _build/nrf52832_xxaa/ble_conn_state.c.o
                0x0002e694                ble_conn_state_mitm_protected
 .text.ble_conn_state_lesc
                0x0002e6c4       0x30 _build/nrf52832_xxaa/ble_conn_state.c.o
                0x0002e6c4                ble_conn_state_lesc
 .text.ble_conn_state_conn_handles
                0x0002e6f4       0x50 _build/nrf52832_xxaa/ble_conn_state.c.o
                0x0002e6f4                ble_conn_state_conn_handles
 .text.ble_conn_state_user_flag_acquire
                0x0002e744       0x14 _build/nrf52832_xxaa/ble_conn_state.c.o
                0x0002e744                ble_conn_state_user_flag_acquire
 .text.ble_conn_state_user_flag_get
                0x0002e758       0x38 _build/nrf52832_xxaa/ble_conn_state.c.o
                0x0002e758                ble_conn_state_user_flag_get
 .text.ble_conn_state_user_flag_set
                0x0002e790       0x44 _build/nrf52832_xxaa/ble_conn_state.c.o
                0x0002e790                ble_conn_state_user_flag_set
 .text.ble_conn_state_for_each_set_user_flag
                0x0002e7d4       0x58 _build/nrf52832_xxaa/ble_conn_state.c.o
                0x0002e7d4                ble_conn_state_for_each_set_user_flag
 .text.sd_ble_gatts_characteristic_add
                0x0002e82c        0x4 _build/nrf52832_xxaa/ble_srv_common.c.o
 .text.sd_ble_gatts_descriptor_add
                0x0002e830        0x4 _build/nrf52832_xxaa/ble_srv_common.c.o
 .text.ble_srv_is_notification_enabled
                0x0002e834        0x8 _build/nrf52832_xxaa/ble_srv_common.c.o
                0x0002e834                ble_srv_is_notification_enabled
 .text.ble_srv_is_indication_enabled
                0x0002e83c        0x8 _build/nrf52832_xxaa/ble_srv_common.c.o
                0x0002e83c                ble_srv_is_indication_enabled
 .text.ble_srv_report_ref_encode
                0x0002e844        0xc _build/nrf52832_xxaa/ble_srv_common.c.o
                0x0002e844                ble_srv_report_ref_encode
 .text.ble_srv_ascii_to_utf8
                0x0002e850       0x14 _build/nrf52832_xxaa/ble_srv_common.c.o
                0x0002e850                ble_srv_ascii_to_utf8
 .text.characteristic_add
                0x0002e864      0x270 _build/nrf52832_xxaa/ble_srv_common.c.o
                0x0002e864                characteristic_add
 .text.descriptor_add
                0x0002ead4       0xf8 _build/nrf52832_xxaa/ble_srv_common.c.o
                0x0002ead4                descriptor_add
 .text.sd_ble_gattc_char_value_by_uuid_read
                0x0002ebcc        0x4 _build/nrf52832_xxaa/gatt_cache_manager.c.o
 .text.sd_ble_gattc_read
                0x0002ebd0        0x4 _build/nrf52832_xxaa/gatt_cache_manager.c.o
 .text.sd_ble_gatts_value_get
                0x0002ebd4        0x4 _build/nrf52832_xxaa/gatt_cache_manager.c.o
 .text.sd_ble_gatts_initial_user_handle_get
                0x0002ebd8        0x4 _build/nrf52832_xxaa/gatt_cache_manager.c.o
 .text.sd_ble_gatts_attr_get
                0x0002ebdc        0x4 _build/nrf52832_xxaa/gatt_cache_manager.c.o
 .text.car_update_pending_handle
                0x0002ebe0       0x4c _build/nrf52832_xxaa/gatt_cache_manager.c.o
 .text.local_db_apply_in_evt
                0x0002ec2c       0xf8 _build/nrf52832_xxaa/gatt_cache_manager.c.o
 .text.db_update_pending_handle
                0x0002ed24      0x108 _build/nrf52832_xxaa/gatt_cache_manager.c.o
 .text.sc_send_pending_handle
                0x0002ee2c      0x188 _build/nrf52832_xxaa/gatt_cache_manager.c.o
 .text.apply_pending_handle
                0x0002efb4       0xf8 _build/nrf52832_xxaa/gatt_cache_manager.c.o
 .text.gcm_im_evt_handler
                0x0002f0ac       0x84 _build/nrf52832_xxaa/gatt_cache_manager.c.o
                0x0002f0ac                gcm_im_evt_handler
 .text.gcm_pdb_evt_handler
                0x0002f130       0xec _build/nrf52832_xxaa/gatt_cache_manager.c.o
                0x0002f130                gcm_pdb_evt_handler
 .text.gcm_init
                0x0002f21c       0xc4 _build/nrf52832_xxaa/gatt_cache_manager.c.o
                0x0002f21c                gcm_init
 .text.gcm_ble_evt_handler
                0x0002f2e0      0x2ec _build/nrf52832_xxaa/gatt_cache_manager.c.o
                0x0002f2e0                gcm_ble_evt_handler
 .text.sd_ble_gatts_service_changed
                0x0002f5cc        0x4 _build/nrf52832_xxaa/gatts_cache_manager.c.o
 .text.sd_ble_gatts_sys_attr_set
                0x0002f5d0        0x4 _build/nrf52832_xxaa/gatts_cache_manager.c.o
 .text.sd_ble_gatts_sys_attr_get
                0x0002f5d4        0x4 _build/nrf52832_xxaa/gatts_cache_manager.c.o
 .text.sd_ble_gatts_initial_user_handle_get
                0x0002f5d8        0x4 _build/nrf52832_xxaa/gatts_cache_manager.c.o
 .text.service_changed_pending_set
                0x0002f5dc       0xac _build/nrf52832_xxaa/gatts_cache_manager.c.o
 .text.gscm_pdb_evt_handler
                0x0002f688       0x18 _build/nrf52832_xxaa/gatts_cache_manager.c.o
                0x0002f688                gscm_pdb_evt_handler
 .text.gscm_init
                0x0002f6a0       0x10 _build/nrf52832_xxaa/gatts_cache_manager.c.o
                0x0002f6a0                gscm_init
 .text.gscm_local_db_cache_update
                0x0002f6b0       0xe4 _build/nrf52832_xxaa/gatts_cache_manager.c.o
                0x0002f6b0                gscm_local_db_cache_update
 .text.gscm_local_db_cache_apply
                0x0002f794       0xac _build/nrf52832_xxaa/gatts_cache_manager.c.o
                0x0002f794                gscm_local_db_cache_apply
 .text.gscm_service_changed_ind_needed
                0x0002f840       0x2c _build/nrf52832_xxaa/gatts_cache_manager.c.o
                0x0002f840                gscm_service_changed_ind_needed
 .text.gscm_service_changed_ind_send
                0x0002f86c       0x5c _build/nrf52832_xxaa/gatts_cache_manager.c.o
                0x0002f86c                gscm_service_changed_ind_send
 .text.gscm_db_change_notification_done
                0x0002f8c8       0x24 _build/nrf52832_xxaa/gatts_cache_manager.c.o
                0x0002f8c8                gscm_db_change_notification_done
 .text.sd_ecb_block_encrypt
                0x0002f8ec        0x4 _build/nrf52832_xxaa/id_manager.c.o
 .text.im_ble_evt_handler
                0x0002f8f0      0x1dc _build/nrf52832_xxaa/id_manager.c.o
                0x0002f8f0                im_ble_evt_handler
 .text.im_is_duplicate_bonding_data
                0x0002facc      0x12c _build/nrf52832_xxaa/id_manager.c.o
                0x0002facc                im_is_duplicate_bonding_data
 .text.im_find_duplicate_bonding_data
                0x0002fbf8       0x40 _build/nrf52832_xxaa/id_manager.c.o
                0x0002fbf8                im_find_duplicate_bonding_data
 .text.im_peer_id_get_by_conn_handle
                0x0002fc38       0x2c _build/nrf52832_xxaa/id_manager.c.o
                0x0002fc38                im_peer_id_get_by_conn_handle
 .text.im_ble_addr_get
                0x0002fc64       0x3c _build/nrf52832_xxaa/id_manager.c.o
                0x0002fc64                im_ble_addr_get
 .text.im_master_ids_compare
                0x0002fca0       0x44 _build/nrf52832_xxaa/id_manager.c.o
                0x0002fca0                im_master_ids_compare
 .text.im_peer_id_get_by_master_id
                0x0002fce4       0xf4 _build/nrf52832_xxaa/id_manager.c.o
                0x0002fce4                im_peer_id_get_by_master_id
 .text.im_conn_handle_get
                0x0002fdd8       0x40 _build/nrf52832_xxaa/id_manager.c.o
                0x0002fdd8                im_conn_handle_get
 .text.im_new_peer_id
                0x0002fe18       0x14 _build/nrf52832_xxaa/id_manager.c.o
                0x0002fe18                im_new_peer_id
 .text.im_peer_free
                0x0002fe2c       0x54 _build/nrf52832_xxaa/id_manager.c.o
                0x0002fe2c                im_peer_free
 .text.sd_ble_gap_data_length_update
                0x0002fe80        0x4 _build/nrf52832_xxaa/nrf_ble_gatt.c.o
 .text.sd_ble_gattc_exchange_mtu_request
                0x0002fe84        0x4 _build/nrf52832_xxaa/nrf_ble_gatt.c.o
 .text.sd_ble_gatts_exchange_mtu_reply
                0x0002fe88        0x4 _build/nrf52832_xxaa/nrf_ble_gatt.c.o
 .text.data_length_update.constprop.6
                0x0002fe8c       0x8c _build/nrf52832_xxaa/nrf_ble_gatt.c.o
 .text.nrf_ble_gatt_init
                0x0002ff18       0x28 _build/nrf52832_xxaa/nrf_ble_gatt.c.o
                0x0002ff18                nrf_ble_gatt_init
 .text.nrf_ble_gatt_on_ble_evt
                0x0002ff40      0x1b4 _build/nrf52832_xxaa/nrf_ble_gatt.c.o
                0x0002ff40                nrf_ble_gatt_on_ble_evt
 .text.sd_ble_gattc_primary_services_discover
                0x000300f4        0x4 _build/nrf52832_xxaa/nrf_ble_gq.c.o
 .text.sd_ble_gattc_characteristics_discover
                0x000300f8        0x4 _build/nrf52832_xxaa/nrf_ble_gq.c.o
 .text.sd_ble_gattc_descriptors_discover
                0x000300fc        0x4 _build/nrf52832_xxaa/nrf_ble_gq.c.o
 .text.sd_ble_gattc_read
                0x00030100        0x4 _build/nrf52832_xxaa/nrf_ble_gq.c.o
 .text.sd_ble_gattc_write
                0x00030104        0x4 _build/nrf52832_xxaa/nrf_ble_gq.c.o
 .text.sd_ble_gatts_hvx
                0x00030108        0x4 _build/nrf52832_xxaa/nrf_ble_gq.c.o
 .text.gatts_hvx_alloc
                0x0003010c       0x3c _build/nrf52832_xxaa/nrf_ble_gq.c.o
 .text.gattc_write_alloc
                0x00030148       0x2c _build/nrf52832_xxaa/nrf_ble_gq.c.o
 .text.queues_purge.isra.3
                0x00030174       0x70 _build/nrf52832_xxaa/nrf_ble_gq.c.o
 .text.queue_process
                0x000301e4      0x17c _build/nrf52832_xxaa/nrf_ble_gq.c.o
 .text.nrf_ble_gq_item_add
                0x00030360      0x1a8 _build/nrf52832_xxaa/nrf_ble_gq.c.o
                0x00030360                nrf_ble_gq_item_add
 .text.nrf_ble_gq_conn_handle_register
                0x00030508       0xa0 _build/nrf52832_xxaa/nrf_ble_gq.c.o
                0x00030508                nrf_ble_gq_conn_handle_register
 .text.nrf_ble_gq_on_ble_evt
                0x000305a8       0xa0 _build/nrf52832_xxaa/nrf_ble_gq.c.o
                0x000305a8                nrf_ble_gq_on_ble_evt
 .text.sd_ble_gatts_rw_authorize_reply
                0x00030648        0x4 _build/nrf52832_xxaa/nrf_ble_qwr.c.o
 .text.sd_ble_user_mem_reply
                0x0003064c        0x4 _build/nrf52832_xxaa/nrf_ble_qwr.c.o
 .text.nrf_ble_qwr_init
                0x00030650       0x24 _build/nrf52832_xxaa/nrf_ble_qwr.c.o
                0x00030650                nrf_ble_qwr_init
 .text.nrf_ble_qwr_conn_handle_assign
                0x00030674       0x18 _build/nrf52832_xxaa/nrf_ble_qwr.c.o
                0x00030674                nrf_ble_qwr_conn_handle_assign
 .text.nrf_ble_qwr_on_ble_evt
                0x0003068c       0xf0 _build/nrf52832_xxaa/nrf_ble_qwr.c.o
                0x0003068c                nrf_ble_qwr_on_ble_evt
 .text.peer_data_delete_process
                0x0003077c       0xd0 _build/nrf52832_xxaa/peer_data_storage.c.o
 .text.fds_evt_handler
                0x0003084c      0x104 _build/nrf52832_xxaa/peer_data_storage.c.o
 .text.pds_init
                0x00030950       0xac _build/nrf52832_xxaa/peer_data_storage.c.o
                0x00030950                pds_init
 .text.pds_peer_data_read
                0x000309fc       0x8c _build/nrf52832_xxaa/peer_data_storage.c.o
                0x000309fc                pds_peer_data_read
 .text.pds_peer_data_iterate_prepare
                0x00030a88       0x10 _build/nrf52832_xxaa/peer_data_storage.c.o
                0x00030a88                pds_peer_data_iterate_prepare
 .text.pds_peer_data_iterate
                0x00030a98       0x5c _build/nrf52832_xxaa/peer_data_storage.c.o
                0x00030a98                pds_peer_data_iterate
 .text.pds_peer_data_store
                0x00030af4       0xe8 _build/nrf52832_xxaa/peer_data_storage.c.o
                0x00030af4                pds_peer_data_store
 .text.pds_peer_id_allocate
                0x00030bdc        0x8 _build/nrf52832_xxaa/peer_data_storage.c.o
                0x00030bdc                pds_peer_id_allocate
 .text.pds_peer_id_free
                0x00030be4       0x18 _build/nrf52832_xxaa/peer_data_storage.c.o
                0x00030be4                pds_peer_id_free
 .text.pds_peer_id_is_allocated
                0x00030bfc        0x4 _build/nrf52832_xxaa/peer_data_storage.c.o
                0x00030bfc                pds_peer_id_is_allocated
 .text.pds_next_peer_id_get
                0x00030c00        0x4 _build/nrf52832_xxaa/peer_data_storage.c.o
                0x00030c00                pds_next_peer_id_get
 .text.pds_next_deleted_peer_id_get
                0x00030c04        0x4 _build/nrf52832_xxaa/peer_data_storage.c.o
                0x00030c04                pds_next_deleted_peer_id_get
 .text.write_buf_store
                0x00030c08      0x108 _build/nrf52832_xxaa/peer_database.c.o
                0x00030c08                write_buf_store
 .text.pdb_pds_evt_handler
                0x00030d10      0x1f4 _build/nrf52832_xxaa/peer_database.c.o
                0x00030d10                pdb_pds_evt_handler
 .text.pdb_init
                0x00030f04       0xb8 _build/nrf52832_xxaa/peer_database.c.o
                0x00030f04                pdb_init
 .text.pdb_peer_free
                0x00030fbc      0x1a0 _build/nrf52832_xxaa/peer_database.c.o
                0x00030fbc                pdb_peer_free
 .text.pdb_peer_data_ptr_get
                0x0003115c        0x8 _build/nrf52832_xxaa/peer_database.c.o
                0x0003115c                pdb_peer_data_ptr_get
 .text.pdb_write_buf_get
                0x00031164      0x1e4 _build/nrf52832_xxaa/peer_database.c.o
                0x00031164                pdb_write_buf_get
 .text.pdb_write_buf_release
                0x00031348       0xcc _build/nrf52832_xxaa/peer_database.c.o
                0x00031348                pdb_write_buf_release
 .text.pdb_write_buf_store
                0x00031414       0xa0 _build/nrf52832_xxaa/peer_database.c.o
                0x00031414                pdb_write_buf_store
 .text.peer_id_init
                0x000314b4       0x10 _build/nrf52832_xxaa/peer_id.c.o
                0x000314b4                peer_id_init
 .text.peer_id_allocate
                0x000314c4       0x40 _build/nrf52832_xxaa/peer_id.c.o
                0x000314c4                peer_id_allocate
 .text.peer_id_delete
                0x00031504       0x28 _build/nrf52832_xxaa/peer_id.c.o
                0x00031504                peer_id_delete
 .text.peer_id_free
                0x0003152c       0x28 _build/nrf52832_xxaa/peer_id.c.o
                0x0003152c                peer_id_free
 .text.peer_id_is_allocated
                0x00031554       0x14 _build/nrf52832_xxaa/peer_id.c.o
                0x00031554                peer_id_is_allocated
 .text.peer_id_get_next_used
                0x00031568       0x7c _build/nrf52832_xxaa/peer_id.c.o
                0x00031568                peer_id_get_next_used
 .text.peer_id_get_next_deleted
                0x000315e4       0x40 _build/nrf52832_xxaa/peer_id.c.o
                0x000315e4                peer_id_get_next_deleted
 .text.ble_evt_handler
                0x00031624       0x24 _build/nrf52832_xxaa/peer_manager.c.o
 .text.pm_peer_ranks_get.part.4
                0x00031648       0xe8 _build/nrf52832_xxaa/peer_manager.c.o
 .text.pm_pdb_evt_handler
                0x00031730      0x290 _build/nrf52832_xxaa/peer_manager.c.o
                0x00031730                pm_pdb_evt_handler
 .text.pm_sm_evt_handler
                0x000319c0       0x2c _build/nrf52832_xxaa/peer_manager.c.o
                0x000319c0                pm_sm_evt_handler
 .text.pm_gcm_evt_handler
                0x000319ec       0x28 _build/nrf52832_xxaa/peer_manager.c.o
                0x000319ec                pm_gcm_evt_handler
 .text.pm_gscm_evt_handler
                0x00031a14       0x28 _build/nrf52832_xxaa/peer_manager.c.o
                0x00031a14                pm_gscm_evt_handler
 .text.pm_im_evt_handler
                0x00031a3c       0x28 _build/nrf52832_xxaa/peer_manager.c.o
                0x00031a3c                pm_im_evt_handler
 .text.pm_init  0x00031a64       0xe8 _build/nrf52832_xxaa/peer_manager.c.o
                0x00031a64                pm_init
 .text.pm_register
                0x00031b4c       0x38 _build/nrf52832_xxaa/peer_manager.c.o
                0x00031b4c                pm_register
 .text.pm_sec_params_set
                0x00031b84       0x14 _build/nrf52832_xxaa/peer_manager.c.o
                0x00031b84                pm_sec_params_set
 .text.pm_conn_secure
                0x00031b98       0x1c _build/nrf52832_xxaa/peer_manager.c.o
                0x00031b98                pm_conn_secure
 .text.pm_conn_sec_status_get
                0x00031bb4       0x14 _build/nrf52832_xxaa/peer_manager.c.o
                0x00031bb4                pm_conn_sec_status_get
 .text.pm_peer_delete
                0x00031bc8       0x14 _build/nrf52832_xxaa/peer_manager.c.o
                0x00031bc8                pm_peer_delete
 .text.pm_peers_delete
                0x00031bdc       0xd4 _build/nrf52832_xxaa/peer_manager.c.o
                0x00031bdc                pm_peers_delete
 .text.pm_peer_ranks_get
                0x00031cb0       0x1c _build/nrf52832_xxaa/peer_manager.c.o
                0x00031cb0                pm_peer_ranks_get
 .text.pm_peer_rank_highest
                0x00031ccc      0x168 _build/nrf52832_xxaa/peer_manager.c.o
                0x00031ccc                pm_peer_rank_highest
 .text.sd_ble_gap_disconnect
                0x00031e34        0x4 _build/nrf52832_xxaa/peer_manager_handler.c.o
 .text.pm_handler_on_pm_evt
                0x00031e38      0x35c _build/nrf52832_xxaa/peer_manager_handler.c.o
                0x00031e38                pm_handler_on_pm_evt
 .text.pm_handler_flash_clean
                0x00032194      0x3b0 _build/nrf52832_xxaa/peer_manager_handler.c.o
                0x00032194                pm_handler_flash_clean
 .text.pm_buffer_init
                0x00032544       0x2c _build/nrf52832_xxaa/pm_buffer.c.o
                0x00032544                pm_buffer_init
 .text.pm_buffer_block_acquire
                0x00032570       0x98 _build/nrf52832_xxaa/pm_buffer.c.o
                0x00032570                pm_buffer_block_acquire
 .text.pm_buffer_ptr_get
                0x00032608       0x34 _build/nrf52832_xxaa/pm_buffer.c.o
                0x00032608                pm_buffer_ptr_get
 .text.pm_buffer_release
                0x0003263c       0x38 _build/nrf52832_xxaa/pm_buffer.c.o
                0x0003263c                pm_buffer_release
 .text.sd_ble_gap_authenticate
                0x00032674        0x4 _build/nrf52832_xxaa/security_dispatcher.c.o
 .text.sd_ble_gap_sec_params_reply
                0x00032678        0x4 _build/nrf52832_xxaa/security_dispatcher.c.o
 .text.sd_ble_gap_sec_info_reply
                0x0003267c        0x4 _build/nrf52832_xxaa/security_dispatcher.c.o
 .text.smd_init
                0x00032680       0x90 _build/nrf52832_xxaa/security_dispatcher.c.o
                0x00032680                smd_init
 .text.smd_params_reply
                0x00032710      0x184 _build/nrf52832_xxaa/security_dispatcher.c.o
                0x00032710                smd_params_reply
 .text.smd_link_secure
                0x00032894       0x2c _build/nrf52832_xxaa/security_dispatcher.c.o
                0x00032894                smd_link_secure
 .text.smd_ble_evt_handler
                0x000328c0      0x814 _build/nrf52832_xxaa/security_dispatcher.c.o
                0x000328c0                smd_ble_evt_handler
 .text.events_send_from_err_code
                0x000330d4       0xe0 _build/nrf52832_xxaa/security_manager.c.o
 .text.smd_params_reply_perform
                0x000331b4       0xa8 _build/nrf52832_xxaa/security_manager.c.o
 .text.params_reply_pending_handle
                0x0003325c        0x8 _build/nrf52832_xxaa/security_manager.c.o
 .text.link_secure
                0x00033264      0x140 _build/nrf52832_xxaa/security_manager.c.o
 .text.link_secure_pending_handle
                0x000333a4       0x30 _build/nrf52832_xxaa/security_manager.c.o
 .text.sm_conn_sec_status_get
                0x000333d4       0xa8 _build/nrf52832_xxaa/security_manager.c.o
                0x000333d4                sm_conn_sec_status_get
 .text.sm_smd_evt_handler
                0x0003347c       0x90 _build/nrf52832_xxaa/security_manager.c.o
                0x0003347c                sm_smd_evt_handler
 .text.sm_pdb_evt_handler
                0x0003350c       0x48 _build/nrf52832_xxaa/security_manager.c.o
                0x0003350c                sm_pdb_evt_handler
 .text.sm_init  0x00033554       0x90 _build/nrf52832_xxaa/security_manager.c.o
                0x00033554                sm_init
 .text.sm_ble_evt_handler
                0x000335e4       0x34 _build/nrf52832_xxaa/security_manager.c.o
                0x000335e4                sm_ble_evt_handler
 .text.sm_sec_params_set
                0x00033618       0x88 _build/nrf52832_xxaa/security_manager.c.o
                0x00033618                sm_sec_params_set
 .text.sm_link_secure
                0x000336a0      0x110 _build/nrf52832_xxaa/security_manager.c.o
                0x000336a0                sm_link_secure
 .text.sd_ble_gatts_service_add
                0x000337b0        0x4 _build/nrf52832_xxaa/ble_bas.c.o
 .text.sd_ble_gatts_value_set
                0x000337b4        0x4 _build/nrf52832_xxaa/ble_bas.c.o
 .text.sd_ble_gatts_hvx
                0x000337b8        0x4 _build/nrf52832_xxaa/ble_bas.c.o
 .text.ble_bas_on_ble_evt
                0x000337bc       0x50 _build/nrf52832_xxaa/ble_bas.c.o
                0x000337bc                ble_bas_on_ble_evt
 .text.ble_bas_init
                0x0003380c       0xf0 _build/nrf52832_xxaa/ble_bas.c.o
                0x0003380c                ble_bas_init
 .text.ble_bas_battery_level_update
                0x000338fc       0xd8 _build/nrf52832_xxaa/ble_bas.c.o
                0x000338fc                ble_bas_battery_level_update
 .text.sd_ble_gatts_service_add
                0x000339d4        0x4 _build/nrf52832_xxaa/ble_bps.c.o
 .text.sd_ble_gatts_value_get
                0x000339d8        0x4 _build/nrf52832_xxaa/ble_bps.c.o
 .text.gatt_error_handler
                0x000339dc        0x8 _build/nrf52832_xxaa/ble_bps.c.o
 .text.bps_measurement_encode.isra.1
                0x000339e4       0xd4 _build/nrf52832_xxaa/ble_bps.c.o
 .text.ble_bps_on_ble_evt
                0x00033ab8       0x84 _build/nrf52832_xxaa/ble_bps.c.o
                0x00033ab8                ble_bps_on_ble_evt
 .text.ble_bps_init
                0x00033b3c       0xfc _build/nrf52832_xxaa/ble_bps.c.o
                0x00033b3c                ble_bps_init
 .text.ble_bps_measurement_send
                0x00033c38       0x64 _build/nrf52832_xxaa/ble_bps.c.o
                0x00033c38                ble_bps_measurement_send
 .text.ble_bps_is_indication_enabled
                0x00033c9c       0x4c _build/nrf52832_xxaa/ble_bps.c.o
                0x00033c9c                ble_bps_is_indication_enabled
 .text.sd_ble_gatts_service_add
                0x00033ce8        0x4 _build/nrf52832_xxaa/ble_dis.c.o
 .text.ble_dis_init
                0x00033cec      0x428 _build/nrf52832_xxaa/ble_dis.c.o
                0x00033cec                ble_dis_init
 .text.sd_softdevice_enable
                0x00034114        0x4 _build/nrf52832_xxaa/nrf_sdh.c.o
 .text.sd_softdevice_disable
                0x00034118        0x4 _build/nrf52832_xxaa/nrf_sdh.c.o
 .text.nrf_sdh_enable_request
                0x0003411c      0x118 _build/nrf52832_xxaa/nrf_sdh.c.o
                0x0003411c                nrf_sdh_enable_request
 .text.nrf_sdh_disable_request
                0x00034234       0xec _build/nrf52832_xxaa/nrf_sdh.c.o
                0x00034234                nrf_sdh_disable_request
 .text.nrf_sdh_request_continue
                0x00034320       0x20 _build/nrf52832_xxaa/nrf_sdh.c.o
                0x00034320                nrf_sdh_request_continue
 .text.nrf_sdh_is_enabled
                0x00034340        0xc _build/nrf52832_xxaa/nrf_sdh.c.o
                0x00034340                nrf_sdh_is_enabled
 .text.SWI2_EGU2_IRQHandler
                0x0003434c       0x2c _build/nrf52832_xxaa/nrf_sdh.c.o
                0x0003434c                SWI2_EGU2_IRQHandler
 .text.sd_ble_enable
                0x00034378        0x4 _build/nrf52832_xxaa/nrf_sdh_ble.c.o
 .text.sd_ble_cfg_set
                0x0003437c        0x4 _build/nrf52832_xxaa/nrf_sdh_ble.c.o
 .text.sd_ble_evt_get
                0x00034380        0x4 _build/nrf52832_xxaa/nrf_sdh_ble.c.o
 .text.nrf_sdh_ble_evts_poll
                0x00034384       0x5c _build/nrf52832_xxaa/nrf_sdh_ble.c.o
 .text.nrf_sdh_ble_default_cfg_set
                0x000343e0      0x17c _build/nrf52832_xxaa/nrf_sdh_ble.c.o
                0x000343e0                nrf_sdh_ble_default_cfg_set
 .text.nrf_sdh_ble_enable
                0x0003455c       0x9c _build/nrf52832_xxaa/nrf_sdh_ble.c.o
                0x0003455c                nrf_sdh_ble_enable
 .text.sd_evt_get
                0x000345f8        0x4 _build/nrf52832_xxaa/nrf_sdh_soc.c.o
 .text.nrf_sdh_soc_evts_poll
                0x000345fc       0x4c _build/nrf52832_xxaa/nrf_sdh_soc.c.o
 .text.exit     0x00034648       0x28 c:/st/gnu tools arm embedded/8 2019-q3-update/bin/../lib/gcc/arm-none-eabi/8.3.1/../../../../arm-none-eabi/lib/thumb/v7e-m+fp/hard\libc_nano.a(lib_a-exit.o)
                0x00034648                exit
 .text.__libc_init_array
                0x00034670       0x48 c:/st/gnu tools arm embedded/8 2019-q3-update/bin/../lib/gcc/arm-none-eabi/8.3.1/../../../../arm-none-eabi/lib/thumb/v7e-m+fp/hard\libc_nano.a(lib_a-init.o)
                0x00034670                __libc_init_array
 .text.memcmp   0x000346b8       0x1c c:/st/gnu tools arm embedded/8 2019-q3-update/bin/../lib/gcc/arm-none-eabi/8.3.1/../../../../arm-none-eabi/lib/thumb/v7e-m+fp/hard\libc_nano.a(lib_a-memcmp.o)
                0x000346b8                memcmp
 .text.memcpy   0x000346d4       0x1c c:/st/gnu tools arm embedded/8 2019-q3-update/bin/../lib/gcc/arm-none-eabi/8.3.1/../../../../arm-none-eabi/lib/thumb/v7e-m+fp/hard\libc_nano.a(lib_a-memcpy-stub.o)
                0x000346d4                memcpy
 .text.memset   0x000346f0       0x10 c:/st/gnu tools arm embedded/8 2019-q3-update/bin/../lib/gcc/arm-none-eabi/8.3.1/../../../../arm-none-eabi/lib/thumb/v7e-m+fp/hard\libc_nano.a(lib_a-memset.o)
                0x000346f0                memset
 .text          0x00034700       0x10 c:/st/gnu tools arm embedded/8 2019-q3-update/bin/../lib/gcc/arm-none-eabi/8.3.1/../../../../arm-none-eabi/lib/thumb/v7e-m+fp/hard\libc_nano.a(lib_a-strlen.o)
                0x00034700                strlen
 .text._exit    0x00034710        0x4 c:/st/gnu tools arm embedded/8 2019-q3-update/bin/../lib/gcc/arm-none-eabi/8.3.1/../../../../arm-none-eabi/lib/thumb/v7e-m+fp/hard\libnosys.a(_exit.o)
                0x00034710                _exit
 .text          0x00034714       0x30 c:/st/gnu tools arm embedded/8 2019-q3-update/bin/../lib/gcc/arm-none-eabi/8.3.1/thumb/v7e-m+fp/hard\libgcc.a(_aeabi_uldivmod.o)
                0x00034714                __aeabi_uldivmod
 .text          0x00034744      0x2d0 c:/st/gnu tools arm embedded/8 2019-q3-update/bin/../lib/gcc/arm-none-eabi/8.3.1/thumb/v7e-m+fp/hard\libgcc.a(_udivmoddi4.o)
                0x00034744                __udivmoddi4
 .text          0x00034a14        0x4 c:/st/gnu tools arm embedded/8 2019-q3-update/bin/../lib/gcc/arm-none-eabi/8.3.1/thumb/v7e-m+fp/hard\libgcc.a(_dvmd_tls.o)
                0x00034a14                __aeabi_idiv0
                0x00034a14                __aeabi_ldiv0
 *(.init)
 .init          0x00034a18        0x4 c:/st/gnu tools arm embedded/8 2019-q3-update/bin/../lib/gcc/arm-none-eabi/8.3.1/thumb/v7e-m+fp/hard/crti.o
                0x00034a18                _init
 .init          0x00034a1c        0x8 c:/st/gnu tools arm embedded/8 2019-q3-update/bin/../lib/gcc/arm-none-eabi/8.3.1/thumb/v7e-m+fp/hard/crtn.o
 *(.fini)
 .fini          0x00034a24        0x4 c:/st/gnu tools arm embedded/8 2019-q3-update/bin/../lib/gcc/arm-none-eabi/8.3.1/thumb/v7e-m+fp/hard/crti.o
                0x00034a24                _fini
 .fini          0x00034a28        0x8 c:/st/gnu tools arm embedded/8 2019-q3-update/bin/../lib/gcc/arm-none-eabi/8.3.1/thumb/v7e-m+fp/hard/crtn.o
 *crtbegin.o(.ctors)
 *crtbegin?.o(.ctors)
 *(EXCLUDE_FILE(*crtend.o *crtend?.o) .ctors)
 *(SORT_BY_NAME(.ctors.*))
 *(.ctors)
 *crtbegin.o(.dtors)
 *crtbegin?.o(.dtors)
 *(EXCLUDE_FILE(*crtend.o *crtend?.o) .dtors)
 *(SORT_BY_NAME(.dtors.*))
 *(.dtors)
 *(.rodata*)
 .rodata        0x00034a30       0x20 _build/nrf52832_xxaa/nrf_log_backend_uart.c.o
 .rodata.nrf_log_backend_uart_api
                0x00034a50        0xc _build/nrf52832_xxaa/nrf_log_backend_uart.c.o
                0x00034a50                nrf_log_backend_uart_api
 .rodata.str1.4
                0x00034a5c       0x11 _build/nrf52832_xxaa/nrf_log_default_backends.c.o
 *fill*         0x00034a6d        0x3 
 .rodata.m_log_push_ringbuf
                0x00034a70        0xc _build/nrf52832_xxaa/nrf_log_frontend.c.o
 .rodata.nrf_log_frontend_dequeue.str1.4
                0x00034a7c       0x11 _build/nrf52832_xxaa/nrf_log_frontend.c.o
 *fill*         0x00034a8d        0x3 
 .rodata.str1.4
                0x00034a90        0x4 _build/nrf52832_xxaa/nrf_log_frontend.c.o
 .rodata.m_colors
                0x00034a94       0x24 _build/nrf52832_xxaa/nrf_log_str_formatter.c.o
 .rodata.nrf_log_hexdump_entry_process.str1.4
                0x00034ab8       0x13 _build/nrf52832_xxaa/nrf_log_str_formatter.c.o
                                 0x16 (size before relaxing)
 *fill*         0x00034acb        0x1 
 .rodata.nrf_log_std_entry_process.str1.4
                0x00034acc        0x3 _build/nrf52832_xxaa/nrf_log_str_formatter.c.o
 *fill*         0x00034acf        0x1 
 .rodata.prefix_process.str1.4
                0x00034ad0       0x32 _build/nrf52832_xxaa/nrf_log_str_formatter.c.o
                                 0x36 (size before relaxing)
 *fill*         0x00034b02        0x2 
 .rodata.severity_names
                0x00034b04       0x14 _build/nrf52832_xxaa/nrf_log_str_formatter.c.o
 .rodata.str1.4
                0x00034b18       0x56 _build/nrf52832_xxaa/nrf_log_str_formatter.c.o
 *fill*         0x00034b6e        0x2 
 .rodata.m_detection_delay_timer_id
                0x00034b70        0x4 _build/nrf52832_xxaa/app_button.c.o
 .rodata.str1.4
                0x00034b74        0xb _build/nrf52832_xxaa/app_button.c.o
 *fill*         0x00034b7f        0x1 
 .rodata.app_error_fault_handler.str1.4
                0x00034b80       0x19 _build/nrf52832_xxaa/app_error_weak.c.o
 *fill*         0x00034b99        0x3 
 .rodata        0x00034b9c        0x4 _build/nrf52832_xxaa/app_timer2.c.o
 .rodata.m_app_timer_sortlist
                0x00034ba0        0xc _build/nrf52832_xxaa/app_timer2.c.o
 .rodata.str1.4
                0x00034bac        0xa _build/nrf52832_xxaa/app_timer2.c.o
 *fill*         0x00034bb6        0xa 
 .rodata.delay_machine_code.8514
                0x00034bc0        0x6 _build/nrf52832_xxaa/drv_rtc.c.o
 *fill*         0x00034bc6        0x2 
 .rodata.drv_rtc_init.str1.4
                0x00034bc8       0x36 _build/nrf52832_xxaa/drv_rtc.c.o
 *fill*         0x00034bfe        0x2 
 .rodata.dirty_header.9242
                0x00034c00        0x4 _build/nrf52832_xxaa/fds.c.o
 .rodata.page_tag_data.9115
                0x00034c04        0x8 _build/nrf52832_xxaa/fds.c.o
 .rodata.page_tag_swap.9111
                0x00034c0c        0x8 _build/nrf52832_xxaa/fds.c.o
 .rodata._aV2C.7611
                0x00034c14       0x10 _build/nrf52832_xxaa/nrf_fprintf_format.c.o
 .rodata.__func__.7783
                0x00034c24       0x12 _build/nrf52832_xxaa/nrf_fstorage.c.o
 *fill*         0x00034c36        0x2 
 .rodata.__func__.7804
                0x00034c38       0x13 _build/nrf52832_xxaa/nrf_fstorage.c.o
 *fill*         0x00034c4b        0x1 
 .rodata.__func__.7811
                0x00034c4c       0x13 _build/nrf52832_xxaa/nrf_fstorage.c.o
 *fill*         0x00034c5f        0x1 
 .rodata.nrf_fstorage_erase.str1.4
                0x00034c60       0x77 _build/nrf52832_xxaa/nrf_fstorage.c.o
 *fill*         0x00034cd7        0x1 
 .rodata.nrf_fstorage_init.str1.4
                0x00034cd8       0x3a _build/nrf52832_xxaa/nrf_fstorage.c.o
 *fill*         0x00034d12        0x2 
 .rodata.nrf_fstorage_read.str1.4
                0x00034d14       0x4a _build/nrf52832_xxaa/nrf_fstorage.c.o
 *fill*         0x00034d5e        0x2 
 .rodata.nrf_fstorage_uninit.str1.4
                0x00034d60        0xc _build/nrf52832_xxaa/nrf_fstorage.c.o
 .rodata.nrf_fstorage_write.str1.4
                0x00034d6c       0x97 _build/nrf52832_xxaa/nrf_fstorage.c.o
 *fill*         0x00034e03        0x1 
 .rodata.str1.4
                0x00034e04        0xd _build/nrf52832_xxaa/nrf_fstorage.c.o
 *fill*         0x00034e11        0x3 
 .rodata.m_flash_info
                0x00034e14        0xc _build/nrf52832_xxaa/nrf_fstorage_sd.c.o
 .rodata.nrf_fstorage_sd
                0x00034e20       0x20 _build/nrf52832_xxaa/nrf_fstorage_sd.c.o
                0x00034e20                nrf_fstorage_sd
 .rodata.pwr_mgmt_data
                0x00034e40        0xc _build/nrf52832_xxaa/nrf_pwr_mgmt.c.o
 .rodata.str1.4
                0x00034e4c        0x9 _build/nrf52832_xxaa/nrf_pwr_mgmt.c.o
 *fill*         0x00034e55        0x3 
 .rodata.str1.4
                0x00034e58        0x9 _build/nrf52832_xxaa/nrf_sortlist.c.o
 *fill*         0x00034e61        0x3 
 .rodata.m_unknown_str
                0x00034e64       0x13 _build/nrf52832_xxaa/nrf_strerror.c.o
 *fill*         0x00034e77        0x1 
 .rodata.nrf_strerror_array
                0x00034e78      0x128 _build/nrf52832_xxaa/nrf_strerror.c.o
 .rodata.str1.4
                0x00034fa0      0x3e9 _build/nrf52832_xxaa/nrf_strerror.c.o
 *fill*         0x00035389        0x3 
 .rodata.m_board_btn_list
                0x0003538c        0x4 _build/nrf52832_xxaa/boards.c.o
 .rodata.m_board_led_list
                0x00035390        0x4 _build/nrf52832_xxaa/boards.c.o
 .rodata.str1.4
                0x00035394        0x6 _build/nrf52832_xxaa/nrf_drv_clock.c.o
 *fill*         0x0003539a        0x2 
 .rodata.str1.4
                0x0003539c        0x6 _build/nrf52832_xxaa/nrfx_clock.c.o
 *fill*         0x000353a2        0x2 
 .rodata.str1.4
                0x000353a4        0x7 _build/nrf52832_xxaa/nrfx_gpiote.c.o
 *fill*         0x000353ab        0x1 
 .rodata.str1.4
                0x000353ac        0x4 _build/nrf52832_xxaa/nrfx_prs.c.o
 .rodata.str1.4
                0x000353b0        0x5 _build/nrf52832_xxaa/nrfx_uart.c.o
 *fill*         0x000353b5        0x3 
 .rodata.str1.4
                0x000353b8        0x6 _build/nrf52832_xxaa/nrfx_uarte.c.o
 *fill*         0x000353be        0x2 
 .rodata.app_buttons
                0x000353c0       0x20 _build/nrf52832_xxaa/bsp.c.o
 .rodata.m_bsp_alert_tmr
                0x000353e0        0x4 _build/nrf52832_xxaa/bsp.c.o
 .rodata.m_bsp_button_tmr
                0x000353e4        0x4 _build/nrf52832_xxaa/bsp.c.o
 .rodata.m_bsp_leds_tmr
                0x000353e8        0x4 _build/nrf52832_xxaa/bsp.c.o
 .rodata.ble_evt_handler.str1.4
                0x000353ec       0x19 _build/nrf52832_xxaa/main.c.o
 *fill*         0x00035405        0x3 
 .rodata.m_battery_timer_id
                0x00035408        0x4 _build/nrf52832_xxaa/main.c.o
 .rodata.m_ble_gatt_queuereq_queue
                0x0003540c       0x14 _build/nrf52832_xxaa/main.c.o
 .rodata.main.str1.4
                0x00035420       0x5d _build/nrf52832_xxaa/main.c.o
 *fill*         0x0003547d        0x3 
 .rodata.on_adv_evt.str1.4
                0x00035480       0x11 _build/nrf52832_xxaa/main.c.o
 *fill*         0x00035491        0x3 
 .rodata        0x00035494        0x4 _build/nrf52832_xxaa/gatt_cache_manager.c.o
 .rodata.car_value_false.11065
                0x00035498        0x4 _build/nrf52832_xxaa/gatt_cache_manager.c.o
 .rodata.car_value_true.11064
                0x0003549c        0x4 _build/nrf52832_xxaa/gatt_cache_manager.c.o
 .rodata.db_update_pending_handle.str1.4
                0x000354a0       0x75 _build/nrf52832_xxaa/gatt_cache_manager.c.o
 *fill*         0x00035515        0x3 
 .rodata.gcm_ble_evt_handler.str1.4
                0x00035518       0xb2 _build/nrf52832_xxaa/gatt_cache_manager.c.o
 *fill*         0x000355ca        0x2 
 .rodata.gcm_init.str1.4
                0x000355cc       0x6f _build/nrf52832_xxaa/gatt_cache_manager.c.o
 *fill*         0x0003563b        0x1 
 .rodata.local_db_apply_in_evt.str1.4
                0x0003563c       0xd1 _build/nrf52832_xxaa/gatt_cache_manager.c.o
 *fill*         0x0003570d        0x3 
 .rodata.sc_send_pending_handle.str1.4
                0x00035710       0x40 _build/nrf52832_xxaa/gatt_cache_manager.c.o
 .rodata.store_car_value.str1.4
                0x00035750       0x5d _build/nrf52832_xxaa/gatt_cache_manager.c.o
 *fill*         0x000357ad        0x3 
 .rodata.str1.4
                0x000357b0       0x11 _build/nrf52832_xxaa/gatt_cache_manager.c.o
 *fill*         0x000357c1        0x3 
 .rodata        0x000357c4       0x10 _build/nrf52832_xxaa/gatts_cache_manager.c.o
 .rodata.gscm_local_db_cache_apply.str1.4
                0x000357d4       0x78 _build/nrf52832_xxaa/gatts_cache_manager.c.o
 .rodata.gscm_local_db_cache_update.str1.4
                0x0003584c       0x7f _build/nrf52832_xxaa/gatts_cache_manager.c.o
 *fill*         0x000358cb        0x1 
 .rodata.gscm_service_changed_ind_send.str1.4
                0x000358cc       0x4c _build/nrf52832_xxaa/gatts_cache_manager.c.o
 .rodata.service_changed_pending.10766
                0x00035918        0x4 _build/nrf52832_xxaa/gatts_cache_manager.c.o
 .rodata.service_changed_pending.10823
                0x0003591c        0x4 _build/nrf52832_xxaa/gatts_cache_manager.c.o
 .rodata.service_changed_pending_set.str1.4
                0x00035920       0x55 _build/nrf52832_xxaa/gatts_cache_manager.c.o
 *fill*         0x00035975        0x3 
 .rodata.str1.4
                0x00035978       0x12 _build/nrf52832_xxaa/gatts_cache_manager.c.o
 *fill*         0x0003598a        0x2 
 .rodata.str1.4
                0x0003598c       0x10 _build/nrf52832_xxaa/id_manager.c.o
 .rodata.data_length_update.constprop.6.str1.4
                0x0003599c       0xe2 _build/nrf52832_xxaa/nrf_ble_gatt.c.o
 *fill*         0x00035a7e        0x2 
 .rodata.nrf_ble_gatt_on_ble_evt.str1.4
                0x00035a80       0x63 _build/nrf52832_xxaa/nrf_ble_gatt.c.o
 *fill*         0x00035ae3        0x1 
 .rodata.str1.4
                0x00035ae4        0xd _build/nrf52832_xxaa/nrf_ble_gatt.c.o
 *fill*         0x00035af1        0x3 
 .rodata.m_req_data_alloc
                0x00035af4       0x18 _build/nrf52832_xxaa/nrf_ble_gq.c.o
 .rodata.queue_process.str1.4
                0x00035b0c       0x66 _build/nrf52832_xxaa/nrf_ble_gq.c.o
 *fill*         0x00035b72        0x2 
 .rodata.str1.4
                0x00035b74        0xb _build/nrf52832_xxaa/nrf_ble_gq.c.o
 *fill*         0x00035b7f        0x1 
 .rodata.pds_init.str1.4
                0x00035b80       0x82 _build/nrf52832_xxaa/peer_data_storage.c.o
 *fill*         0x00035c02        0x2 
 .rodata.pds_peer_data_store.str1.4
                0x00035c04       0x56 _build/nrf52832_xxaa/peer_data_storage.c.o
 *fill*         0x00035c5a        0x2 
 .rodata.peer_data_delete_process.str1.4
                0x00035c5c       0x4c _build/nrf52832_xxaa/peer_data_storage.c.o
 .rodata.str1.4
                0x00035ca8       0x11 _build/nrf52832_xxaa/peer_data_storage.c.o
 *fill*         0x00035cb9        0x3 
 .rodata.pdb_init.str1.4
                0x00035cbc       0x1e _build/nrf52832_xxaa/peer_database.c.o
 *fill*         0x00035cda        0x2 
 .rodata.pdb_pds_evt_handler.str1.4
                0x00035cdc       0x60 _build/nrf52832_xxaa/peer_database.c.o
 .rodata.pdb_peer_free.str1.4
                0x00035d3c       0x52 _build/nrf52832_xxaa/peer_database.c.o
 *fill*         0x00035d8e        0x2 
 .rodata.pdb_write_buf_get.str1.4
                0x00035d90       0x74 _build/nrf52832_xxaa/peer_database.c.o
 .rodata.str1.4
                0x00035e04       0x11 _build/nrf52832_xxaa/peer_database.c.o
 *fill*         0x00035e15        0x3 
 .rodata.write_buf_store.str1.4
                0x00035e18       0x6f _build/nrf52832_xxaa/peer_database.c.o
 *fill*         0x00035e87        0x1 
 .rodata        0x00035e88        0x8 _build/nrf52832_xxaa/peer_manager.c.o
 .rodata.__func__.11146
                0x00035e90        0x8 _build/nrf52832_xxaa/peer_manager.c.o
 .rodata.__func__.11332
                0x00035e98       0x10 _build/nrf52832_xxaa/peer_manager.c.o
 .rodata.pm_init.str1.4
                0x00035ea8      0x107 _build/nrf52832_xxaa/peer_manager.c.o
 *fill*         0x00035faf        0x1 
 .rodata.pm_peer_rank_highest.str1.4
                0x00035fb0       0x40 _build/nrf52832_xxaa/peer_manager.c.o
 .rodata.pm_peer_ranks_get.part.4.str1.4
                0x00035ff0       0x48 _build/nrf52832_xxaa/peer_manager.c.o
 .rodata.pm_peers_delete.str1.4
                0x00036038       0x48 _build/nrf52832_xxaa/peer_manager.c.o
 .rodata.str1.4
                0x00036080        0xd _build/nrf52832_xxaa/peer_manager.c.o
 *fill*         0x0003608d        0x3 
 .rodata.m_data_action_str
                0x00036090        0x8 _build/nrf52832_xxaa/peer_manager_handler.c.o
 .rodata.m_data_id_str
                0x00036098       0x28 _build/nrf52832_xxaa/peer_manager_handler.c.o
 .rodata.m_roles_str
                0x000360c0        0xc _build/nrf52832_xxaa/peer_manager_handler.c.o
 .rodata.m_sec_procedure_str
                0x000360cc        0xc _build/nrf52832_xxaa/peer_manager_handler.c.o
 .rodata.pm_handler_flash_clean_on_return.str1.4
                0x000360d8       0xa7 _build/nrf52832_xxaa/peer_manager_handler.c.o
 *fill*         0x0003617f        0x1 
 .rodata.pm_handler_on_pm_evt.str1.4
                0x00036180      0x42f _build/nrf52832_xxaa/peer_manager_handler.c.o
                                0x433 (size before relaxing)
 *fill*         0x000365af        0x1 
 .rodata.str1.4
                0x000365b0      0x121 _build/nrf52832_xxaa/peer_manager_handler.c.o
 *fill*         0x000366d1        0x3 
 .rodata.smd_ble_evt_handler.str1.4
                0x000366d4      0x232 _build/nrf52832_xxaa/security_dispatcher.c.o
 .rodata.smd_init.str1.4
                0x00036906       0x6f _build/nrf52832_xxaa/security_dispatcher.c.o
 *fill*         0x00036906        0x2 
 .rodata.smd_params_reply.str1.4
                0x00036908       0xb2 _build/nrf52832_xxaa/security_dispatcher.c.o
 *fill*         0x000369ba        0x2 
 .rodata.str1.4
                0x000369bc       0x11 _build/nrf52832_xxaa/security_dispatcher.c.o
 *fill*         0x000369cd        0x3 
 .rodata.events_send_from_err_code.str1.4
                0x000369d0      0x123 _build/nrf52832_xxaa/security_manager.c.o
 *fill*         0x00036af3        0x1 
 .rodata.link_secure.str1.4
                0x00036af4       0x55 _build/nrf52832_xxaa/security_manager.c.o
 .rodata.sm_init.str1.4
                0x00036b49       0x6f _build/nrf52832_xxaa/security_manager.c.o
 *fill*         0x00036b49        0x3 
 .rodata.str1.4
                0x00036b4c       0x10 _build/nrf52832_xxaa/security_manager.c.o
 .rodata.str1.4
                0x00036b5c        0x8 _build/nrf52832_xxaa/ble_bas.c.o
 .rodata        0x00036b64        0x4 _build/nrf52832_xxaa/nrf_sdh.c.o
 .rodata.sdh_req_observers
                0x00036b68        0xc _build/nrf52832_xxaa/nrf_sdh.c.o
 .rodata.sdh_stack_observers
                0x00036b74        0xc _build/nrf52832_xxaa/nrf_sdh.c.o
 .rodata.sdh_state_observers
                0x00036b80        0xc _build/nrf52832_xxaa/nrf_sdh.c.o
 .rodata.str1.4
                0x00036b8c        0x8 _build/nrf52832_xxaa/nrf_sdh.c.o
 .rodata.nrf_sdh_ble_default_cfg_set.str1.4
                0x00036b94      0x187 _build/nrf52832_xxaa/nrf_sdh_ble.c.o
 *fill*         0x00036d1b        0x1 
 .rodata.nrf_sdh_ble_enable.str1.4
                0x00036d1c       0xad _build/nrf52832_xxaa/nrf_sdh_ble.c.o
 *fill*         0x00036dc9        0x3 
 .rodata.sdh_ble_observers
                0x00036dcc        0xc _build/nrf52832_xxaa/nrf_sdh_ble.c.o
 .rodata.str1.4
                0x00036dd8        0xc _build/nrf52832_xxaa/nrf_sdh_ble.c.o
 .rodata.sdh_soc_observers
                0x00036de4        0xc _build/nrf52832_xxaa/nrf_sdh_soc.c.o
 .rodata.str1.4
                0x00036df0        0xc _build/nrf52832_xxaa/nrf_sdh_soc.c.o
 .rodata._ctype_
                0x00036dfc      0x101 c:/st/gnu tools arm embedded/8 2019-q3-update/bin/../lib/gcc/arm-none-eabi/8.3.1/../../../../arm-none-eabi/lib/thumb/v7e-m+fp/hard\libc_nano.a(lib_a-ctype_.o)
                0x00036dfc                _ctype_
 *fill*         0x00036efd        0x3 
 .rodata._global_impure_ptr
                0x00036f00        0x4 c:/st/gnu tools arm embedded/8 2019-q3-update/bin/../lib/gcc/arm-none-eabi/8.3.1/../../../../arm-none-eabi/lib/thumb/v7e-m+fp/hard\libc_nano.a(lib_a-impure.o)
                0x00036f00                _global_impure_ptr
 *(.eh_frame*)
 .eh_frame      0x00036f04        0x0 c:/st/gnu tools arm embedded/8 2019-q3-update/bin/../lib/gcc/arm-none-eabi/8.3.1/thumb/v7e-m+fp/hard/crtbegin.o
 .eh_frame      0x00036f04        0x4 c:/st/gnu tools arm embedded/8 2019-q3-update/bin/../lib/gcc/arm-none-eabi/8.3.1/thumb/v7e-m+fp/hard/crtend.o

.glue_7         0x00036f08        0x0
 .glue_7        0x00036f08        0x0 linker stubs

.glue_7t        0x00036f08        0x0
 .glue_7t       0x00036f08        0x0 linker stubs

.vfp11_veneer   0x00036f08        0x0
 .vfp11_veneer  0x00036f08        0x0 linker stubs

.v4_bx          0x00036f08        0x0
 .v4_bx         0x00036f08        0x0 linker stubs

.iplt           0x00036f08        0x0
 .iplt          0x00036f08        0x0 c:/st/gnu tools arm embedded/8 2019-q3-update/bin/../lib/gcc/arm-none-eabi/8.3.1/thumb/v7e-m+fp/hard/crtbegin.o

.mem_section_dummy_rom

.sdh_soc_observers
                0x00036f08       0x10
                0x00036f08                PROVIDE (__start_sdh_soc_observers = .)
 *(SORT_BY_NAME(.sdh_soc_observers*))
 .sdh_soc_observers0
                0x00036f08        0x8 _build/nrf52832_xxaa/nrf_fstorage_sd.c.o
 .sdh_soc_observers0
                0x00036f10        0x8 _build/nrf52832_xxaa/nrf_drv_clock.c.o
                0x00036f18                PROVIDE (__stop_sdh_soc_observers = .)

.sdh_ble_observers
                0x00036f18       0x58
                0x00036f18                PROVIDE (__start_sdh_ble_observers = .)
 *(SORT_BY_NAME(.sdh_ble_observers*))
 .sdh_ble_observers0
                0x00036f18        0x8 _build/nrf52832_xxaa/ble_conn_state.c.o
 .sdh_ble_observers1
                0x00036f20        0x8 _build/nrf52832_xxaa/bsp_btn_ble.c.o
 .sdh_ble_observers1
                0x00036f28       0x18 _build/nrf52832_xxaa/main.c.o
 .sdh_ble_observers1
                0x00036f40        0x8 _build/nrf52832_xxaa/ble_conn_params.c.o
 .sdh_ble_observers1
                0x00036f48        0x8 _build/nrf52832_xxaa/peer_manager.c.o
 .sdh_ble_observers2
                0x00036f50       0x18 _build/nrf52832_xxaa/main.c.o
 .sdh_ble_observers3
                0x00036f68        0x8 _build/nrf52832_xxaa/main.c.o
                0x00036f70                PROVIDE (__stop_sdh_ble_observers = .)

.pwr_mgmt_data  0x00036f70        0x0
                0x00036f70                PROVIDE (__start_pwr_mgmt_data = .)
 *(SORT_BY_NAME(.pwr_mgmt_data*))
                0x00036f70                PROVIDE (__stop_pwr_mgmt_data = .)

.nrf_queue      0x00036f70       0x14
                [!provide]                PROVIDE (__start_nrf_queue = .)
 *(.nrf_queue)
 .nrf_queue     0x00036f70       0x14 _build/nrf52832_xxaa/main.c.o
                0x00036f70                m_ble_gatt_queuepurge_queue
                [!provide]                PROVIDE (__stop_nrf_queue = .)

.sdh_req_observers
                0x00036f84        0x8
                0x00036f84                PROVIDE (__start_sdh_req_observers = .)
 *(SORT_BY_NAME(.sdh_req_observers*))
 .sdh_req_observers0
                0x00036f84        0x8 _build/nrf52832_xxaa/nrf_fstorage_sd.c.o
                0x00036f84                m_req_obs
                0x00036f8c                PROVIDE (__stop_sdh_req_observers = .)

.sdh_state_observers
                0x00036f8c       0x10
                0x00036f8c                PROVIDE (__start_sdh_state_observers = .)
 *(SORT_BY_NAME(.sdh_state_observers*))
 .sdh_state_observers0
                0x00036f8c        0x8 _build/nrf52832_xxaa/nrf_fstorage_sd.c.o
 .sdh_state_observers0
                0x00036f94        0x8 _build/nrf52832_xxaa/nrf_drv_clock.c.o
                0x00036f9c                PROVIDE (__stop_sdh_state_observers = .)

.sdh_stack_observers
                0x00036f9c       0x10
                0x00036f9c                PROVIDE (__start_sdh_stack_observers = .)
 *(SORT_BY_NAME(.sdh_stack_observers*))
 .sdh_stack_observers0
                0x00036f9c        0x8 _build/nrf52832_xxaa/nrf_sdh_ble.c.o
 .sdh_stack_observers0
                0x00036fa4        0x8 _build/nrf52832_xxaa/nrf_sdh_soc.c.o
                0x00036fac                PROVIDE (__stop_sdh_stack_observers = .)

.nrf_balloc     0x00036fac       0x28
                [!provide]                PROVIDE (__start_nrf_balloc = .)
 *(.nrf_balloc)
 .nrf_balloc    0x00036fac       0x14 _build/nrf52832_xxaa/nrf_log_frontend.c.o
                0x00036fac                log_mempool
 .nrf_balloc    0x00036fc0       0x14 _build/nrf52832_xxaa/main.c.o
                0x00036fc0                m_ble_gatt_queuepool
                [!provide]                PROVIDE (__stop_nrf_balloc = .)

.cli_command    0x00036fd4        0x0
                [!provide]                PROVIDE (__start_cli_command = .)
 *(.cli_command)
                [!provide]                PROVIDE (__stop_cli_command = .)

.crypto_data    0x00036fd4        0x0
                [!provide]                PROVIDE (__start_crypto_data = .)
 *(SORT_BY_NAME(.crypto_data*))
                [!provide]                PROVIDE (__stop_crypto_data = .)

.log_const_data
                0x00036fd4       0xd8
                0x00036fd4                PROVIDE (__start_log_const_data = .)
 *(SORT_BY_NAME(.log_const_data*))
 .log_const_data_CLOCK
                0x00036fd4        0x8 _build/nrf52832_xxaa/nrfx_clock.c.o
                0x00036fd4                m_nrf_log_CLOCK_logs_data_const
 .log_const_data_GPIOTE
                0x00036fdc        0x8 _build/nrf52832_xxaa/nrfx_gpiote.c.o
                0x00036fdc                m_nrf_log_GPIOTE_logs_data_const
 .log_const_data_PRS
                0x00036fe4        0x8 _build/nrf52832_xxaa/nrfx_prs.c.o
                0x00036fe4                m_nrf_log_PRS_logs_data_const
 .log_const_data_UART
                0x00036fec        0x8 _build/nrf52832_xxaa/nrfx_uart.c.o
                0x00036fec                m_nrf_log_UART_logs_data_const
 .log_const_data_UARTE
                0x00036ff4        0x8 _build/nrf52832_xxaa/nrfx_uarte.c.o
                0x00036ff4                m_nrf_log_UARTE_logs_data_const
 .log_const_data_app
                0x00036ffc        0x8 _build/nrf52832_xxaa/nrf_log_frontend.c.o
                0x00036ffc                m_nrf_log_app_logs_data_const
 .log_const_data_app_button
                0x00037004        0x8 _build/nrf52832_xxaa/app_button.c.o
                0x00037004                m_nrf_log_app_button_logs_data_const
 .log_const_data_app_timer
                0x0003700c        0x8 _build/nrf52832_xxaa/app_timer2.c.o
                0x0003700c                m_nrf_log_app_timer_logs_data_const
 .log_const_data_ble_bas
                0x00037014        0x8 _build/nrf52832_xxaa/ble_bas.c.o
                0x00037014                m_nrf_log_ble_bas_logs_data_const
 .log_const_data_clock
                0x0003701c        0x8 _build/nrf52832_xxaa/nrf_drv_clock.c.o
                0x0003701c                m_nrf_log_clock_logs_data_const
 .log_const_data_nrf_ble_gatt
                0x00037024        0x8 _build/nrf52832_xxaa/nrf_ble_gatt.c.o
                0x00037024                m_nrf_log_nrf_ble_gatt_logs_data_const
 .log_const_data_nrf_ble_gq
                0x0003702c        0x8 _build/nrf52832_xxaa/nrf_ble_gq.c.o
                0x0003702c                m_nrf_log_nrf_ble_gq_logs_data_const
 .log_const_data_nrf_fstorage
                0x00037034        0x8 _build/nrf52832_xxaa/nrf_fstorage.c.o
                0x00037034                m_nrf_log_nrf_fstorage_logs_data_const
 .log_const_data_nrf_sdh
                0x0003703c        0x8 _build/nrf52832_xxaa/nrf_sdh.c.o
                0x0003703c                m_nrf_log_nrf_sdh_logs_data_const
 .log_const_data_nrf_sdh_ble
                0x00037044        0x8 _build/nrf52832_xxaa/nrf_sdh_ble.c.o
                0x00037044                m_nrf_log_nrf_sdh_ble_logs_data_const
 .log_const_data_nrf_sdh_soc
                0x0003704c        0x8 _build/nrf52832_xxaa/nrf_sdh_soc.c.o
                0x0003704c                m_nrf_log_nrf_sdh_soc_logs_data_const
 .log_const_data_peer_manager
                0x00037054        0x8 _build/nrf52832_xxaa/peer_manager.c.o
                0x00037054                m_nrf_log_peer_manager_logs_data_const
 .log_const_data_peer_manager_gcm
                0x0003705c        0x8 _build/nrf52832_xxaa/gatt_cache_manager.c.o
                0x0003705c                m_nrf_log_peer_manager_gcm_logs_data_const
 .log_const_data_peer_manager_gscm
                0x00037064        0x8 _build/nrf52832_xxaa/gatts_cache_manager.c.o
                0x00037064                m_nrf_log_peer_manager_gscm_logs_data_const
 .log_const_data_peer_manager_handler
                0x0003706c        0x8 _build/nrf52832_xxaa/peer_manager_handler.c.o
                0x0003706c                m_nrf_log_peer_manager_handler_logs_data_const
 .log_const_data_peer_manager_im
                0x00037074        0x8 _build/nrf52832_xxaa/id_manager.c.o
                0x00037074                m_nrf_log_peer_manager_im_logs_data_const
 .log_const_data_peer_manager_pdb
                0x0003707c        0x8 _build/nrf52832_xxaa/peer_database.c.o
                0x0003707c                m_nrf_log_peer_manager_pdb_logs_data_const
 .log_const_data_peer_manager_pds
                0x00037084        0x8 _build/nrf52832_xxaa/peer_data_storage.c.o
                0x00037084                m_nrf_log_peer_manager_pds_logs_data_const
 .log_const_data_peer_manager_sm
                0x0003708c        0x8 _build/nrf52832_xxaa/security_manager.c.o
                0x0003708c                m_nrf_log_peer_manager_sm_logs_data_const
 .log_const_data_peer_manager_smd
                0x00037094        0x8 _build/nrf52832_xxaa/security_dispatcher.c.o
                0x00037094                m_nrf_log_peer_manager_smd_logs_data_const
 .log_const_data_pwr_mgmt
                0x0003709c        0x8 _build/nrf52832_xxaa/nrf_pwr_mgmt.c.o
                0x0003709c                m_nrf_log_pwr_mgmt_logs_data_const
 .log_const_data_sortlist
                0x000370a4        0x8 _build/nrf52832_xxaa/nrf_sortlist.c.o
                0x000370a4                m_nrf_log_sortlist_logs_data_const
                0x000370ac                PROVIDE (__stop_log_const_data = .)

.log_backends   0x000370ac       0x10
                [!provide]                PROVIDE (__start_log_backends = .)
 *(SORT_BY_NAME(.log_backends*))
 .log_backends  0x000370ac       0x10 _build/nrf52832_xxaa/nrf_log_default_backends.c.o
                [!provide]                PROVIDE (__stop_log_backends = .)

.ARM.extab
 *(.ARM.extab* .gnu.linkonce.armextab.*)
                0x000370bc                __exidx_start = .

.ARM.exidx      0x000370bc        0x8
 *(.ARM.exidx* .gnu.linkonce.armexidx.*)
 .ARM.exidx     0x000370bc        0x8 c:/st/gnu tools arm embedded/8 2019-q3-update/bin/../lib/gcc/arm-none-eabi/8.3.1/../../../../arm-none-eabi/lib/thumb/v7e-m+fp/hard/crt0.o
 .ARM.exidx     0x000370c4        0x0 c:/st/gnu tools arm embedded/8 2019-q3-update/bin/../lib/gcc/arm-none-eabi/8.3.1/thumb/v7e-m+fp/hard\libgcc.a(_udivmoddi4.o)
                                  0x8 (size before relaxing)
                0x000370c4                __exidx_end = .

.rel.dyn        0x000370c4        0x0
 .rel.iplt      0x000370c4        0x0 c:/st/gnu tools arm embedded/8 2019-q3-update/bin/../lib/gcc/arm-none-eabi/8.3.1/thumb/v7e-m+fp/hard/crtbegin.o
                0x000370c4                . = ALIGN (0x4)
                0x000370c4                __etext = .

.data           0x20002250       0xd8 load address 0x000370c4
                0x20002250                __data_start__ = .
 *(vtable)
 *(.data*)
 .data.m_uart   0x20002250       0x14 _build/nrf52832_xxaa/nrf_log_backend_uart.c.o
                0x20002250                m_uart
 .data.log_backend_cb_uart_log_backend
                0x20002264        0x8 _build/nrf52832_xxaa/nrf_log_default_backends.c.o
 .data.m_rtc_inst
                0x2000226c        0x8 _build/nrf52832_xxaa/app_timer2.c.o
 .data.SystemCoreClock
                0x20002274        0x4 _build/nrf52832_xxaa/system_nrf52.c.o
                0x20002274                SystemCoreClock
 .data.m_adv_uuids
                0x20002278        0xc _build/nrf52832_xxaa/main.c.o
 .data.m_ble_gatt_queue