Archive member included to satisfy reference by file (symbol)

c:/st/gnu tools arm embedded/8 2019-q3-update/bin/../lib/gcc/arm-none-eabi/8.3.1/../../../../arm-none-eabi/lib/thumb/v7e-m+fp/hard\libc_nano.a(lib_a-exit.o)
                              c:/st/gnu tools arm embedded/8 2019-q3-update/bin/../lib/gcc/arm-none-eabi/8.3.1/../../../../arm-none-eabi/lib/thumb/v7e-m+fp/hard/crt0.o (exit)
c:/st/gnu tools arm embedded/8 2019-q3-update/bin/../lib/gcc/arm-none-eabi/8.3.1/../../../../arm-none-eabi/lib/thumb/v7e-m+fp/hard\libc_nano.a(lib_a-impure.o)
                              c:/st/gnu tools arm embedded/8 2019-q3-update/bin/../lib/gcc/arm-none-eabi/8.3.1/../../../../arm-none-eabi/lib/thumb/v7e-m+fp/hard\libc_nano.a(lib_a-exit.o) (_global_impure_ptr)
c:/st/gnu tools arm embedded/8 2019-q3-update/bin/../lib/gcc/arm-none-eabi/8.3.1/../../../../arm-none-eabi/lib/thumb/v7e-m+fp/hard\libc_nano.a(lib_a-init.o)
                              c:/st/gnu tools arm embedded/8 2019-q3-update/bin/../lib/gcc/arm-none-eabi/8.3.1/../../../../arm-none-eabi/lib/thumb/v7e-m+fp/hard/crt0.o (__libc_init_array)
c:/st/gnu tools arm embedded/8 2019-q3-update/bin/../lib/gcc/arm-none-eabi/8.3.1/../../../../arm-none-eabi/lib/thumb/v7e-m+fp/hard\libc_nano.a(lib_a-memcpy-stub.o)
                              _build/nrf52832_xxaa/nrf_memobj.c.o (memcpy)
c:/st/gnu tools arm embedded/8 2019-q3-update/bin/../lib/gcc/arm-none-eabi/8.3.1/../../../../arm-none-eabi/lib/thumb/v7e-m+fp/hard\libc_nano.a(lib_a-memset.o)
                              c:/st/gnu tools arm embedded/8 2019-q3-update/bin/../lib/gcc/arm-none-eabi/8.3.1/../../../../arm-none-eabi/lib/thumb/v7e-m+fp/hard/crt0.o (memset)
c:/st/gnu tools arm embedded/8 2019-q3-update/bin/../lib/gcc/arm-none-eabi/8.3.1/../../../../arm-none-eabi/lib/thumb/v7e-m+fp/hard\libc_nano.a(lib_a-printf.o)
                              _build/nrf52832_xxaa/main.c.o (printf)
c:/st/gnu tools arm embedded/8 2019-q3-update/bin/../lib/gcc/arm-none-eabi/8.3.1/../../../../arm-none-eabi/lib/thumb/v7e-m+fp/hard\libc_nano.a(lib_a-strlen.o)
                              _build/nrf52832_xxaa/nrf_fprintf_format.c.o (strlen)
c:/st/gnu tools arm embedded/8 2019-q3-update/bin/../lib/gcc/arm-none-eabi/8.3.1/../../../../arm-none-eabi/lib/thumb/v7e-m+fp/hard\libc_nano.a(lib_a-findfp.o)
                              c:/st/gnu tools arm embedded/8 2019-q3-update/bin/../lib/gcc/arm-none-eabi/8.3.1/../../../../arm-none-eabi/lib/thumb/v7e-m+fp/hard\libc_nano.a(lib_a-printf.o) (__sinit)
c:/st/gnu tools arm embedded/8 2019-q3-update/bin/../lib/gcc/arm-none-eabi/8.3.1/../../../../arm-none-eabi/lib/thumb/v7e-m+fp/hard\libc_nano.a(lib_a-fwalk.o)
                              c:/st/gnu tools arm embedded/8 2019-q3-update/bin/../lib/gcc/arm-none-eabi/8.3.1/../../../../arm-none-eabi/lib/thumb/v7e-m+fp/hard\libc_nano.a(lib_a-findfp.o) (_fwalk)
c:/st/gnu tools arm embedded/8 2019-q3-update/bin/../lib/gcc/arm-none-eabi/8.3.1/../../../../arm-none-eabi/lib/thumb/v7e-m+fp/hard\libc_nano.a(lib_a-lock.o)
                              c:/st/gnu tools arm embedded/8 2019-q3-update/bin/../lib/gcc/arm-none-eabi/8.3.1/../../../../arm-none-eabi/lib/thumb/v7e-m+fp/hard\libc_nano.a(lib_a-findfp.o) (__retarget_lock_init_recursive)
c:/st/gnu tools arm embedded/8 2019-q3-update/bin/../lib/gcc/arm-none-eabi/8.3.1/../../../../arm-none-eabi/lib/thumb/v7e-m+fp/hard\libc_nano.a(lib_a-nano-mallocr.o)
                              c:/st/gnu tools arm embedded/8 2019-q3-update/bin/../lib/gcc/arm-none-eabi/8.3.1/../../../../arm-none-eabi/lib/thumb/v7e-m+fp/hard\libc_nano.a(lib_a-findfp.o) (_malloc_r)
c:/st/gnu tools arm embedded/8 2019-q3-update/bin/../lib/gcc/arm-none-eabi/8.3.1/../../../../arm-none-eabi/lib/thumb/v7e-m+fp/hard\libc_nano.a(lib_a-nano-vfprintf.o)
                              c:/st/gnu tools arm embedded/8 2019-q3-update/bin/../lib/gcc/arm-none-eabi/8.3.1/../../../../arm-none-eabi/lib/thumb/v7e-m+fp/hard\libc_nano.a(lib_a-printf.o) (_vfprintf_r)
c:/st/gnu tools arm embedded/8 2019-q3-update/bin/../lib/gcc/arm-none-eabi/8.3.1/../../../../arm-none-eabi/lib/thumb/v7e-m+fp/hard\libc_nano.a(lib_a-nano-vfprintf_i.o)
                              c:/st/gnu tools arm embedded/8 2019-q3-update/bin/../lib/gcc/arm-none-eabi/8.3.1/../../../../arm-none-eabi/lib/thumb/v7e-m+fp/hard\libc_nano.a(lib_a-nano-vfprintf.o) (_printf_i)
c:/st/gnu tools arm embedded/8 2019-q3-update/bin/../lib/gcc/arm-none-eabi/8.3.1/../../../../arm-none-eabi/lib/thumb/v7e-m+fp/hard\libc_nano.a(lib_a-sbrkr.o)
                              c:/st/gnu tools arm embedded/8 2019-q3-update/bin/../lib/gcc/arm-none-eabi/8.3.1/../../../../arm-none-eabi/lib/thumb/v7e-m+fp/hard\libc_nano.a(lib_a-nano-mallocr.o) (_sbrk_r)
c:/st/gnu tools arm embedded/8 2019-q3-update/bin/../lib/gcc/arm-none-eabi/8.3.1/../../../../arm-none-eabi/lib/thumb/v7e-m+fp/hard\libc_nano.a(lib_a-stdio.o)
[...]
Memory Configuration

Name             Origin             Length             Attributes
FLASH            0x00000000         0x00080000         xr
RAM              0x20000000         0x00010000         xrw
*default*        0x00000000         0xffffffff

Linker script and memory map


.text           0x00000000     0x2850
 *(.isr_vector)
 .isr_vector    0x00000000      0x200 _build/nrf52832_xxaa/gcc_startup_nrf52.S.o
                0x00000000                __isr_vector
 *(.text*)
 .text          0x00000200       0x40 c:/st/gnu tools arm embedded/8 2019-q3-update/bin/../lib/gcc/arm-none-eabi/8.3.1/thumb/v7e-m+fp/hard/crtbegin.o
 .text          0x00000240       0x74 c:/st/gnu tools arm embedded/8 2019-q3-update/bin/../lib/gcc/arm-none-eabi/8.3.1/../../../../arm-none-eabi/lib/thumb/v7e-m+fp/hard/crt0.o
                0x00000240                _start
                0x00000240                _mainCRTStartup
 .text          0x000002b4       0x3c _build/nrf52832_xxaa/gcc_startup_nrf52.S.o
                0x000002b4                Reset_Handler
                0x000002dc                NMI_Handler
                0x000002de                HardFault_Handler
                0x000002e0                MemoryManagement_Handler
                0x000002e2                BusFault_Handler
                0x000002e4                UsageFault_Handler
                0x000002e6                SVC_Handler
                0x000002e8                DebugMon_Handler
                0x000002ea                PendSV_Handler
                0x000002ec                SysTick_Handler
                0x000002ee                SWI0_EGU0_IRQHandler
                0x000002ee                POWER_CLOCK_IRQHandler
                0x000002ee                RADIO_IRQHandler
                0x000002ee                PWM1_IRQHandler
                0x000002ee                TEMP_IRQHandler
                0x000002ee                QDEC_IRQHandler
                0x000002ee                TIMER3_IRQHandler
                0x000002ee                FPU_IRQHandler
                0x000002ee                SPIM0_SPIS0_TWIM0_TWIS0_SPI0_TWI0_IRQHandler
                0x000002ee                PDM_IRQHandler
                0x000002ee                TIMER4_IRQHandler
                0x000002ee                I2S_IRQHandler
                0x000002ee                RTC0_IRQHandler
                0x000002ee                TIMER0_IRQHandler
                0x000002ee                SWI2_EGU2_IRQHandler
                0x000002ee                TIMER1_IRQHandler
                0x000002ee                PWM2_IRQHandler
                0x000002ee                ECB_IRQHandler
                0x000002ee                SPIM1_SPIS1_TWIM1_TWIS1_SPI1_TWI1_IRQHandler
                0x000002ee                Default_Handler
                0x000002ee                SAADC_IRQHandler
                0x000002ee                CCM_AAR_IRQHandler
                0x000002ee                WDT_IRQHandler
                0x000002ee                GPIOTE_IRQHandler
                0x000002ee                SWI5_EGU5_IRQHandler
                0x000002ee                RNG_IRQHandler
                0x000002ee                RTC2_IRQHandler
                0x000002ee                PWM0_IRQHandler
                0x000002ee                SWI3_EGU3_IRQHandler
                0x000002ee                RTC1_IRQHandler
                0x000002ee                SWI1_EGU1_IRQHandler
                0x000002ee                SPIM2_SPIS2_SPI2_IRQHandler
                0x000002ee                NFCT_IRQHandler
                0x000002ee                SWI4_EGU4_IRQHandler
                0x000002ee                MWU_IRQHandler
                0x000002ee                TIMER2_IRQHandler
                0x000002ee                COMP_LPCOMP_IRQHandler
 .text.bsp_board_init
                0x000002f0       0x5c _build/nrf52832_xxaa/boards.c.o
                0x000002f0                bsp_board_init
 .text.app_error_handler_bare
                0x0000034c       0x20 _build/nrf52832_xxaa/app_error.c.o
                0x0000034c                app_error_handler_bare
 .text.app_error_fault_handler
                0x0000036c       0x34 _build/nrf52832_xxaa/app_error_weak.c.o
                0x0000036c                app_error_fault_handler
 .text.app_fifo_init
                0x000003a0       0x20 _build/nrf52832_xxaa/app_fifo.c.o
                0x000003a0                app_fifo_init
 .text.app_fifo_put
                0x000003c0       0x30 _build/nrf52832_xxaa/app_fifo.c.o
                0x000003c0                app_fifo_put
 .text.app_fifo_get
                0x000003f0       0x2c _build/nrf52832_xxaa/app_fifo.c.o
                0x000003f0                app_fifo_get
 .text.uart_event_handler
                0x0000041c      0x11c _build/nrf52832_xxaa/app_uart_fifo.c.o
 .text.app_uart_init
                0x00000538       0xf4 _build/nrf52832_xxaa/app_uart_fifo.c.o
                0x00000538                app_uart_init
 .text.app_uart_get
                0x0000062c       0x5c _build/nrf52832_xxaa/app_uart_fifo.c.o
                0x0000062c                app_uart_get
 .text.app_uart_put
                0x00000688       0x74 _build/nrf52832_xxaa/app_uart_fifo.c.o
                0x00000688                app_uart_put
 .text.app_util_critical_region_enter
                0x000006fc       0x10 _build/nrf52832_xxaa/app_util_platform.c.o
                0x000006fc                app_util_critical_region_enter
 .text.app_util_critical_region_exit
                0x0000070c       0x14 _build/nrf52832_xxaa/app_util_platform.c.o
                0x0000070c                app_util_critical_region_exit
 .text._write   0x00000720       0x1c _build/nrf52832_xxaa/retarget.c.o
                0x00000720                _write
 .text._read    0x0000073c       0x14 _build/nrf52832_xxaa/retarget.c.o
                0x0000073c                _read
 .text.uarte_evt_handler
                0x00000750       0x34 _build/nrf52832_xxaa/nrf_drv_uart.c.o
 .text.uart_evt_handler
                0x00000784       0x34 _build/nrf52832_xxaa/nrf_drv_uart.c.o
 .text.nrf_drv_uart_init
                0x000007b8       0x7c _build/nrf52832_xxaa/nrf_drv_uart.c.o
                0x000007b8                nrf_drv_uart_init
 .text.UARTE0_UART0_IRQHandler
                0x00000834        0xc _build/nrf52832_xxaa/nrfx_prs.c.o
                0x00000834                UARTE0_UART0_IRQHandler
 .text.nrfx_prs_acquire
                0x00000840       0x3c _build/nrf52832_xxaa/nrfx_prs.c.o
                0x00000840                nrfx_prs_acquire
 .text.nrfx_uart_0_irq_handler
                0x0000087c      0x1c4 _build/nrf52832_xxaa/nrfx_uart.c.o
                0x0000087c                nrfx_uart_0_irq_handler
 .text.nrfx_uart_init
                0x00000a40      0x198 _build/nrf52832_xxaa/nrfx_uart.c.o
                0x00000a40                nrfx_uart_init
 .text.nrfx_uart_tx
                0x00000bd8       0xd0 _build/nrf52832_xxaa/nrfx_uart.c.o
                0x00000bd8                nrfx_uart_tx
 .text.nrfx_uart_tx_in_progress
                0x00000ca8       0x18 _build/nrf52832_xxaa/nrfx_uart.c.o
                0x00000ca8                nrfx_uart_tx_in_progress
 .text.nrfx_uart_rx
                0x00000cc0      0x13c _build/nrf52832_xxaa/nrfx_uart.c.o
                0x00000cc0                nrfx_uart_rx
 .text.nrfx_uarte_0_irq_handler
                0x00000dfc      0x160 _build/nrf52832_xxaa/nrfx_uarte.c.o
                0x00000dfc                nrfx_uarte_0_irq_handler
 .text.nrfx_uarte_init
                0x00000f5c      0x1d0 _build/nrf52832_xxaa/nrfx_uarte.c.o
                0x00000f5c                nrfx_uarte_init
 .text.nrfx_uarte_tx
                0x0000112c       0xb4 _build/nrf52832_xxaa/nrfx_uarte.c.o
                0x0000112c                nrfx_uarte_tx
 .text.nrfx_uarte_tx_in_progress
                0x000011e0       0x1c _build/nrf52832_xxaa/nrfx_uarte.c.o
                0x000011e0                nrfx_uarte_tx_in_progress
 .text.nrfx_uarte_rx
                0x000011fc      0x12c _build/nrf52832_xxaa/nrfx_uarte.c.o
                0x000011fc                nrfx_uarte_rx
 .text.uart_error_handle
                0x00001328       0x14 _build/nrf52832_xxaa/main.c.o
                0x00001328                uart_error_handle
 .text.startup.main
                0x0000133c       0xe0 _build/nrf52832_xxaa/main.c.o
                0x0000133c                main
 .text.SystemInit
                0x0000141c      0x318 _build/nrf52832_xxaa/system_nrf52.c.o
                0x0000141c                SystemInit
 .text.exit     0x00001734       0x28 c:/st/gnu tools arm embedded/8 2019-q3-update/bin/../lib/gcc/arm-none-eabi/8.3.1/../../../../arm-none-eabi/lib/thumb/v7e-m+fp/hard\libc_nano.a(lib_a-exit.o)
                0x00001734                exit
 .text.__libc_init_array
                0x0000175c       0x48 c:/st/gnu tools arm embedded/8 2019-q3-update/bin/../lib/gcc/arm-none-eabi/8.3.1/../../../../arm-none-eabi/lib/thumb/v7e-m+fp/hard\libc_nano.a(lib_a-init.o)
                0x0000175c                __libc_init_array
 .text.memset   0x000017a4       0x10 c:/st/gnu tools arm embedded/8 2019-q3-update/bin/../lib/gcc/arm-none-eabi/8.3.1/../../../../arm-none-eabi/lib/thumb/v7e-m+fp/hard\libc_nano.a(lib_a-memset.o)
                0x000017a4                memset
 .text.printf   0x000017b4       0x30 c:/st/gnu tools arm embedded/8 2019-q3-update/bin/../lib/gcc/arm-none-eabi/8.3.1/../../../../arm-none-eabi/lib/thumb/v7e-m+fp/hard\libc_nano.a(lib_a-printf.o)
                0x000017b4                iprintf
                0x000017b4                printf
 .text.std      0x000017e4       0x48 c:/st/gnu tools arm embedded/8 2019-q3-update/bin/../lib/gcc/arm-none-eabi/8.3.1/../../../../arm-none-eabi/lib/thumb/v7e-m+fp/hard\libc_nano.a(lib_a-findfp.o)
 .text._cleanup_r
                0x0000182c        0xc c:/st/gnu tools arm embedded/8 2019-q3-update/bin/../lib/gcc/arm-none-eabi/8.3.1/../../../../arm-none-eabi/lib/thumb/v7e-m+fp/hard\libc_nano.a(lib_a-findfp.o)
                0x0000182c                _cleanup_r
 .text.__sfmoreglue
                0x00001838       0x2c c:/st/gnu tools arm embedded/8 2019-q3-update/bin/../lib/gcc/arm-none-eabi/8.3.1/../../../../arm-none-eabi/lib/thumb/v7e-m+fp/hard\libc_nano.a(lib_a-findfp.o)
                0x00001838                __sfmoreglue
 .text.__sfp_lock_acquire
                0x00001864        0xc c:/st/gnu tools arm embedded/8 2019-q3-update/bin/../lib/gcc/arm-none-eabi/8.3.1/../../../../arm-none-eabi/lib/thumb/v7e-m+fp/hard\libc_nano.a(lib_a-findfp.o)
                0x00001864                __sfp_lock_acquire
 .text.__sfp_lock_release
                0x00001870        0xc c:/st/gnu tools arm embedded/8 2019-q3-update/bin/../lib/gcc/arm-none-eabi/8.3.1/../../../../arm-none-eabi/lib/thumb/v7e-m+fp/hard\libc_nano.a(lib_a-findfp.o)
                0x00001870                __sfp_lock_release
 .text.__sinit_lock_acquire
                0x0000187c        0xc c:/st/gnu tools arm embedded/8 2019-q3-update/bin/../lib/gcc/arm-none-eabi/8.3.1/../../../../arm-none-eabi/lib/thumb/v7e-m+fp/hard\libc_nano.a(lib_a-findfp.o)
                0x0000187c                __sinit_lock_acquire
 .text.__sinit_lock_release
                0x00001888        0xc c:/st/gnu tools arm embedded/8 2019-q3-update/bin/../lib/gcc/arm-none-eabi/8.3.1/../../../../arm-none-eabi/lib/thumb/v7e-m+fp/hard\libc_nano.a(lib_a-findfp.o)
                0x00001888                __sinit_lock_release
 .text.__sinit  0x00001894       0x70 c:/st/gnu tools arm embedded/8 2019-q3-update/bin/../lib/gcc/arm-none-eabi/8.3.1/../../../../arm-none-eabi/lib/thumb/v7e-m+fp/hard\libc_nano.a(lib_a-findfp.o)
                0x00001894                __sinit
 .text.__sfp    0x00001904       0x8c c:/st/gnu tools arm embedded/8 2019-q3-update/bin/../lib/gcc/arm-none-eabi/8.3.1/../../../../arm-none-eabi/lib/thumb/v7e-m+fp/hard\libc_nano.a(lib_a-findfp.o)
                0x00001904                __sfp
 .text._fwalk_reent
                0x00001990       0x3c c:/st/gnu tools arm embedded/8 2019-q3-update/bin/../lib/gcc/arm-none-eabi/8.3.1/../../../../arm-none-eabi/lib/thumb/v7e-m+fp/hard\libc_nano.a(lib_a-fwalk.o)
                0x00001990                _fwalk_reent
 .text.__retarget_lock_init_recursive
                0x000019cc        0x2 c:/st/gnu tools arm embedded/8 2019-q3-update/bin/../lib/gcc/arm-none-eabi/8.3.1/../../../../arm-none-eabi/lib/thumb/v7e-m+fp/hard\libc_nano.a(lib_a-lock.o)
                0x000019cc                __retarget_lock_init_recursive
 .text.__retarget_lock_acquire_recursive
                0x000019ce        0x2 c:/st/gnu tools arm embedded/8 2019-q3-update/bin/../lib/gcc/arm-none-eabi/8.3.1/../../../../arm-none-eabi/lib/thumb/v7e-m+fp/hard\libc_nano.a(lib_a-lock.o)
                0x000019ce                __retarget_lock_acquire_recursive
 .text.__retarget_lock_release_recursive
                0x000019d0        0x2 c:/st/gnu tools arm embedded/8 2019-q3-update/bin/../lib/gcc/arm-none-eabi/8.3.1/../../../../arm-none-eabi/lib/thumb/v7e-m+fp/hard\libc_nano.a(lib_a-lock.o)
                0x000019d0                __retarget_lock_release_recursive
 *fill*         0x000019d2        0x2 
 .text._malloc_r
                0x000019d4       0xb4 c:/st/gnu tools arm embedded/8 2019-q3-update/bin/../lib/gcc/arm-none-eabi/8.3.1/../../../../arm-none-eabi/lib/thumb/v7e-m+fp/hard\libc_nano.a(lib_a-nano-mallocr.o)
                0x000019d4                _malloc_r
 .text.__sfputc_r
                0x00001a88       0x2e c:/st/gnu tools arm embedded/8 2019-q3-update/bin/../lib/gcc/arm-none-eabi/8.3.1/../../../../arm-none-eabi/lib/thumb/v7e-m+fp/hard\libc_nano.a(lib_a-nano-vfprintf.o)
 .text.__sfputs_r
                0x00001ab6       0x24 c:/st/gnu tools arm embedded/8 2019-q3-update/bin/../lib/gcc/arm-none-eabi/8.3.1/../../../../arm-none-eabi/lib/thumb/v7e-m+fp/hard\libc_nano.a(lib_a-nano-vfprintf.o)
                0x00001ab6                __sfputs_r
 *fill*         0x00001ada        0x2 
 .text._vfprintf_r
                0x00001adc      0x250 c:/st/gnu tools arm embedded/8 2019-q3-update/bin/../lib/gcc/arm-none-eabi/8.3.1/../../../../arm-none-eabi/lib/thumb/v7e-m+fp/hard\libc_nano.a(lib_a-nano-vfprintf.o)
                0x00001adc                _vfprintf_r
                0x00001adc                _vfiprintf_r
 .text._printf_common
                0x00001d2c       0xea c:/st/gnu tools arm embedded/8 2019-q3-update/bin/../lib/gcc/arm-none-eabi/8.3.1/../../../../arm-none-eabi/lib/thumb/v7e-m+fp/hard\libc_nano.a(lib_a-nano-vfprintf_i.o)
                0x00001d2c                _printf_common
 *fill*         0x00001e16        0x2 
 .text._printf_i
                0x00001e18      0x228 c:/st/gnu tools arm embedded/8 2019-q3-update/bin/../lib/gcc/arm-none-eabi/8.3.1/../../../../arm-none-eabi/lib/thumb/v7e-m+fp/hard\libc_nano.a(lib_a-nano-vfprintf_i.o)
                0x00001e18                _printf_i
 .text._sbrk_r  0x00002040       0x20 c:/st/gnu tools arm embedded/8 2019-q3-update/bin/../lib/gcc/arm-none-eabi/8.3.1/../../../../arm-none-eabi/lib/thumb/v7e-m+fp/hard\libc_nano.a(lib_a-sbrkr.o)
                0x00002040                _sbrk_r
 .text.__sread  0x00002060       0x22 c:/st/gnu tools arm embedded/8 2019-q3-update/bin/../lib/gcc/arm-none-eabi/8.3.1/../../../../arm-none-eabi/lib/thumb/v7e-m+fp/hard\libc_nano.a(lib_a-stdio.o)
                0x00002060                __sread
 .text.__swrite
                0x00002082       0x38 c:/st/gnu tools arm embedded/8 2019-q3-update/bin/../lib/gcc/arm-none-eabi/8.3.1/../../../../arm-none-eabi/lib/thumb/v7e-m+fp/hard\libc_nano.a(lib_a-stdio.o)
                0x00002082                __swrite
 .text.__sseek  0x000020ba       0x24 c:/st/gnu tools arm embedded/8 2019-q3-update/bin/../lib/gcc/arm-none-eabi/8.3.1/../../../../arm-none-eabi/lib/thumb/v7e-m+fp/hard\libc_nano.a(lib_a-stdio.o)
                0x000020ba                __sseek
 .text.__sclose
                0x000020de        0x8 c:/st/gnu tools arm embedded/8 2019-q3-update/bin/../lib/gcc/arm-none-eabi/8.3.1/../../../../arm-none-eabi/lib/thumb/v7e-m+fp/hard\libc_nano.a(lib_a-stdio.o)
                0x000020de                __sclose
 *fill*         0x000020e6        0x2 
 .text.__swbuf_r
                0x000020e8       0xa4 c:/st/gnu tools arm embedded/8 2019-q3-update/bin/../lib/gcc/arm-none-eabi/8.3.1/../../../../arm-none-eabi/lib/thumb/v7e-m+fp/hard\libc_nano.a(lib_a-wbuf.o)
                0x000020e8                __swbuf_r
 .text._write_r
                0x0000218c       0x24 c:/st/gnu tools arm embedded/8 2019-q3-update/bin/../lib/gcc/arm-none-eabi/8.3.1/../../../../arm-none-eabi/lib/thumb/v7e-m+fp/hard\libc_nano.a(lib_a-writer.o)
                0x0000218c                _write_r
 .text.__swsetup_r
                0x000021b0       0xdc c:/st/gnu tools arm embedded/8 2019-q3-update/bin/../lib/gcc/arm-none-eabi/8.3.1/../../../../arm-none-eabi/lib/thumb/v7e-m+fp/hard\libc_nano.a(lib_a-wsetup.o)
                0x000021b0                __swsetup_r
 .text._close_r
                0x0000228c       0x20 c:/st/gnu tools arm embedded/8 2019-q3-update/bin/../lib/gcc/arm-none-eabi/8.3.1/../../../../arm-none-eabi/lib/thumb/v7e-m+fp/hard\libc_nano.a(lib_a-closer.o)
                0x0000228c                _close_r
 .text.__sflush_r
                0x000022ac      0x10c c:/st/gnu tools arm embedded/8 2019-q3-update/bin/../lib/gcc/arm-none-eabi/8.3.1/../../../../arm-none-eabi/lib/thumb/v7e-m+fp/hard\libc_nano.a(lib_a-fflush.o)
                0x000022ac                __sflush_r
 .text._fflush_r
                0x000023b8       0x78 c:/st/gnu tools arm embedded/8 2019-q3-update/bin/../lib/gcc/arm-none-eabi/8.3.1/../../../../arm-none-eabi/lib/thumb/v7e-m+fp/hard\libc_nano.a(lib_a-fflush.o)
                0x000023b8                _fflush_r
 .text._lseek_r
                0x00002430       0x24 c:/st/gnu tools arm embedded/8 2019-q3-update/bin/../lib/gcc/arm-none-eabi/8.3.1/../../../../arm-none-eabi/lib/thumb/v7e-m+fp/hard\libc_nano.a(lib_a-lseekr.o)
                0x00002430                _lseek_r
 .text.__swhatbuf_r
                0x00002454       0x48 c:/st/gnu tools arm embedded/8 2019-q3-update/bin/../lib/gcc/arm-none-eabi/8.3.1/../../../../arm-none-eabi/lib/thumb/v7e-m+fp/hard\libc_nano.a(lib_a-makebuf.o)
                0x00002454                __swhatbuf_r
 .text.__smakebuf_r
                0x0000249c       0x80 c:/st/gnu tools arm embedded/8 2019-q3-update/bin/../lib/gcc/arm-none-eabi/8.3.1/../../../../arm-none-eabi/lib/thumb/v7e-m+fp/hard\libc_nano.a(lib_a-makebuf.o)
                0x0000249c                __smakebuf_r
 *fill*         0x0000251c        0x4 
 .text          0x00002520       0xa0 c:/st/gnu tools arm embedded/8 2019-q3-update/bin/../lib/gcc/arm-none-eabi/8.3.1/../../../../arm-none-eabi/lib/thumb/v7e-m+fp/hard\libc_nano.a(lib_a-memchr.o)
                0x00002520                memchr
 .text.__malloc_lock
                0x000025c0        0xc c:/st/gnu tools arm embedded/8 2019-q3-update/bin/../lib/gcc/arm-none-eabi/8.3.1/../../../../arm-none-eabi/lib/thumb/v7e-m+fp/hard\libc_nano.a(lib_a-mlock.o)
                0x000025c0                __malloc_lock
 .text.__malloc_unlock
                0x000025cc        0xc c:/st/gnu tools arm embedded/8 2019-q3-update/bin/../lib/gcc/arm-none-eabi/8.3.1/../../../../arm-none-eabi/lib/thumb/v7e-m+fp/hard\libc_nano.a(lib_a-mlock.o)
                0x000025cc                __malloc_unlock
 .text._free_r  0x000025d8       0x9c c:/st/gnu tools arm embedded/8 2019-q3-update/bin/../lib/gcc/arm-none-eabi/8.3.1/../../../../arm-none-eabi/lib/thumb/v7e-m+fp/hard\libc_nano.a(lib_a-nano-freer.o)
                0x000025d8                _free_r
 .text._read_r  0x00002674       0x24 c:/st/gnu tools arm embedded/8 2019-q3-update/bin/../lib/gcc/arm-none-eabi/8.3.1/../../../../arm-none-eabi/lib/thumb/v7e-m+fp/hard\libc_nano.a(lib_a-readr.o)
                0x00002674                _read_r
 .text._fstat_r
                0x00002698       0x24 c:/st/gnu tools arm embedded/8 2019-q3-update/bin/../lib/gcc/arm-none-eabi/8.3.1/../../../../arm-none-eabi/lib/thumb/v7e-m+fp/hard\libc_nano.a(lib_a-fstatr.o)
                0x00002698                _fstat_r
 .text._isatty_r
                0x000026bc       0x20 c:/st/gnu tools arm embedded/8 2019-q3-update/bin/../lib/gcc/arm-none-eabi/8.3.1/../../../../arm-none-eabi/lib/thumb/v7e-m+fp/hard\libc_nano.a(lib_a-isattyr.o)
                0x000026bc                _isatty_r
 .text._close   0x000026dc       0x10 c:/st/gnu tools arm embedded/8 2019-q3-update/bin/../lib/gcc/arm-none-eabi/8.3.1/../../../../arm-none-eabi/lib/thumb/v7e-m+fp/hard\libnosys.a(close.o)
                0x000026dc                _close
 .text._fstat   0x000026ec       0x10 c:/st/gnu tools arm embedded/8 2019-q3-update/bin/../lib/gcc/arm-none-eabi/8.3.1/../../../../arm-none-eabi/lib/thumb/v7e-m+fp/hard\libnosys.a(fstat.o)
                0x000026ec                _fstat
 .text._isatty  0x000026fc       0x10 c:/st/gnu tools arm embedded/8 2019-q3-update/bin/../lib/gcc/arm-none-eabi/8.3.1/../../../../arm-none-eabi/lib/thumb/v7e-m+fp/hard\libnosys.a(isatty.o)
                0x000026fc                _isatty
 .text._lseek   0x0000270c       0x10 c:/st/gnu tools arm embedded/8 2019-q3-update/bin/../lib/gcc/arm-none-eabi/8.3.1/../../../../arm-none-eabi/lib/thumb/v7e-m+fp/hard\libnosys.a(lseek.o)
                0x0000270c                _lseek
 .text._sbrk    0x0000271c       0x1c c:/st/gnu tools arm embedded/8 2019-q3-update/bin/../lib/gcc/arm-none-eabi/8.3.1/../../../../arm-none-eabi/lib/thumb/v7e-m+fp/hard\libnosys.a(sbrk.o)
                0x0000271c                _sbrk
 .text._exit    0x00002738        0x4 c:/st/gnu tools arm embedded/8 2019-q3-update/bin/../lib/gcc/arm-none-eabi/8.3.1/../../../../arm-none-eabi/lib/thumb/v7e-m+fp/hard\libnosys.a(_exit.o)
                0x00002738                _exit
 *(.init)
 .init          0x0000273c        0x4 c:/st/gnu tools arm embedded/8 2019-q3-update/bin/../lib/gcc/arm-none-eabi/8.3.1/thumb/v7e-m+fp/hard/crti.o
                0x0000273c                _init
 .init          0x00002740        0x8 c:/st/gnu tools arm embedded/8 2019-q3-update/bin/../lib/gcc/arm-none-eabi/8.3.1/thumb/v7e-m+fp/hard/crtn.o
 *(.fini)
 .fini          0x00002748        0x4 c:/st/gnu tools arm embedded/8 2019-q3-update/bin/../lib/gcc/arm-none-eabi/8.3.1/thumb/v7e-m+fp/hard/crti.o
                0x00002748                _fini
 .fini          0x0000274c        0x8 c:/st/gnu tools arm embedded/8 2019-q3-update/bin/../lib/gcc/arm-none-eabi/8.3.1/thumb/v7e-m+fp/hard/crtn.o
 *crtbegin.o(.ctors)
 *crtbegin?.o(.ctors)
 *(EXCLUDE_FILE(*crtend.o *crtend?.o) .ctors)
 *(SORT_BY_NAME(.ctors.*))
 *(.ctors)
 *crtbegin.o(.dtors)
 *crtbegin?.o(.dtors)
 *(EXCLUDE_FILE(*crtend.o *crtend?.o) .dtors)
 *(SORT_BY_NAME(.dtors.*))
 *(.dtors)
 *(.rodata*)
 .rodata        0x00002754       0x20 _build/nrf52832_xxaa/app_uart_fifo.c.o
 .rodata        0x00002774       0x18 _build/nrf52832_xxaa/main.c.o
 *fill*         0x0000278c        0x4 
 .rodata.delay_machine_code.8131
                0x00002790        0x6 _build/nrf52832_xxaa/main.c.o
 *fill*         0x00002796        0x2 
 .rodata.main.str1.4
                0x00002798       0x1c _build/nrf52832_xxaa/main.c.o
                                 0x1a (size before relaxing)
 .rodata._global_impure_ptr
                0x000027b4        0x4 c:/st/gnu tools arm embedded/8 2019-q3-update/bin/../lib/gcc/arm-none-eabi/8.3.1/../../../../arm-none-eabi/lib/thumb/v7e-m+fp/hard\libc_nano.a(lib_a-impure.o)
                0x000027b4                _global_impure_ptr
 .rodata.__sf_fake_stderr
                0x000027b8       0x20 c:/st/gnu tools arm embedded/8 2019-q3-update/bin/../lib/gcc/arm-none-eabi/8.3.1/../../../../arm-none-eabi/lib/thumb/v7e-m+fp/hard\libc_nano.a(lib_a-findfp.o)
                0x000027b8                __sf_fake_stderr
 .rodata.__sf_fake_stdin
                0x000027d8       0x20 c:/st/gnu tools arm embedded/8 2019-q3-update/bin/../lib/gcc/arm-none-eabi/8.3.1/../../../../arm-none-eabi/lib/thumb/v7e-m+fp/hard\libc_nano.a(lib_a-findfp.o)
                0x000027d8                __sf_fake_stdin
 .rodata.__sf_fake_stdout
                0x000027f8       0x20 c:/st/gnu tools arm embedded/8 2019-q3-update/bin/../lib/gcc/arm-none-eabi/8.3.1/../../../../arm-none-eabi/lib/thumb/v7e-m+fp/hard\libc_nano.a(lib_a-findfp.o)
                0x000027f8                __sf_fake_stdout
 .rodata._vfprintf_r.str1.1
                0x00002818       0x11 c:/st/gnu tools arm embedded/8 2019-q3-update/bin/../lib/gcc/arm-none-eabi/8.3.1/../../../../arm-none-eabi/lib/thumb/v7e-m+fp/hard\libc_nano.a(lib_a-nano-vfprintf.o)
 .rodata._printf_i.str1.1
                0x00002829       0x22 c:/st/gnu tools arm embedded/8 2019-q3-update/bin/../lib/gcc/arm-none-eabi/8.3.1/../../../../arm-none-eabi/lib/thumb/v7e-m+fp/hard\libc_nano.a(lib_a-nano-vfprintf_i.o)
 *(.eh_frame*)
 *fill*         0x0000284b        0x1 
 .eh_frame      0x0000284c        0x0 c:/st/gnu tools arm embedded/8 2019-q3-update/bin/../lib/gcc/arm-none-eabi/8.3.1/thumb/v7e-m+fp/hard/crtbegin.o
 .eh_frame      0x0000284c        0x4 c:/st/gnu tools arm embedded/8 2019-q3-update/bin/../lib/gcc/arm-none-eabi/8.3.1/thumb/v7e-m+fp/hard/crtend.o

.glue_7         0x00002850        0x0
 .glue_7        0x00002850        0x0 linker stubs

.glue_7t        0x00002850        0x0
 .glue_7t       0x00002850        0x0 linker stubs

.vfp11_veneer   0x00002850        0x0
 .vfp11_veneer  0x00002850        0x0 linker stubs

.v4_bx          0x00002850        0x0
 .v4_bx         0x00002850        0x0 linker stubs

.iplt           0x00002850        0x0
 .iplt          0x00002850        0x0 c:/st/gnu tools arm embedded/8 2019-q3-update/bin/../lib/gcc/arm-none-eabi/8.3.1/thumb/v7e-m+fp/hard/crtbegin.o

.mem_section_dummy_rom

.log_const_data
                0x00002850        0x0
                [!provide]                PROVIDE (__start_log_const_data = .)
 *(SORT_BY_NAME(.log_const_data*))
                [!provide]                PROVIDE (__stop_log_const_data = .)

.log_backends   0x00002850        0x0
                [!provide]                PROVIDE (__start_log_backends = .)
 *(SORT_BY_NAME(.log_backends*))
                [!provide]                PROVIDE (__stop_log_backends = .)

.nrf_balloc     0x00002850        0x0
                [!provide]                PROVIDE (__start_nrf_balloc = .)
 *(.nrf_balloc)
                [!provide]                PROVIDE (__stop_nrf_balloc = .)

.ARM.extab
 *(.ARM.extab* .gnu.linkonce.armextab.*)
                0x00002850                __exidx_start = .

.ARM.exidx      0x00002850        0x8
 *(.ARM.exidx* .gnu.linkonce.armexidx.*)
 .ARM.exidx     0x00002850        0x8 c:/st/gnu tools arm embedded/8 2019-q3-update/bin/../lib/gcc/arm-none-eabi/8.3.1/../../../../arm-none-eabi/lib/thumb/v7e-m+fp/hard/crt0.o
                0x00002858                __exidx_end = .

.rel.dyn        0x00002858        0x0
 .rel.iplt      0x00002858        0x0 c:/st/gnu tools arm embedded/8 2019-q3-update/bin/../lib/gcc/arm-none-eabi/8.3.1/thumb/v7e-m+fp/hard/crtbegin.o
                0x00002858                . = ALIGN (0x4)
                0x00002858                __etext = .

.data           0x20000000       0x84 load address 0x00002858
                0x20000000                __data_start__ = .
 *(vtable)
 *(.data*)
 .data.app_uart_inst
                0x20000000       0x14 _build/nrf52832_xxaa/app_uart_fifo.c.o
 .data.SystemCoreClock
                0x20000014        0x4 _build/nrf52832_xxaa/system_nrf52.c.o
                0x20000014                SystemCoreClock
 .data._impure_ptr
                0x20000018        0x4 c:/st/gnu tools arm embedded/8 2019-q3-update/bin/../lib/gcc/arm-none-eabi/8.3.1/../../../../arm-none-eabi/lib/thumb/v7e-m+fp/hard\libc_nano.a(lib_a-impure.o)
                0x20000018                _impure_ptr
 .data.impure_data
                0x2000001c       0x60 c:/st/gnu tools arm embedded/8 2019-q3-update/bin/../lib/gcc/arm-none-eabi/8.3.1/../../../../arm-none-eabi/lib/thumb/v7e-m+fp/hard\libc_nano.a(lib_a-impure.o)
                0x2000007c                . = ALIGN (0x4)
                0x2000007c                PROVIDE (__preinit_array_start = .)
 *(.preinit_array)
                0x2000007c                PROVIDE (__preinit_array_end = .)
                0x2000007c                . = ALIGN (0x4)
                0x2000007c                PROVIDE (__init_array_start = .)
 *(SORT_BY_NAME(.init_array.*))
 *(.init_array)
 .init_array    0x2000007c        0x4 c:/st/gnu tools arm embedded/8 2019-q3-update/bin/../lib/gcc/arm-none-eabi/8.3.1/thumb/v7e-m+fp/hard/crtbegin.o
                0x20000080                PROVIDE (__init_array_end = .)
                0x20000080                . = ALIGN (0x4)
                [!provide]                PROVIDE (__fini_array_start = .)
 *(SORT_BY_NAME(.fini_array.*))
 *(.fini_array)
 .fini_array    0x20000080        0x4 c:/st/gnu tools arm embedded/8 2019-q3-update/bin/../lib/gcc/arm-none-eabi/8.3.1/thumb/v7e-m+fp/hard/crtbegin.o
                [!provide]                PROVIDE (__fini_array_end = .)
 *(.jcr*)
                0x20000084                . = ALIGN (0x4)
                0x20000084                __data_end__ = .
LOAD c:/st/gnu tools arm embedded/8 2019-q3-update/bin/../lib/gcc/arm-none-eabi/8.3.1/thumb/v7e-m+fp/hard/crti.o
LOAD c:/st/gnu tools arm embedded/8 2019-q3-update/bin/../lib/gcc/arm-none-eabi/8.3.1/thumb/v7e-m+fp/hard/crtbegin.o
LOAD c:/st/gnu tools arm embedded/8 2019-q3-update/bin/../lib/gcc/arm-none-eabi/8.3.1/../../../../arm-none-eabi/lib/thumb/v7e-m+fp/hard/crt0.o
LOAD _build/nrf52832_xxaa/gcc_startup_nrf52.S.o
LOAD _build/nrf52832_xxaa/nrf_log_frontend.c.o
LOAD _build/nrf52832_xxaa/nrf_log_str_formatter.c.o
LOAD _build/nrf52832_xxaa/boards.c.o
LOAD _build/nrf52832_xxaa/app_error.c.o
LOAD _build/nrf52832_xxaa/app_error_handler_gcc.c.o
LOAD _build/nrf52832_xxaa/app_error_weak.c.o
LOAD _build/nrf52832_xxaa/app_fifo.c.o
LOAD _build/nrf52832_xxaa/app_uart_fifo.c.o
LOAD _build/nrf52832_xxaa/app_util_platform.c.o
LOAD _build/nrf52832_xxaa/nrf_assert.c.o
LOAD _build/nrf52832_xxaa/nrf_atomic.c.o
LOAD _build/nrf52832_xxaa/nrf_balloc.c.o
LOAD _build/nrf52832_xxaa/nrf_fprintf.c.o
LOAD _build/nrf52832_xxaa/nrf_fprintf_format.c.o
LOAD _build/nrf52832_xxaa/nrf_memobj.c.o
LOAD _build/nrf52832_xxaa/nrf_ringbuf.c.o
LOAD _build/nrf52832_xxaa/nrf_strerror.c.o
LOAD _build/nrf52832_xxaa/retarget.c.o
LOAD _build/nrf52832_xxaa/nrf_drv_uart.c.o
LOAD _build/nrf52832_xxaa/nrfx_atomic.c.o
LOAD _build/nrf52832_xxaa/nrfx_prs.c.o
LOAD _build/nrf52832_xxaa/nrfx_uart.c.o
LOAD _build/nrf52832_xxaa/nrfx_uarte.c.o
LOAD _build/nrf52832_xxaa/main.c.o
LOAD _build/nrf52832_xxaa/system_nrf52.c.o
LOAD c:/st/gnu tools arm embedded/8 2019-q3-update/bin/../lib/gcc/arm-none-eabi/8.3.1/../../../../arm-none-eabi/lib/thumb/v7e-m+fp/hard\libc_nano.a
LOAD c:/st/gnu tools arm embedded/8 2019-q3-update/bin/../lib/gcc/arm-none-eabi/8.3.1/../../../../arm-none-eabi/lib/thumb/v7e-m+fp/hard\libnosys.a
LOAD c:/st/gnu tools arm embedded/8 2019-q3-update/bin/../lib/gcc/arm-none-eabi/8.3.1/../../../../arm-none-eabi/lib/thumb/v7e-m+fp/hard\libm.a
START GROUP
LOAD c:/st/gnu tools arm embedded/8 2019-q3-update/bin/../lib/gcc/arm-none-eabi/8.3.1/thumb/v7e-m+fp/hard\libgcc.a
LOAD c:/st/gnu tools arm embedded/8 2019-q3-update/bin/../lib/gcc/arm-none-eabi/8.3.1/../../../../arm-none-eabi/lib/thumb/v7e-m+fp/hard\libg_nano.a
LOAD c:/st/gnu tools arm embedded/8 2019-q3-update/bin/../lib/gcc/arm-none-eabi/8.3.1/../../../../arm-none-eabi/lib/thumb/v7e-m+fp/hard\libc_nano.a
END GROUP
START GROUP
LOAD c:/st/gnu tools arm embedded/8 2019-q3-update/bin/../lib/gcc/arm-none-eabi/8.3.1/thumb/v7e-m+fp/hard\libgcc.a
LOAD c:/st/gnu tools arm embedded/8 2019-q3-update/bin/../lib/gcc/arm-none-eabi/8.3.1/../../../../arm-none-eabi/lib/thumb/v7e-m+fp/hard\libc_nano.a
END GROUP
LOAD c:/st/gnu tools arm embedded/8 2019-q3-update/bin/../lib/gcc/arm-none-eabi/8.3.1/thumb/v7e-m+fp/hard/crtend.o
LOAD c:/st/gnu tools arm embedded/8 2019-q3-update/bin/../lib/gcc/arm-none-eabi/8.3.1/thumb/v7e-m+fp/hard/crtn.o
START GROUP
LOAD c:/st/gnu tools arm embedded/8 2019-q3-update/bin/../lib/gcc/arm-none-eabi/8.3.1/thumb/v7e-m+fp/hard\libgcc.a
LOAD c:/st/gnu tools arm embedded/8 2019-q3-update/bin/../lib/gcc/arm-none-eabi/8.3.1/../../../../arm-none-eabi/lib/thumb/v7e-m+fp/hard\libc.a
LOAD c:/st/gnu tools arm embedded/8 2019-q3-update/bin/../lib/gcc/arm-none-eabi/8.3.1/../../../../arm-none-eabi/lib/thumb/v7e-m+fp/hard\libnosys.a
END GROUP

.igot.plt       0x20000084        0x0 load address 0x000028dc
 .igot.plt      0x20000084        0x0 c:/st/gnu tools arm embedded/8 2019-q3-update/bin/../lib/gcc/arm-none-eabi/8.3.1/thumb/v7e-m+fp/hard/crtbegin.o
                0x20000084                . = ALIGN (0x4)

.mem_section_dummy_ram

.log_dynamic_data
                0x20000084        0x0
                [!provide]                PROVIDE (__start_log_dynamic_data = .)
 *(SORT_BY_NAME(.log_dynamic_data*))
                [!provide]                PROVIDE (__stop_log_dynamic_data = .)

.log_filter_data
                0x20000084        0x0
                [!provide]                PROVIDE (__start_log_filter_data = .)
 *(SORT_BY_NAME(.log_filter_data*))
                [!provide]                PROVIDE (__stop_log_filter_data = .)

.bss            0x20000088      0x2d0 load address 0x000028e0
                0x20000088                . = ALIGN (0x4)
                0x20000088                __bss_start__ = .
 *(.bss*)
 .bss           0x20000088       0x1c c:/st/gnu tools arm embedded/8 2019-q3-update/bin/../lib/gcc/arm-none-eabi/8.3.1/thumb/v7e-m+fp/hard/crtbegin.o
 .bss.m_event_handler
                0x200000a4        0x4 _build/nrf52832_xxaa/app_uart_fifo.c.o
 .bss.m_rx_fifo
                0x200000a8       0x10 _build/nrf52832_xxaa/app_uart_fifo.c.o
 .bss.m_rx_ovf  0x200000b8        0x1 _build/nrf52832_xxaa/app_uart_fifo.c.o
 *fill*         0x200000b9        0x3 
 .bss.m_tx_fifo
                0x200000bc       0x10 _build/nrf52832_xxaa/app_uart_fifo.c.o
 .bss.rx_buffer
                0x200000cc        0x1 _build/nrf52832_xxaa/app_uart_fifo.c.o
 *fill*         0x200000cd        0x3 
 .bss.tx_buffer
                0x200000d0        0x1 _build/nrf52832_xxaa/app_uart_fifo.c.o
 *fill*         0x200000d1        0x3 
 .bss.m_in_critical_region
                0x200000d4        0x4 _build/nrf52832_xxaa/app_util_platform.c.o
 .bss.m_contexts
                0x200000d8        0x4 _build/nrf52832_xxaa/nrf_drv_uart.c.o
 .bss.m_handlers
                0x200000dc        0x4 _build/nrf52832_xxaa/nrf_drv_uart.c.o
 .bss.m_prs_box_4
                0x200000e0        0x8 _build/nrf52832_xxaa/nrfx_prs.c.o
 .bss.m_cb      0x200000e8       0x2c _build/nrf52832_xxaa/nrfx_uart.c.o
 *fill*         0x20000114        0x4 
 .bss.m_cb      0x20000118       0x24 _build/nrf52832_xxaa/nrfx_uarte.c.o
 .bss.rx_buf.8827
                0x2000013c      0x100 _build/nrf52832_xxaa/main.c.o
 .bss.tx_buf.8828
                0x2000023c      0x100 _build/nrf52832_xxaa/main.c.o
 .bss.__malloc_free_list
                0x2000033c        0x4 c:/st/gnu tools arm embedded/8 2019-q3-update/bin/../lib/gcc/arm-none-eabi/8.3.1/../../../../arm-none-eabi/lib/thumb/v7e-m+fp/hard\libc_nano.a(lib_a-nano-mallocr.o)
                0x2000033c                __malloc_free_list
 .bss.__malloc_sbrk_start
                0x20000340        0x4 c:/st/gnu tools arm embedded/8 2019-q3-update/bin/../lib/gcc/arm-none-eabi/8.3.1/../../../../arm-none-eabi/lib/thumb/v7e-m+fp/hard\libc_nano.a(lib_a-nano-mallocr.o)
                0x20000340                __malloc_sbrk_start
 .bss.heap_end.5501
                0x20000344        0x4 c:/st/gnu tools arm embedded/8 2019-q3-update/bin/../lib/gcc/arm-none-eabi/8.3.1/../../../../arm-none-eabi/lib/thumb/v7e-m+fp/hard\libnosys.a(sbrk.o)
 *(COMMON)
 COMMON         0x20000348        0x1 _build/nrf52832_xxaa/nrf_drv_uart.c.o
                0x20000348                nrf_drv_uart_use_easy_dma
 COMMON         0x20000349        0x9 c:/st/gnu tools arm embedded/8 2019-q3-update/bin/../lib/gcc/arm-none-eabi/8.3.1/../../../../arm-none-eabi/lib/thumb/v7e-m+fp/hard\libc_nano.a(lib_a-lock.o)
                0x20000349                __lock___atexit_recursive_mutex
                0x2000034a                __lock___arc4random_mutex
                0x2000034b                __lock___env_recursive_mutex
                0x2000034c                __lock___sinit_recursive_mutex
                0x2000034d                __lock___malloc_recursive_mutex
                0x2000034e                __lock___at_quick_exit_mutex
                0x2000034f                __lock___dd_hash_mutex
                0x20000350                __lock___tz_mutex
                0x20000351                __lock___sfp_recursive_mutex
 *fill*         0x20000352        0x2 
 COMMON         0x20000354        0x4 c:/st/gnu tools arm embedded/8 2019-q3-update/bin/../lib/gcc/arm-none-eabi/8.3.1/../../../../arm-none-eabi/lib/thumb/v7e-m+fp/hard\libc_nano.a(lib_a-reent.o)
                0x20000354                errno
                0x20000358                . = ALIGN (0x4)
                0x20000358                __bss_end__ = .

.heap           0x20000358     0x2000
                0x20000358                __HeapBase = .
                0x20000358                __end__ = .
                0x20000358                PROVIDE (end = .)
 *(.heap*)
 .heap          0x20000358     0x2000 _build/nrf52832_xxaa/gcc_startup_nrf52.S.o
                0x20002358                __HeapLimit = .

.stack_dummy    0x20000358     0x2000
 *(.stack*)
 .stack         0x20000358     0x2000 _build/nrf52832_xxaa/gcc_startup_nrf52.S.o
                0x20010000                __StackTop = (ORIGIN (RAM) + LENGTH (RAM))
                0x2000e000                __StackLimit = (__StackTop - SIZEOF (.stack_dummy))
                0x20010000                PROVIDE (__stack = __StackTop)
                0x00000001                ASSERT ((__StackLimit >= __HeapLimit), region RAM overflowed with stack)
                0x00000088                DataInitFlashUsed = (__bss_start__ - __data_start__)
                0x00002858                CodeFlashUsed = (__etext - ORIGIN (FLASH))
                0x000028e0                TotalFlashUsed = (CodeFlashUsed + DataInitFlashUsed)
                0x00000001                ASSERT ((TotalFlashUsed <= LENGTH (FLASH)), region FLASH overflowed with .data and user data)
OUTPUT(_build/nrf52832_xxaa.out elf32-littlearm)

.ARM.attributes
                0x00000000       0x30
 .ARM.attributes
                0x00000000       0x1e c:/st/gnu tools arm embedded/8 2019-q3-update/bin/../lib/gcc/arm-none-eabi/8.3.1/thumb/v7e-m+fp/hard/crti.o
 .ARM.attributes
                0x0000001e       0x34 c:/st/gnu tools arm embedded/8 2019-q3-update/bin/../lib/gcc/arm-none-eabi/8.3.1/thumb/v7e-m+fp/hard/crtbegin.o
 .ARM.attributes
                0x00000052       0x1c c:/st/gnu tools arm embedded/8 2019-q3-update/bin/../lib/gcc/arm-none-eabi/8.3.1/../../../../arm-none-eabi/lib/thumb/v7e-m+fp/hard/crt0.o
 .ARM.attributes
                0x0000006e       0x20 _build/nrf52832_xxaa/gcc_startup_nrf52.S.o
 .ARM.attributes
                0x0000008e       0x34 _build/nrf52832_xxaa/boards.c.o
 .ARM.attributes
                0x000000c2       0x34 _build/nrf52832_xxaa/app_error.c.o
 .ARM.attributes
                0x000000f6       0x34 _build/nrf52832_xxaa/app_error_weak.c.o
 .ARM.attributes
                0x0000012a       0x34 _build/nrf52832_xxaa/app_fifo.c.o
 .ARM.attributes
                0x0000015e       0x34 _build/nrf52832_xxaa/app_uart_fifo.c.o
 .ARM.attributes
                0x00000192       0x34 _build/nrf52832_xxaa/app_util_platform.c.o
 .ARM.attributes
                0x000001c6       0x34 _build/nrf52832_xxaa/retarget.c.o
 .ARM.attributes
                0x000001fa       0x34 _build/nrf52832_xxaa/nrf_drv_uart.c.o
 .ARM.attributes
                0x0000022e       0x34 _build/nrf52832_xxaa/nrfx_prs.c.o
 .ARM.attributes
                0x00000262       0x34 _build/nrf52832_xxaa/nrfx_uart.c.o
 .ARM.attributes
                0x00000296       0x34 _build/nrf52832_xxaa/nrfx_uarte.c.o
 .ARM.attributes
                0x000002ca       0x34 _build/nrf52832_xxaa/main.c.o
 .ARM.attributes
                0x000002fe       0x34 _build/nrf52832_xxaa/system_nrf52.c.o
 .ARM.attributes
                0x00000332       0x34 c:/st/gnu tools arm embedded/8 2019-q3-update/bin/../lib/gcc/arm-none-eabi/8.3.1/../../../../arm-none-eabi/lib/thumb/v7e-m+fp/hard\libc_nano.a(lib_a-exit.o)
 .ARM.attributes
                0x00000366       0x32 c:/st/gnu tools arm embedded/8 2019-q3-update/bin/../lib/gcc/arm-none-eabi/8.3.1/../../../../arm-none-eabi/lib/thumb/v7e-m+fp/hard\libc_nano.a(lib_a-impure.o)
 .ARM.attributes
                0x00000398       0x34 c:/st/gnu tools arm embedded/8 2019-q3-update/bin/../lib/gcc/arm-none-eabi/8.3.1/../../../../arm-none-eabi/lib/thumb/v7e-m+fp/hard\libc_nano.a(lib_a-init.o)
 .ARM.attributes
                0x000003cc       0x34 c:/st/gnu tools arm embedded/8 2019-q3-update/bin/../lib/gcc/arm-none-eabi/8.3.1/../../../../arm-none-eabi/lib/thumb/v7e-m+fp/hard\libc_nano.a(lib_a-memset.o)
 .ARM.attributes
                0x00000400       0x34 c:/st/gnu tools arm embedded/8 2019-q3-update/bin/../lib/gcc/arm-none-eabi/8.3.1/../../../../arm-none-eabi/lib/thumb/v7e-m+fp/hard\libc_nano.a(lib_a-printf.o)
 .ARM.attributes
                0x00000434       0x34 c:/st/gnu tools arm embedded/8 2019-q3-update/bin/../lib/gcc/arm-none-eabi/8.3.1/../../../../arm-none-eabi/lib/thumb/v7e-m+fp/hard\libc_nano.a(lib_a-findfp.o)
 .ARM.attributes
                0x00000468       0x34 c:/st/gnu tools arm embedded/8 2019-q3-update/bin/../lib/gcc/arm-none-eabi/8.3.1/../../../../arm-none-eabi/lib/thumb/v7e-m+fp/hard\libc_nano.a(lib_a-fwalk.o)
 .ARM.attributes
                0x0000049c       0x34 c:/st/gnu tools arm embedded/8 2019-q3-update/bin/../lib/gcc/arm-none-eabi/8.3.1/../../../../arm-none-eabi/lib/thumb/v7e-m+fp/hard\libc_nano.a(lib_a-lock.o)
 .ARM.attributes
                0x000004d0       0x34 c:/st/gnu tools arm embedded/8 2019-q3-update/bin/../lib/gcc/arm-none-eabi/8.3.1/../../../../arm-none-eabi/lib/thumb/v7e-m+fp/hard\libc_nano.a(lib_a-nano-mallocr.o)
 .ARM.attributes
                0x00000504       0x34 c:/st/gnu tools arm embedded/8 2019-q3-update/bin/../lib/gcc/arm-none-eabi/8.3.1/../../../../arm-none-eabi/lib/thumb/v7e-m+fp/hard\libc_nano.a(lib_a-nano-vfprintf.o)
 .ARM.attributes
                0x00000538       0x34 c:/st/gnu tools arm embedded/8 2019-q3-update/bin/../lib/gcc/arm-none-eabi/8.3.1/../../../../arm-none-eabi/lib/thumb/v7e-m+fp/hard\libc_nano.a(lib_a-nano-vfprintf_i.o)
 .ARM.attributes
                0x0000056c       0x34 c:/st/gnu tools arm embedded/8 2019-q3-update/bin/../lib/gcc/arm-none-eabi/8.3.1/../../../../arm-none-eabi/lib/thumb/v7e-m+fp/hard\libc_nano.a(lib_a-sbrkr.o)
 .ARM.attributes
                0x000005a0       0x34 c:/st/gnu tools arm embedded/8 2019-q3-update/bin/../lib/gcc/arm-none-eabi/8.3.1/../../../../arm-none-eabi/lib/thumb/v7e-m+fp/hard\libc_nano.a(lib_a-stdio.o)
 .ARM.attributes
                0x000005d4       0x34 c:/st/gnu tools arm embedded/8 2019-q3-update/bin/../lib/gcc/arm-none-eabi/8.3.1/../../../../arm-none-eabi/lib/thumb/v7e-m+fp/hard\libc_nano.a(lib_a-wbuf.o)
 .ARM.attributes
                0x00000608       0x34 c:/st/gnu tools arm embedded/8 2019-q3-update/bin/../lib/gcc/arm-none-eabi/8.3.1/../../../../arm-none-eabi/lib/thumb/v7e-m+fp/hard\libc_nano.a(lib_a-writer.o)
 .ARM.attributes
                0x0000063c       0x34 c:/st/gnu tools arm embedded/8 2019-q3-update/bin/../lib/gcc/arm-none-eabi/8.3.1/../../../../arm-none-eabi/lib/thumb/v7e-m+fp/hard\libc_nano.a(lib_a-wsetup.o)
 .ARM.attributes
                0x00000670       0x34 c:/st/gnu tools arm embedded/8 2019-q3-update/bin/../lib/gcc/arm-none-eabi/8.3.1/../../../../arm-none-eabi/lib/thumb/v7e-m+fp/hard\libc_nano.a(lib_a-closer.o)
 .ARM.attributes
                0x000006a4       0x34 c:/st/gnu tools arm embedded/8 2019-q3-update/bin/../lib/gcc/arm-none-eabi/8.3.1/../../../../arm-none-eabi/lib/thumb/v7e-m+fp/hard\libc_nano.a(lib_a-fflush.o)
 .ARM.attributes
                0x000006d8       0x34 c:/st/gnu tools arm embedded/8 2019-q3-update/bin/../lib/gcc/arm-none-eabi/8.3.1/../../../../arm-none-eabi/lib/thumb/v7e-m+fp/hard\libc_nano.a(lib_a-lseekr.o)
 .ARM.attributes
                0x0000070c       0x34 c:/st/gnu tools arm embedded/8 2019-q3-update/bin/../lib/gcc/arm-none-eabi/8.3.1/../../../../arm-none-eabi/lib/thumb/v7e-m+fp/hard\libc_nano.a(lib_a-makebuf.o)
 .ARM.attributes
                0x00000740       0x1c c:/st/gnu tools arm embedded/8 2019-q3-update/bin/../lib/gcc/arm-none-eabi/8.3.1/../../../../arm-none-eabi/lib/thumb/v7e-m+fp/hard\libc_nano.a(lib_a-memchr.o)
 .ARM.attributes
                0x0000075c       0x34 c:/st/gnu tools arm embedded/8 2019-q3-update/bin/../lib/gcc/arm-none-eabi/8.3.1/../../../../arm-none-eabi/lib/thumb/v7e-m+fp/hard\libc_nano.a(lib_a-mlock.o)
 .ARM.attributes
                0x00000790       0x34 c:/st/gnu tools arm embedded/8 2019-q3-update/bin/../lib/gcc/arm-none-eabi/8.3.1/../../../../arm-none-eabi/lib/thumb/v7e-m+fp/hard\libc_nano.a(lib_a-nano-freer.o)
 .ARM.attributes
                0x000007c4       0x34 c:/st/gnu tools arm embedded/8 2019-q3-update/bin/../lib/gcc/arm-none-eabi/8.3.1/../../../../arm-none-eabi/lib/thumb/v7e-m+fp/hard\libc_nano.a(lib_a-readr.o)
 .ARM.attributes
                0x000007f8       0x34 c:/st/gnu tools arm embedded/8 2019-q3-update/bin/../lib/gcc/arm-none-eabi/8.3.1/../../../../arm-none-eabi/lib/thumb/v7e-m+fp/hard\libc_nano.a(lib_a-reent.o)
 .ARM.attributes
                0x0000082c       0x34 c:/st/gnu tools arm embedded/8 2019-q3-update/bin/../lib/gcc/arm-none-eabi/8.3.1/../../../../arm-none-eabi/lib/thumb/v7e-m+fp/hard\libc_nano.a(lib_a-fstatr.o)
 .ARM.attributes
                0x00000860       0x34 c:/st/gnu tools arm embedded/8 2019-q3-update/bin/../lib/gcc/arm-none-eabi/8.3.1/../../../../arm-none-eabi/lib/thumb/v7e-m+fp/hard\libc_nano.a(lib_a-isattyr.o)
 .ARM.attributes
                0x00000894       0x34 c:/st/gnu tools arm embedded/8 2019-q3-update/bin/../lib/gcc/arm-none-eabi/8.3.1/../../../../arm-none-eabi/lib/thumb/v7e-m+fp/hard\libnosys.a(close.o)
 .ARM.attributes
                0x000008c8       0x34 c:/st/gnu tools arm embedded/8 2019-q3-update/bin/../lib/gcc/arm-none-eabi/8.3.1/../../../../arm-none-eabi/lib/thumb/v7e-m+fp/hard\libnosys.a(fstat.o)
 .ARM.attributes
                0x000008fc       0x34 c:/st/gnu tools arm embedded/8 2019-q3-update/bin/../lib/gcc/arm-none-eabi/8.3.1/../../../../arm-none-eabi/lib/thumb/v7e-m+fp/hard\libnosys.a(isatty.o)
 .ARM.attributes
                0x00000930       0x34 c:/st/gnu tools arm embedded/8 2019-q3-update/bin/../lib/gcc/arm-none-eabi/8.3.1/../../../../arm-none-eabi/lib/thumb/v7e-m+fp/hard\libnosys.a(lseek.o)
 .ARM.attributes
                0x00000964       0x34 c:/st/gnu tools arm embedded/8 2019-q3-update/bin/../lib/gcc/arm-none-eabi/8.3.1/../../../../arm-none-eabi/lib/thumb/v7e-m+fp/hard\libnosys.a(sbrk.o)
 .ARM.attributes
                0x00000998       0x34 c:/st/gnu tools arm embedded/8 2019-q3-update/bin/../lib/gcc/arm-none-eabi/8.3.1/../../../../arm-none-eabi/lib/thumb/v7e-m+fp/hard\libnosys.a(_exit.o)
 .ARM.attributes
                0x000009cc       0x32 c:/st/gnu tools arm embedded/8 2019-q3-update/bin/../lib/gcc/arm-none-eabi/8.3.1/thumb/v7e-m+fp/hard/crtend.o
 .ARM.attributes
                0x000009fe       0x1e c:/st/gnu tools arm embedded/8 2019-q3-update/bin/../lib/gcc/arm-none-eabi/8.3.1/thumb/v7e-m+fp/hard/crtn.o

.comment        0x00000000       0x76
 .comment       0x00000000       0x76 _build/nrf52832_xxaa/boards.c.o
                                 0x77 (size before relaxing)
 .comment       0x00000076       0x77 _build/nrf52832_xxaa/app_error.c.o
 .comment       0x00000076       0x77 _build/nrf52832_xxaa/app_error_weak.c.o
 .comment       0x00000076       0x77 _build/nrf52832_xxaa/app_fifo.c.o
 .comment       0x00000076       0x77 _build/nrf52832_xxaa/app_uart_fifo.c.o
 .comment       0x00000076       0x77 _build/nrf52832_xxaa/app_util_platform.c.o
 .comment       0x00000076       0x77 _build/nrf52832_xxaa/retarget.c.o
 .comment       0x00000076       0x77 _build/nrf52832_xxaa/nrf_drv_uart.c.o
 .comment       0x00000076       0x77 _build/nrf52832_xxaa/nrfx_prs.c.o
 .comment       0x00000076       0x77 _build/nrf52832_xxaa/nrfx_uart.c.o
 .comment       0x00000076       0x77 _build/nrf52832_xxaa/nrfx_uarte.c.o
 .comment       0x00000076       0x77 _build/nrf52832_xxaa/main.c.o
 .comment       0x00000076       0x77 _build/nrf52832_xxaa/system_nrf52.c.o

.debug_line     0x00000000     0xa289
 .debug_line    0x00000000       0x92 _build/nrf52832_xxaa/gcc_startup_nrf52.S.o
 .debug_line    0x00000092     0x102d _build/nrf52832_xxaa/boards.c.o
 .debug_line    0x000010bf      0x5ba _build/nrf52832_xxaa/app_error.c.o
 .debug_line    0x00001679      0x7c5 _build/nrf52832_xxaa/app_error_weak.c.o
 .debug_line    0x00001e3e      0x8db _build/nrf52832_xxaa/app_fifo.c.o
 .debug_line    0x00002719      0xd4f _build/nrf52832_xxaa/app_uart_fifo.c.o
 .debug_line    0x00003468      0x68c _build/nrf52832_xxaa/app_util_platform.c.o
 .debug_line    0x00003af4      0x5e9 _build/nrf52832_xxaa/retarget.c.o
 .debug_line    0x000040dd      0x89c _build/nrf52832_xxaa/nrf_drv_uart.c.o
 .debug_line    0x00004979      0x95a _build/nrf52832_xxaa/nrfx_prs.c.o
 .debug_line    0x000052d3     0x1e30 _build/nrf52832_xxaa/nrfx_uart.c.o
 .debug_line    0x00007103     0x1df5 _build/nrf52832_xxaa/nrfx_uarte.c.o
 .debug_line    0x00008ef8      0xa58 _build/nrf52832_xxaa/main.c.o
 .debug_line    0x00009950      0x939 _build/nrf52832_xxaa/system_nrf52.c.o

.debug_info     0x00000000    0x156e7
 .debug_info    0x00000000       0x26 _build/nrf52832_xxaa/gcc_startup_nrf52.S.o
 .debug_info    0x00000026     0x16cd _build/nrf52832_xxaa/boards.c.o
 .debug_info    0x000016f3      0xb94 _build/nrf52832_xxaa/app_error.c.o
 .debug_info    0x00002287      0xf2e _build/nrf52832_xxaa/app_error_weak.c.o
 .debug_info    0x000031b5      0xfd7 _build/nrf52832_xxaa/app_fifo.c.o
 .debug_info    0x0000418c     0x217a _build/nrf52832_xxaa/app_uart_fifo.c.o
 .debug_info    0x00006306     0x10df _build/nrf52832_xxaa/app_util_platform.c.o
 .debug_info    0x000073e5      0xaa0 _build/nrf52832_xxaa/retarget.c.o
 .debug_info    0x00007e85     0x1a9c _build/nrf52832_xxaa/nrf_drv_uart.c.o
 .debug_info    0x00009921     0x1198 _build/nrf52832_xxaa/nrfx_prs.c.o
 .debug_info    0x0000aab9     0x418e _build/nrf52832_xxaa/nrfx_uart.c.o
 .debug_info    0x0000ec47     0x40df _build/nrf52832_xxaa/nrfx_uarte.c.o
 .debug_info    0x00012d26     0x148f _build/nrf52832_xxaa/main.c.o
 .debug_info    0x000141b5     0x1532 _build/nrf52832_xxaa/system_nrf52.c.o

.debug_abbrev   0x00000000     0x2e2c
 .debug_abbrev  0x00000000       0x14 _build/nrf52832_xxaa/gcc_startup_nrf52.S.o
 .debug_abbrev  0x00000014      0x403 _build/nrf52832_xxaa/boards.c.o
 .debug_abbrev  0x00000417      0x276 _build/nrf52832_xxaa/app_error.c.o
 .debug_abbrev  0x0000068d      0x2c6 _build/nrf52832_xxaa/app_error_weak.c.o
 .debug_abbrev  0x00000953      0x2da _build/nrf52832_xxaa/app_fifo.c.o
 .debug_abbrev  0x00000c2d      0x41f _build/nrf52832_xxaa/app_uart_fifo.c.o
 .debug_abbrev  0x0000104c      0x383 _build/nrf52832_xxaa/app_util_platform.c.o
 .debug_abbrev  0x000013cf      0x24e _build/nrf52832_xxaa/retarget.c.o
 .debug_abbrev  0x0000161d      0x2da _build/nrf52832_xxaa/nrf_drv_uart.c.o
 .debug_abbrev  0x000018f7      0x360 _build/nrf52832_xxaa/nrfx_prs.c.o
 .debug_abbrev  0x00001c57      0x5a8 _build/nrf52832_xxaa/nrfx_uart.c.o
 .debug_abbrev  0x000021ff      0x579 _build/nrf52832_xxaa/nrfx_uarte.c.o
 .debug_abbrev  0x00002778      0x42c _build/nrf52832_xxaa/main.c.o
 .debug_abbrev  0x00002ba4      0x288 _build/nrf52832_xxaa/system_nrf52.c.o

.debug_aranges  0x00000000      0x378
 .debug_aranges
                0x00000000       0x20 _build/nrf52832_xxaa/gcc_startup_nrf52.S.o
 .debug_aranges
                0x00000020       0x78 _build/nrf52832_xxaa/boards.c.o
 .debug_aranges
                0x00000098       0x28 _build/nrf52832_xxaa/app_error.c.o
 .debug_aranges
                0x000000c0       0x20 _build/nrf52832_xxaa/app_error_weak.c.o
 .debug_aranges
                0x000000e0       0x50 _build/nrf52832_xxaa/app_fifo.c.o
 .debug_aranges
                0x00000130       0x48 _build/nrf52832_xxaa/app_uart_fifo.c.o
 .debug_aranges
                0x00000178       0x48 _build/nrf52832_xxaa/app_util_platform.c.o
 .debug_aranges
                0x000001c0       0x28 _build/nrf52832_xxaa/retarget.c.o
 .debug_aranges
                0x000001e8       0x30 _build/nrf52832_xxaa/nrf_drv_uart.c.o
 .debug_aranges
                0x00000218       0x30 _build/nrf52832_xxaa/nrfx_prs.c.o
 .debug_aranges
                0x00000248       0x78 _build/nrf52832_xxaa/nrfx_uart.c.o
 .debug_aranges
                0x000002c0       0x68 _build/nrf52832_xxaa/nrfx_uarte.c.o
 .debug_aranges
                0x00000328       0x28 _build/nrf52832_xxaa/main.c.o
 .debug_aranges
                0x00000350       0x28 _build/nrf52832_xxaa/system_nrf52.c.o

.debug_str      0x00000000    0x76d7b
 .debug_str     0x00000000       0x9e _build/nrf52832_xxaa/gcc_startup_nrf52.S.o
 .debug_str     0x0000009e    0x6f6eb _build/nrf52832_xxaa/boards.c.o
                              0x705a1 (size before relaxing)
 .debug_str     0x0006f789      0x122 _build/nrf52832_xxaa/app_error.c.o
                              0x627e4 (size before relaxing)
 .debug_str     0x0006f8ab     0x32ad _build/nrf52832_xxaa/app_error_weak.c.o
                              0x6f859 (size before relaxing)
 .debug_str     0x00072b58      0x230 _build/nrf52832_xxaa/app_fifo.c.o
                              0x6be9f (size before relaxing)
 .debug_str     0x00072d88     0x1694 _build/nrf52832_xxaa/app_uart_fifo.c.o
                              0x70d8b (size before relaxing)
 .debug_str     0x0007441c      0x345 _build/nrf52832_xxaa/app_util_platform.c.o
                              0x62ffc (size before relaxing)
 .debug_str     0x00074761       0x4a _build/nrf52832_xxaa/retarget.c.o
                              0x6ccf0 (size before relaxing)
 .debug_str     0x000747ab      0x48d _build/nrf52832_xxaa/nrf_drv_uart.c.o
                              0x70467 (size before relaxing)
 .debug_str     0x00074c38      0x65e _build/nrf52832_xxaa/nrfx_prs.c.o
                              0x72537 (size before relaxing)
 .debug_str     0x00075296      0x769 _build/nrf52832_xxaa/nrfx_uart.c.o
                              0x736ee (size before relaxing)
 .debug_str     0x000759ff      0x957 _build/nrf52832_xxaa/nrfx_uarte.c.o
                              0x73b76 (size before relaxing)
 .debug_str     0x00076356      0x531 _build/nrf52832_xxaa/main.c.o
                              0x70f89 (size before relaxing)
 .debug_str     0x00076887      0x4f4 _build/nrf52832_xxaa/system_nrf52.c.o
                              0x5e3ac (size before relaxing)

.debug_loc      0x00000000     0x6b02
 .debug_loc     0x00000000      0xd31 _build/nrf52832_xxaa/boards.c.o
 .debug_loc     0x00000d31       0xc9 _build/nrf52832_xxaa/app_error.c.o
 .debug_loc     0x00000dfa       0x4a _build/nrf52832_xxaa/app_error_weak.c.o
 .debug_loc     0x00000e44      0x783 _build/nrf52832_xxaa/app_fifo.c.o
 .debug_loc     0x000015c7      0x934 _build/nrf52832_xxaa/app_uart_fifo.c.o
 .debug_loc     0x00001efb      0x11a _build/nrf52832_xxaa/app_util_platform.c.o
 .debug_loc     0x00002015      0x107 _build/nrf52832_xxaa/retarget.c.o
 .debug_loc     0x0000211c      0x1e6 _build/nrf52832_xxaa/nrf_drv_uart.c.o
 .debug_loc     0x00002302      0x11e _build/nrf52832_xxaa/nrfx_prs.c.o
 .debug_loc     0x00002420     0x2026 _build/nrf52832_xxaa/nrfx_uart.c.o
 .debug_loc     0x00004446     0x1f46 _build/nrf52832_xxaa/nrfx_uarte.c.o
 .debug_loc     0x0000638c      0x2d2 _build/nrf52832_xxaa/main.c.o
 .debug_loc     0x0000665e      0x4a4 _build/nrf52832_xxaa/system_nrf52.c.o

.debug_ranges   0x00000000     0x1f68
 .debug_ranges  0x00000000      0x988 _build/nrf52832_xxaa/boards.c.o
 .debug_ranges  0x00000988       0x18 _build/nrf52832_xxaa/app_error.c.o
 .debug_ranges  0x000009a0       0x10 _build/nrf52832_xxaa/app_error_weak.c.o
 .debug_ranges  0x000009b0      0x160 _build/nrf52832_xxaa/app_fifo.c.o
 .debug_ranges  0x00000b10      0x158 _build/nrf52832_xxaa/app_uart_fifo.c.o
 .debug_ranges  0x00000c68       0x38 _build/nrf52832_xxaa/app_util_platform.c.o
 .debug_ranges  0x00000ca0       0x18 _build/nrf52832_xxaa/retarget.c.o
 .debug_ranges  0x00000cb8       0x20 _build/nrf52832_xxaa/nrf_drv_uart.c.o
 .debug_ranges  0x00000cd8       0x50 _build/nrf52832_xxaa/nrfx_prs.c.o
 .debug_ranges  0x00000d28      0x7f0 _build/nrf52832_xxaa/nrfx_uart.c.o
 .debug_ranges  0x00001518      0x7f0 _build/nrf52832_xxaa/nrfx_uarte.c.o
 .debug_ranges  0x00001d08      0x168 _build/nrf52832_xxaa/main.c.o
 .debug_ranges  0x00001e70       0xf8 _build/nrf52832_xxaa/system_nrf52.c.o

.debug_macro    0x00000000     0x461c
 .debug_macro   0x00000000      0x33e _build/nrf52832_xxaa/boards.c.o
 .debug_macro   0x0000033e      0x101 _build/nrf52832_xxaa/boards.c.o
 .debug_macro   0x0000043f       0x40 _build/nrf52832_xxaa/boards.c.o
 .debug_macro   0x0000047f      0x3dc _build/nrf52832_xxaa/boards.c.o
 .debug_macro   0x0000085b       0x59 _build/nrf52832_xxaa/boards.c.o
 .debug_macro   0x000008b4      0x137 _build/nrf52832_xxaa/boards.c.o
 .debug_macro   0x000009eb      0x12b _build/nrf52832_xxaa/boards.c.o
 .debug_macro   0x00000b16       0x3f _build/nrf52832_xxaa/boards.c.o
 .debug_macro   0x00000b55       0x16 _build/nrf52832_xxaa/boards.c.o
 .debug_macro   0x00000b6b      0x356 _build/nrf52832_xxaa/boards.c.o
 .debug_macro   0x00000ec1       0x10 _build/nrf52832_xxaa/boards.c.o
 .debug_macro   0x00000ed1       0xbe _build/nrf52832_xxaa/boards.c.o
 .debug_macro   0x00000f8f       0x16 _build/nrf52832_xxaa/boards.c.o
 .debug_macro   0x00000fa5      0x129 _build/nrf52832_xxaa/boards.c.o
 .debug_macro   0x000010ce       0x49 _build/nrf52832_xxaa/boards.c.o
 .debug_macro   0x00001117       0x8c _build/nrf52832_xxaa/boards.c.o
 .debug_macro   0x000011a3       0x19 _build/nrf52832_xxaa/boards.c.o
 .debug_macro   0x000011bc       0x1d _build/nrf52832_xxaa/boards.c.o
 .debug_macro   0x000011d9       0x35 _build/nrf52832_xxaa/boards.c.o
 .debug_macro   0x0000120e       0x7b _build/nrf52832_xxaa/boards.c.o
 .debug_macro   0x00001289       0x64 _build/nrf52832_xxaa/boards.c.o
 .debug_macro   0x000012ed       0x20 _build/nrf52832_xxaa/boards.c.o
 .debug_macro   0x0000130d       0x1c _build/nrf52832_xxaa/boards.c.o
 .debug_macro   0x00001329      0x25a _build/nrf52832_xxaa/boards.c.o
 .debug_macro   0x00001583      0x16d _build/nrf52832_xxaa/boards.c.o
 .debug_macro   0x000016f0      0x21d _build/nrf52832_xxaa/app_error.c.o
 .debug_macro   0x0000190d       0x97 _build/nrf52832_xxaa/app_error.c.o
 .debug_macro   0x000019a4       0xf6 _build/nrf52832_xxaa/app_error.c.o
 .debug_macro   0x00001a9a      0x312 _build/nrf52832_xxaa/app_error_weak.c.o
 .debug_macro   0x00001dac       0xfb _build/nrf52832_xxaa/app_error_weak.c.o
 .debug_macro   0x00001ea7       0x16 _build/nrf52832_xxaa/app_error_weak.c.o
 .debug_macro   0x00001ebd       0x31 _build/nrf52832_xxaa/app_error_weak.c.o
 .debug_macro   0x00001eee       0x16 _build/nrf52832_xxaa/app_error_weak.c.o
 .debug_macro   0x00001f04       0x55 _build/nrf52832_xxaa/app_error_weak.c.o
 .debug_macro   0x00001f59      0x17f _build/nrf52832_xxaa/app_error_weak.c.o
 .debug_macro   0x000020d8       0x9a _build/nrf52832_xxaa/app_error_weak.c.o
 .debug_macro   0x00002172       0x28 _build/nrf52832_xxaa/app_error_weak.c.o
 .debug_macro   0x0000219a       0x23 _build/nrf52832_xxaa/app_error_weak.c.o
 .debug_macro   0x000021bd       0x1c _build/nrf52832_xxaa/app_error_weak.c.o
 .debug_macro   0x000021d9       0x92 _build/nrf52832_xxaa/app_error_weak.c.o
 .debug_macro   0x0000226b      0x24c _build/nrf52832_xxaa/app_fifo.c.o
 .debug_macro   0x000024b7       0x16 _build/nrf52832_xxaa/app_fifo.c.o
 .debug_macro   0x000024cd       0x22 _build/nrf52832_xxaa/app_fifo.c.o
 .debug_macro   0x000024ef      0x3e7 _build/nrf52832_xxaa/app_uart_fifo.c.o
 .debug_macro   0x000028d6       0x18 _build/nrf52832_xxaa/app_uart_fifo.c.o
 .debug_macro   0x000028ee       0x10 _build/nrf52832_xxaa/app_uart_fifo.c.o
 .debug_macro   0x000028fe       0x10 _build/nrf52832_xxaa/app_uart_fifo.c.o
 .debug_macro   0x0000290e       0x10 _build/nrf52832_xxaa/app_uart_fifo.c.o
 .debug_macro   0x0000291e       0x10 _build/nrf52832_xxaa/app_uart_fifo.c.o
 .debug_macro   0x0000292e       0x10 _build/nrf52832_xxaa/app_uart_fifo.c.o
 .debug_macro   0x0000293e       0x3f _build/nrf52832_xxaa/app_uart_fifo.c.o
 .debug_macro   0x0000297d      0x239 _build/nrf52832_xxaa/app_util_platform.c.o
 .debug_macro   0x00002bb6       0xe9 _build/nrf52832_xxaa/app_util_platform.c.o
 .debug_macro   0x00002c9f      0x2a1 _build/nrf52832_xxaa/retarget.c.o
 .debug_macro   0x00002f40      0x367 _build/nrf52832_xxaa/nrf_drv_uart.c.o
 .debug_macro   0x000032a7      0x3ca _build/nrf52832_xxaa/nrfx_prs.c.o
 .debug_macro   0x00003671       0x28 _build/nrf52832_xxaa/nrfx_prs.c.o
 .debug_macro   0x00003699       0x1c _build/nrf52832_xxaa/nrfx_prs.c.o
 .debug_macro   0x000036b5       0x37 _build/nrf52832_xxaa/nrfx_prs.c.o
 .debug_macro   0x000036ec       0x10 _build/nrf52832_xxaa/nrfx_prs.c.o
 .debug_macro   0x000036fc      0x179 _build/nrf52832_xxaa/nrfx_prs.c.o
 .debug_macro   0x00003875       0x42 _build/nrf52832_xxaa/nrfx_prs.c.o
 .debug_macro   0x000038b7      0x3e5 _build/nrf52832_xxaa/nrfx_uart.c.o
 .debug_macro   0x00003c9c       0x22 _build/nrf52832_xxaa/nrfx_uart.c.o
 .debug_macro   0x00003cbe      0x403 _build/nrf52832_xxaa/nrfx_uarte.c.o
 .debug_macro   0x000040c1      0x3d7 _build/nrf52832_xxaa/main.c.o
 .debug_macro   0x00004498       0x52 _build/nrf52832_xxaa/main.c.o
 .debug_macro   0x000044ea      0x132 _build/nrf52832_xxaa/system_nrf52.c.o

.debug_frame    0x00000000     0x1158
 .debug_frame   0x00000000       0xf4 _build/nrf52832_xxaa/boards.c.o
 .debug_frame   0x000000f4       0x54 _build/nrf52832_xxaa/app_error.c.o
 .debug_frame   0x00000148       0x20 _build/nrf52832_xxaa/app_error_weak.c.o
 .debug_frame   0x00000168      0x110 _build/nrf52832_xxaa/app_fifo.c.o
 .debug_frame   0x00000278       0xe8 _build/nrf52832_xxaa/app_uart_fifo.c.o
 .debug_frame   0x00000360       0x70 _build/nrf52832_xxaa/app_util_platform.c.o
 .debug_frame   0x000003d0       0x44 _build/nrf52832_xxaa/retarget.c.o
 .debug_frame   0x00000414       0x7c _build/nrf52832_xxaa/nrf_drv_uart.c.o
 .debug_frame   0x00000490       0x4c _build/nrf52832_xxaa/nrfx_prs.c.o
 .debug_frame   0x000004dc      0x18c _build/nrf52832_xxaa/nrfx_uart.c.o
 .debug_frame   0x00000668      0x19c _build/nrf52832_xxaa/nrfx_uarte.c.o
 .debug_frame   0x00000804       0x40 _build/nrf52832_xxaa/main.c.o
 .debug_frame   0x00000844       0x40 _build/nrf52832_xxaa/system_nrf52.c.o
 .debug_frame   0x00000884       0x28 c:/st/gnu tools arm embedded/8 2019-q3-update/bin/../lib/gcc/arm-none-eabi/8.3.1/../../../../arm-none-eabi/lib/thumb/v7e-m+fp/hard\libc_nano.a(lib_a-exit.o)
 .debug_frame   0x000008ac       0x2c c:/st/gnu tools arm embedded/8 2019-q3-update/bin/../lib/gcc/arm-none-eabi/8.3.1/../../../../arm-none-eabi/lib/thumb/v7e-m+fp/hard\libc_nano.a(lib_a-init.o)
 .debug_frame   0x000008d8       0x20 c:/st/gnu tools arm embedded/8 2019-q3-update/bin/../lib/gcc/arm-none-eabi/8.3.1/../../../../arm-none-eabi/lib/thumb/v7e-m+fp/hard\libc_nano.a(lib_a-memset.o)
 .debug_frame   0x000008f8       0x74 c:/st/gnu tools arm embedded/8 2019-q3-update/bin/../lib/gcc/arm-none-eabi/8.3.1/../../../../arm-none-eabi/lib/thumb/v7e-m+fp/hard\libc_nano.a(lib_a-printf.o)
 .debug_frame   0x0000096c      0x14c c:/st/gnu tools arm embedded/8 2019-q3-update/bin/../lib/gcc/arm-none-eabi/8.3.1/../../../../arm-none-eabi/lib/thumb/v7e-m+fp/hard\libc_nano.a(lib_a-findfp.o)
 .debug_frame   0x00000ab8       0x54 c:/st/gnu tools arm embedded/8 2019-q3-update/bin/../lib/gcc/arm-none-eabi/8.3.1/../../../../arm-none-eabi/lib/thumb/v7e-m+fp/hard\libc_nano.a(lib_a-fwalk.o)
 .debug_frame   0x00000b0c       0xb0 c:/st/gnu tools arm embedded/8 2019-q3-update/bin/../lib/gcc/arm-none-eabi/8.3.1/../../../../arm-none-eabi/lib/thumb/v7e-m+fp/hard\libc_nano.a(lib_a-lock.o)
 .debug_frame   0x00000bbc       0x30 c:/st/gnu tools arm embedded/8 2019-q3-update/bin/../lib/gcc/arm-none-eabi/8.3.1/../../../../arm-none-eabi/lib/thumb/v7e-m+fp/hard\libc_nano.a(lib_a-nano-mallocr.o)
 .debug_frame   0x00000bec       0xac c:/st/gnu tools arm embedded/8 2019-q3-update/bin/../lib/gcc/arm-none-eabi/8.3.1/../../../../arm-none-eabi/lib/thumb/v7e-m+fp/hard\libc_nano.a(lib_a-nano-vfprintf.o)
 .debug_frame   0x00000c98       0x60 c:/st/gnu tools arm embedded/8 2019-q3-update/bin/../lib/gcc/arm-none-eabi/8.3.1/../../../../arm-none-eabi/lib/thumb/v7e-m+fp/hard\libc_nano.a(lib_a-nano-vfprintf_i.o)
 .debug_frame   0x00000cf8       0x2c c:/st/gnu tools arm embedded/8 2019-q3-update/bin/../lib/gcc/arm-none-eabi/8.3.1/../../../../arm-none-eabi/lib/thumb/v7e-m+fp/hard\libc_nano.a(lib_a-sbrkr.o)
 .debug_frame   0x00000d24       0x88 c:/st/gnu tools arm embedded/8 2019-q3-update/bin/../lib/gcc/arm-none-eabi/8.3.1/../../../../arm-none-eabi/lib/thumb/v7e-m+fp/hard\libc_nano.a(lib_a-stdio.o)
 .debug_frame   0x00000dac       0x40 c:/st/gnu tools arm embedded/8 2019-q3-update/bin/../lib/gcc/arm-none-eabi/8.3.1/../../../../arm-none-eabi/lib/thumb/v7e-m+fp/hard\libc_nano.a(lib_a-wbuf.o)
 .debug_frame   0x00000dec       0x2c c:/st/gnu tools arm embedded/8 2019-q3-update/bin/../lib/gcc/arm-none-eabi/8.3.1/../../../../arm-none-eabi/lib/thumb/v7e-m+fp/hard\libc_nano.a(lib_a-writer.o)
 .debug_frame   0x00000e18       0x2c c:/st/gnu tools arm embedded/8 2019-q3-update/bin/../lib/gcc/arm-none-eabi/8.3.1/../../../../arm-none-eabi/lib/thumb/v7e-m+fp/hard\libc_nano.a(lib_a-wsetup.o)
 .debug_frame   0x00000e44       0x2c c:/st/gnu tools arm embedded/8 2019-q3-update/bin/../lib/gcc/arm-none-eabi/8.3.1/../../../../arm-none-eabi/lib/thumb/v7e-m+fp/hard\libc_nano.a(lib_a-closer.o)
 .debug_frame   0x00000e70       0x5c c:/st/gnu tools arm embedded/8 2019-q3-update/bin/../lib/gcc/arm-none-eabi/8.3.1/../../../../arm-none-eabi/lib/thumb/v7e-m+fp/hard\libc_nano.a(lib_a-fflush.o)
 .debug_frame   0x00000ecc       0x2c c:/st/gnu tools arm embedded/8 2019-q3-update/bin/../lib/gcc/arm-none-eabi/8.3.1/../../../../arm-none-eabi/lib/thumb/v7e-m+fp/hard\libc_nano.a(lib_a-lseekr.o)
 .debug_frame   0x00000ef8       0x58 c:/st/gnu tools arm embedded/8 2019-q3-update/bin/../lib/gcc/arm-none-eabi/8.3.1/../../../../arm-none-eabi/lib/thumb/v7e-m+fp/hard\libc_nano.a(lib_a-makebuf.o)
 .debug_frame   0x00000f50       0x30 c:/st/gnu tools arm embedded/8 2019-q3-update/bin/../lib/gcc/arm-none-eabi/8.3.1/../../../../arm-none-eabi/lib/thumb/v7e-m+fp/hard\libc_nano.a(lib_a-mlock.o)
 .debug_frame   0x00000f80       0x38 c:/st/gnu tools arm embedded/8 2019-q3-update/bin/../lib/gcc/arm-none-eabi/8.3.1/../../../../arm-none-eabi/lib/thumb/v7e-m+fp/hard\libc_nano.a(lib_a-nano-freer.o)
 .debug_frame   0x00000fb8       0x2c c:/st/gnu tools arm embedded/8 2019-q3-update/bin/../lib/gcc/arm-none-eabi/8.3.1/../../../../arm-none-eabi/lib/thumb/v7e-m+fp/hard\libc_nano.a(lib_a-readr.o)
 .debug_frame   0x00000fe4       0x5c c:/st/gnu tools arm embedded/8 2019-q3-update/bin/../lib/gcc/arm-none-eabi/8.3.1/../../../../arm-none-eabi/lib/thumb/v7e-m+fp/hard\libc_nano.a(lib_a-reent.o)
 .debug_frame   0x00001040       0x2c c:/st/gnu tools arm embedded/8 2019-q3-update/bin/../lib/gcc/arm-none-eabi/8.3.1/../../../../arm-none-eabi/lib/thumb/v7e-m+fp/hard\libc_nano.a(lib_a-fstatr.o)
 .debug_frame   0x0000106c       0x2c c:/st/gnu tools arm embedded/8 2019-q3-update/bin/../lib/gcc/arm-none-eabi/8.3.1/../../../../arm-none-eabi/lib/thumb/v7e-m+fp/hard\libc_nano.a(lib_a-isattyr.o)
 .debug_frame   0x00001098       0x20 c:/st/gnu tools arm embedded/8 2019-q3-update/bin/../lib/gcc/arm-none-eabi/8.3.1/../../../../arm-none-eabi/lib/thumb/v7e-m+fp/hard\libnosys.a(close.o)
 .debug_frame   0x000010b8       0x20 c:/st/gnu tools arm embedded/8 2019-q3-update/bin/../lib/gcc/arm-none-eabi/8.3.1/../../../../arm-none-eabi/lib/thumb/v7e-m+fp/hard\libnosys.a(fstat.o)
 .debug_frame   0x000010d8       0x20 c:/st/gnu tools arm embedded/8 2019-q3-update/bin/../lib/gcc/arm-none-eabi/8.3.1/../../../../arm-none-eabi/lib/thumb/v7e-m+fp/hard\libnosys.a(isatty.o)
 .debug_frame   0x000010f8       0x20 c:/st/gnu tools arm embedded/8 2019-q3-update/bin/../lib/gcc/arm-none-eabi/8.3.1/../../../../arm-none-eabi/lib/thumb/v7e-m+fp/hard\libnosys.a(lseek.o)
 .debug_frame   0x00001118       0x20 c:/st/gnu tools arm embedded/8 2019-q3-update/bin/../lib/gcc/arm-none-eabi/8.3.1/../../../../arm-none-eabi/lib/thumb/v7e-m+fp/hard\libnosys.a(sbrk.o)
 .debug_frame   0x00001138       0x20 c:/st/gnu tools arm embedded/8 2019-q3-update/bin/../lib/gcc/arm-none-eabi/8.3.1/../../../../arm-none-eabi/lib/thumb/v7e-m+fp/hard\libnosys.a(_exit.o)

.stab           0x00000000       0x6c
 .stab          0x00000000       0x24 c:/st/gnu tools arm embedded/8 2019-q3-update/bin/../lib/gcc/arm-none-eabi/8.3.1/../../../../arm-none-eabi/lib/thumb/v7e-m+fp/hard\libnosys.a(close.o)
 .stab          0x00000024       0x18 c:/st/gnu tools arm embedded/8 2019-q3-update/bin/../lib/gcc/arm-none-eabi/8.3.1/../../../../arm-none-eabi/lib/thumb/v7e-m+fp/hard\libnosys.a(fstat.o)
                                 0x24 (size before relaxing)
 .stab          0x0000003c       0x18 c:/st/gnu tools arm embedded/8 2019-q3-update/bin/../lib/gcc/arm-none-eabi/8.3.1/../../../../arm-none-eabi/lib/thumb/v7e-m+fp/hard\libnosys.a(isatty.o)
                                 0x24 (size before relaxing)
 .stab          0x00000054       0x18 c:/st/gnu tools arm embedded/8 2019-q3-update/bin/../lib/gcc/arm-none-eabi/8.3.1/../../../../arm-none-eabi/lib/thumb/v7e-m+fp/hard\libnosys.a(lseek.o)
                                 0x24 (size before relaxing)

.stabstr        0x00000000       0xe3
 .stabstr       0x00000000       0xe3 c:/st/gnu tools arm embedded/8 2019-q3-update/bin/../lib/gcc/arm-none-eabi/8.3.1/../../../../arm-none-eabi/lib/thumb/v7e-m+fp/hard\libnosys.a(close.o)
